******************************************************************************
                  TI ARM Linker Unix v20.2.0                   
******************************************************************************
>> Linked Fri May 29 09:17:24 2020

OUTPUT FILE NAME:   <Oszilloscope_project.out>
ENTRY POINT SYMBOL: "_c_int00_noargs"  address: 00003e11


MEMORY CONFIGURATION

         name            origin    length      used     unused   attr    fill
----------------------  --------  ---------  --------  --------  ----  --------
  FLASH                 00000000   00040000  0000492f  0003b6d1  R  X
  SRAM                  20000000   00008000  00000cdb  00007325  RW X


SEGMENT ALLOCATION MAP

run origin  load origin   length   init length attrs members
----------  ----------- ---------- ----------- ----- -------
00000000    00000000    00004938   00004938    r-x
  00000000    00000000    0000026c   0000026c    r-- .intvecs
  0000026c    0000026c    00003cee   00003cee    r-x .text
  00003f60    00003f60    00000985   00000985    r-- .const
  000048e8    000048e8    00000050   00000050    r-- .cinit
20000000    20000000    00000cdc   00000000    rw-
  20000000    20000000    00000800   00000000    rw- .stack
  20000800    20000800    000004b7   00000000    rw- .data
  20000cb8    20000cb8    00000024   00000000    rw- .bss


SECTION ALLOCATION MAP

 output                                  attributes/
section   page    origin      length       input sections
--------  ----  ----------  ----------   ----------------
.intvecs   0    00000000    0000026c     
                  00000000    0000026c     tm4c123gh6pm_startup_ccs.obj (.intvecs)

.text      0    0000026c    00003cee     
                  0000026c    000013e4     ST7735.obj (.text)
                  00001650    000009c0     rtsv7M4_T_le_v4SPD16_eabi.lib : e_pow.c.obj (.text:pow)
                  00002010    00000638     display.obj (.text)
                  00002648    00000268     adc.obj (.text)
                  000028b0    00000218     uart.obj (.text)
                  00002ac8    000001b6     rtsv7M4_T_le_v4SPD16_eabi.lib : fd_add_t2.asm.obj (.text)
                  00002c7e    00000002                                   : _lock.c.obj (.text:_nop)
                  00002c80    0000018c     helper_fkt.obj (.text)
                  00002e0c    0000017c     main.obj (.text)
                  00002f88    00000158     rtsv7M4_T_le_v4SPD16_eabi.lib : e_sqrt.c.obj (.text:sqrt)
                  000030e0    00000136                                   : fd_div_t2.asm.obj (.text)
                  00003216    00000002     --HOLE-- [fill = 0]
                  00003218    00000110     driverlib.lib : sysctl.obj (.text:SysCtlClockGet)
                  00003328    00000110     rtsv7M4_T_le_v4SPD16_eabi.lib : s_scalbn.c.obj (.text:scalbn)
                  00003438    000000fc                                   : fd_mul_t2.asm.obj (.text)
                  00003534    000000f8                                   : s_floor.c.obj (.text:floor)
                  0000362c    000000e4     fifo.obj (.text)
                  00003710    000000dc     timer.obj (.text)
                  000037ec    000000c0     rtsv7M4_T_le_v4SPD16_eabi.lib : s_round.c.obj (.text:round)
                  000038ac    0000009c                                   : memcpy_t2.asm.obj (.text)
                  00003948    00000086                                   : fd_cmp_t2.asm.obj (.text:__aeabi_cdcmple)
                  000039ce    00000086                                   : fd_cmp_t2.asm.obj (.text:__aeabi_cdrcmple)
                  00003a54    0000007a                                   : memset_t2.asm.obj (.text)
                  00003ace    00000002     --HOLE-- [fill = 0]
                  00003ad0    0000006e                                   : ltoa.c.obj (.text:ltoa)
                  00003b3e    0000006e                                   : fd_tos_t2.asm.obj (.text)
                  00003bac    00000068     driverlib.lib : interrupt.obj (.text:IntEnable)
                  00003c14    00000068     rtsv7M4_T_le_v4SPD16_eabi.lib : copy_decompress_lzss.c.obj (.text:decompress:lzss:__TI_decompress_lzss)
                  00003c7c    0000004c                                   : s_lround.c.obj (.text:lround)
                  00003cc8    00000048     driverlib.lib : gpio.obj (.text:GPIOPinConfigure)
                  00003d10    00000048     rtsv7M4_T_le_v4SPD16_eabi.lib : fd_toi_t2.asm.obj (.text)
                  00003d58    00000044                                   : autoinit.c.obj (.text:__TI_auto_init_nobinit_nopinit:__TI_auto_init_nobinit_nopinit)
                  00003d9c    0000003c                                   : signal.c.obj (.text:signal)
                  00003dd8    00000038                                   : fs_tod_t2.asm.obj (.text)
                  00003e10    00000034                                   : boot_cortex_m.c.obj (.text:_c_int00_noargs:_c_int00_noargs)
                  00003e44    0000002e                                   : signal.c.obj (.text:raise)
                  00003e72    0000002e                                   : i_tofd_t2.asm.obj (.text)
                  00003ea0    00000020                                   : u_tofd_t2.asm.obj (.text)
                  00003ec0    0000001c                                   : copy_zero_init.c.obj (.text:decompress:ZI:__TI_zero_init_nomemset:__TI_zero_init_nomemset)
                  00003edc    0000001a                                   : s_copysign.c.obj (.text:copysign)
                  00003ef6    00000010     driverlib.lib : interrupt.obj (.text:IntMasterEnable)
                  00003f06    0000000e     rtsv7M4_T_le_v4SPD16_eabi.lib : copy_decompress_none.c.obj (.text:decompress:none:__TI_decompress_none)
                  00003f14    0000000c     driverlib.lib : cpu.obj (.text:CPUcpsie)
                  00003f20    0000000c     tm4c123gh6pm_startup_ccs.obj (.text)
                  00003f2c    0000000a     driverlib.lib : adc.obj (.text:ADCIntClear)
                  00003f36    00000002     --HOLE-- [fill = 0]
                  00003f38    00000008     rtsv7M4_T_le_v4SPD16_eabi.lib : errno.c.obj (.text:__aeabi_errno_addr)
                  00003f40    00000006     driverlib.lib : gpio.obj (.text:GPIOPinWrite)
                  00003f46    00000006                   : sysctl.obj (.text:SysCtlDelay)
                  00003f4c    00000006     rtsv7M4_T_le_v4SPD16_eabi.lib : ti_fenv.c.obj (.text:__softfloat_float_raise)
                  00003f52    00000004                                   : pre_init.c.obj (.text:_system_pre_init)
                  00003f56    00000004                                   : exit.c.obj (.text:abort:abort)

.const     0    00003f60    00000985     
                  00003f60    000004fb     ST7735.obj (.const:.string:Font)
                  0000445b    00000200     ST7735.obj (.const:.string:dBfs)
                  0000465b    00000001     --HOLE-- [fill = 0]
                  0000465c    00000090     driverlib.lib : gpio.obj (.const:g_pui32GPIOBaseAddrs)
                  000046ec    00000070                   : interrupt.obj (.const)
                  0000475c    0000006c                   : sysctl.obj (.const:g_pui32Xtals)
                  000047c8    00000067     ST7735.obj (.const:.string:Bcmd)
                  0000482f    0000003b     ST7735.obj (.const:.string:Rcmd1)
                  0000486a    00000006     --HOLE-- [fill = 0]
                  00004870    00000030     rtsv7M4_T_le_v4SPD16_eabi.lib : e_pow.c.obj (.const:$O1$$)
                  000048a0    0000002b     ST7735.obj (.const:.string:Rcmd3)
                  000048cb    0000000d     ST7735.obj (.const:.string:Rcmd2green)
                  000048d8    0000000d     ST7735.obj (.const:.string:Rcmd2red)

.cinit     0    000048e8    00000050     
                  000048e8    00000029     (.cinit..data.load) [load image, compression = lzss]
                  00004911    00000003     --HOLE-- [fill = 0]
                  00004914    0000000c     (__TI_handler_table)
                  00004920    00000008     (.cinit..bss.load) [load image, compression = zero_init]
                  00004928    00000010     (__TI_cinit_table)

.init_array 
*          0    00000000    00000000     UNINITIALIZED

.data      0    20000800    000004b7     UNINITIALIZED
                  20000800    00000204     main.obj (.data:postBuffer)
                  20000a04    00000204     main.obj (.data:preBuffer)
                  20000c08    00000080     rtsv7M4_T_le_v4SPD16_eabi.lib : signal.c.obj (.data:sigTable)
                  20000c88    00000014     ST7735.obj (.data)
                  20000c9c    0000000c     main.obj (.data)
                  20000ca8    00000008     rtsv7M4_T_le_v4SPD16_eabi.lib : _lock.c.obj (.data:$O1$$)
                  20000cb0    00000004                                   : errno.c.obj (.data)
                  20000cb4    00000002     display.obj (.data)
                  20000cb6    00000001     adc.obj (.data)

.bss       0    20000cb8    00000024     UNINITIALIZED
                  20000cb8    0000000c     (.common:Message)
                  20000cc4    00000004     ST7735.obj (.bss)
                  20000cc8    00000004     (.common:Messageindex)
                  20000ccc    00000004     (.common:X)
                  20000cd0    00000004     (.common:Ymax)
                  20000cd4    00000004     (.common:Ymin)
                  20000cd8    00000004     (.common:Yrange)

.stack     0    20000000    00000800     UNINITIALIZED
                  20000000    00000004     rtsv7M4_T_le_v4SPD16_eabi.lib : boot_cortex_m.c.obj (.stack)
                  20000004    000007fc     --HOLE--

__llvm_prf_cnts 
*          0    20000000    00000000     UNINITIALIZED

MODULE SUMMARY

       Module                         code    ro data   rw data
       ------                         ----    -------   -------
    ./Source/
       ST7735.obj                     5092    2018      56     
       display.obj                    1592    0         2      
       main.obj                       380     0         1044   
       tm4c123gh6pm_startup_ccs.obj   12      620       0      
       adc.obj                        616     0         1      
       uart.obj                       536     0         0      
       helper_fkt.obj                 396     0         0      
       fifo.obj                       228     0         0      
       timer.obj                      220     0         0      
    +--+------------------------------+-------+---------+---------+
       Total:                         9072    2638      1103   
                                                               
    /home/h2l/Downloads/ccstudio/src/installdir/opt/ccstudio/ccs/tools/compiler/ti-cgt-arm_20.2.0.LTS/lib/rtsv7M4_T_le_v4SPD16_eabi.lib
       e_pow.c.obj                    2496    48        0      
       fd_add_t2.asm.obj              438     0         0      
       e_sqrt.c.obj                   344     0         0      
       fd_div_t2.asm.obj              310     0         0      
       s_scalbn.c.obj                 272     0         0      
       fd_cmp_t2.asm.obj              268     0         0      
       fd_mul_t2.asm.obj              252     0         0      
       s_floor.c.obj                  248     0         0      
       signal.c.obj                   106     0         128    
       s_round.c.obj                  192     0         0      
       memcpy_t2.asm.obj              156     0         0      
       memset_t2.asm.obj              122     0         0      
       fd_tos_t2.asm.obj              110     0         0      
       ltoa.c.obj                     110     0         0      
       copy_decompress_lzss.c.obj     104     0         0      
       s_lround.c.obj                 76      0         0      
       fd_toi_t2.asm.obj              72      0         0      
       autoinit.c.obj                 68      0         0      
       fs_tod_t2.asm.obj              56      0         0      
       boot_cortex_m.c.obj            52      0         0      
       i_tofd_t2.asm.obj              46      0         0      
       u_tofd_t2.asm.obj              32      0         0      
       copy_zero_init.c.obj           28      0         0      
       s_copysign.c.obj               26      0         0      
       copy_decompress_none.c.obj     14      0         0      
       errno.c.obj                    8       0         4      
       _lock.c.obj                    2       0         8      
       ti_fenv.c.obj                  6       0         0      
       exit.c.obj                     4       0         0      
       pre_init.c.obj                 4       0         0      
    +--+------------------------------+-------+---------+---------+
       Total:                         6022    48        140    
                                                               
    /opt/tivaware/driverlib/ccs/Debug/driverlib.lib
       sysctl.obj                     278     108       0      
       interrupt.obj                  120     112       0      
       gpio.obj                       78      144       0      
       cpu.obj                        12      0         0      
       adc.obj                        10      0         0      
    +--+------------------------------+-------+---------+---------+
       Total:                         498     364       0      
                                                               
       Stack:                         0       0         2048   
       Linker Generated:              0       77        0      
    +--+------------------------------+-------+---------+---------+
       Grand Total:                   15592   3127      3291   


LINKER GENERATED COPY TABLES

__TI_cinit_table @ 00004928 records: 2, size/record: 8, table size: 16
	.data: load addr=000048e8, load size=00000029 bytes, run addr=20000800, run size=000004b7 bytes, compression=lzss
	.bss: load addr=00004920, load size=00000008 bytes, run addr=20000cb8, run size=00000024 bytes, compression=zero_init


LINKER GENERATED HANDLER TABLE

__TI_handler_table @ 00004914 records: 3, size/record: 4, table size: 12
	index: 0, handler: __TI_decompress_lzss
	index: 1, handler: __TI_decompress_none
	index: 2, handler: __TI_zero_init


GLOBAL SYMBOLS: SORTED ALPHABETICALLY BY Name 

address   name                          
-------   ----                          
000026fd  ADC0IntHandler                
00003f2d  ADCIntClear                   
0000362d  BufferIn                      
000036cf  BufferOut                     
00003677  BufferOverwriteIn             
00003f57  C$$EXIT                       
00003f15  CPUcpsie                      
000002b9  Delay1ms                      
00003cc9  GPIOPinConfigure              
00003f41  GPIOPinWrite                  
00003bad  IntEnable                     
00003ef7  IntMasterEnable               
20000cb8  Message                       
20000cc8  Messageindex                  
000015eb  Output_Clear                  
00001605  Output_Color                  
000015db  Output_Init                   
000015f5  Output_Off                    
000015fd  Output_On                     
00003f21  ResetISR                      
00000945  ST7735_Color565               
000009a7  ST7735_DrawBitmap             
00000d19  ST7735_DrawChar               
00000ba5  ST7735_DrawCharS              
00000749  ST7735_DrawFastHLine          
0000066d  ST7735_DrawFastVLine          
000005fb  ST7735_DrawPixel              
00000e87  ST7735_DrawString             
00000839  ST7735_FillRect               
000007f3  ST7735_FillScreen             
000004cd  ST7735_InitB                  
000004ed  ST7735_InitR                  
00001095  ST7735_InvertDisplay          
000014c1  ST7735_OutChar                
0000157d  ST7735_OutString              
00000f4f  ST7735_OutUDec                
000013cd  ST7735_PlotBar                
000010ad  ST7735_PlotClear              
000011cd  ST7735_PlotLine               
0000146d  ST7735_PlotNext               
00001487  ST7735_PlotNextErase          
00001109  ST7735_PlotPoint              
000012fb  ST7735_PlotPoints             
00001423  ST7735_PlotdBfs               
000004a7  ST7735_SetCursor              
00000fc3  ST7735_SetRotation            
0000159b  ST7735_SetTextColor           
00000981  ST7735_SwapColor              
20000c90  StTextColor                   
20000c88  StX                           
20000c8c  StY                           
00003219  SysCtlClockGet                
00003f47  SysCtlDelay                   
00002a83  UART0RXIntHandler             
20000ccc  X                             
20000cd0  Ymax                          
20000cd4  Ymin                          
20000cd8  Yrange                        
20000800  __STACK_END                   
00000800  __STACK_SIZE                  
20000200  __STACK_TOP                   
00004928  __TI_CINIT_Base               
00004938  __TI_CINIT_Limit              
00004914  __TI_Handler_Table_Base       
00004920  __TI_Handler_Table_Limit      
00003d59  __TI_auto_init_nobinit_nopinit
00003c15  __TI_decompress_lzss          
00003f07  __TI_decompress_none          
ffffffff  __TI_pprof_out_hndl           
ffffffff  __TI_prof_data_size           
ffffffff  __TI_prof_data_start          
00000000  __TI_static_base__            
00003ec1  __TI_zero_init_nomemset       
00003949  __aeabi_cdcmpeq               
00003949  __aeabi_cdcmple               
000039cf  __aeabi_cdrcmple              
00003b3f  __aeabi_d2f                   
00003d11  __aeabi_d2iz                  
00002ad3  __aeabi_dadd                  
000030e1  __aeabi_ddiv                  
00003439  __aeabi_dmul                  
00002ac9  __aeabi_dsub                  
00003f39  __aeabi_errno_addr            
00003dd9  __aeabi_f2d                   
00003e73  __aeabi_i2d                   
00003a55  __aeabi_memclr                
00003a55  __aeabi_memclr4               
00003a55  __aeabi_memclr8               
000038ad  __aeabi_memcpy                
000038ad  __aeabi_memcpy4               
000038ad  __aeabi_memcpy8               
00003a57  __aeabi_memset                
00003a57  __aeabi_memset4               
00003a57  __aeabi_memset8               
00003ea1  __aeabi_ui2d                  
ffffffff  __binit__                     
ffffffff  __c_args__                    
UNDEFED   __mpu_init                    
00003f4d  __softfloat_float_raise       
20000000  __stack                       
20000000  __start___llvm_prf_cnts       
20000000  __stop___llvm_prf_cnts        
00003e11  _c_int00_noargs               
20000ca8  _lock                         
00002c7f  _nop                          
UNDEFED   _system_post_cinit            
00003f53  _system_pre_init              
20000cac  _unlock                       
00003f57  abort                         
00002649  adc_init                      
ffffffff  binit                         
00003edd  copysign                      
00003edd  copysignl                     
0000445b  dBfs                          
000021a9  display_chart                 
0000257d  display_draw_grid             
00002011  display_frame                 
20000ca6  display_method                
00002431  display_update_frame          
20000cb0  errno                         
000015cd  ferror                        
000015c1  fgetc                         
00000f0d  fillmessage                   
00003535  floor                         
00003535  floorl                        
000015af  fputc                         
00002d3b  ftoa                          
00000000  g_pfnVectors                  
00002cd1  intToStr                      
20000ca7  interpolationmethod           
20000c98  lastj                         
00003329  ldexp                         
00003329  ldexpl                        
00003c7d  lround                        
00003ad1  ltoa                          
00002e0d  main                          
000038ad  memcpy                        
00003a5d  memset                        
20000cb5  plot_height                   
20000cb4  plot_width                    
20000800  postBuffer                    
00001651  pow                           
00001651  powl                          
20000a04  preBuffer                     
20000ca0  prebuffer_filling             
00003e45  raise                         
00002c81  reverse                       
000037ed  round                         
000037ed  roundl                        
20000ca4  samples_per_division          
00003329  scalbn                        
00003329  scalbnl                       
00003d9d  signal                        
00002f89  sqrt                          
00002f89  sqrtl                         
00002ddb  strcpy                        
000037a7  timer_activate                
000037c5  timer_deactivate              
00003711  timer_init                    
0000377d  timer_set_frequency           
20000c9e  trigger_edge                  
20000ca2  trigger_frequency             
20000c9d  trigger_voltage               
20000c9c  triggerstatus                 
000028b1  uart_init                     
0000296d  uart_put_c                    
00002a43  uart_put_float                
000029d5  uart_put_int                  
0000299d  uart_put_s                    
00002a15  uart_put_uint                 
0000294d  uart_set_baud                 


GLOBAL SYMBOLS: SORTED BY Symbol Address 

address   name                          
-------   ----                          
00000000  __TI_static_base__            
00000000  g_pfnVectors                  
000002b9  Delay1ms                      
000004a7  ST7735_SetCursor              
000004cd  ST7735_InitB                  
000004ed  ST7735_InitR                  
000005fb  ST7735_DrawPixel              
0000066d  ST7735_DrawFastVLine          
00000749  ST7735_DrawFastHLine          
000007f3  ST7735_FillScreen             
00000800  __STACK_SIZE                  
00000839  ST7735_FillRect               
00000945  ST7735_Color565               
00000981  ST7735_SwapColor              
000009a7  ST7735_DrawBitmap             
00000ba5  ST7735_DrawCharS              
00000d19  ST7735_DrawChar               
00000e87  ST7735_DrawString             
00000f0d  fillmessage                   
00000f4f  ST7735_OutUDec                
00000fc3  ST7735_SetRotation            
00001095  ST7735_InvertDisplay          
000010ad  ST7735_PlotClear              
00001109  ST7735_PlotPoint              
000011cd  ST7735_PlotLine               
000012fb  ST7735_PlotPoints             
000013cd  ST7735_PlotBar                
00001423  ST7735_PlotdBfs               
0000146d  ST7735_PlotNext               
00001487  ST7735_PlotNextErase          
000014c1  ST7735_OutChar                
0000157d  ST7735_OutString              
0000159b  ST7735_SetTextColor           
000015af  fputc                         
000015c1  fgetc                         
000015cd  ferror                        
000015db  Output_Init                   
000015eb  Output_Clear                  
000015f5  Output_Off                    
000015fd  Output_On                     
00001605  Output_Color                  
00001651  pow                           
00001651  powl                          
00002011  display_frame                 
000021a9  display_chart                 
00002431  display_update_frame          
0000257d  display_draw_grid             
00002649  adc_init                      
000026fd  ADC0IntHandler                
000028b1  uart_init                     
0000294d  uart_set_baud                 
0000296d  uart_put_c                    
0000299d  uart_put_s                    
000029d5  uart_put_int                  
00002a15  uart_put_uint                 
00002a43  uart_put_float                
00002a83  UART0RXIntHandler             
00002ac9  __aeabi_dsub                  
00002ad3  __aeabi_dadd                  
00002c7f  _nop                          
00002c81  reverse                       
00002cd1  intToStr                      
00002d3b  ftoa                          
00002ddb  strcpy                        
00002e0d  main                          
00002f89  sqrt                          
00002f89  sqrtl                         
000030e1  __aeabi_ddiv                  
00003219  SysCtlClockGet                
00003329  ldexp                         
00003329  ldexpl                        
00003329  scalbn                        
00003329  scalbnl                       
00003439  __aeabi_dmul                  
00003535  floor                         
00003535  floorl                        
0000362d  BufferIn                      
00003677  BufferOverwriteIn             
000036cf  BufferOut                     
00003711  timer_init                    
0000377d  timer_set_frequency           
000037a7  timer_activate                
000037c5  timer_deactivate              
000037ed  round                         
000037ed  roundl                        
000038ad  __aeabi_memcpy                
000038ad  __aeabi_memcpy4               
000038ad  __aeabi_memcpy8               
000038ad  memcpy                        
00003949  __aeabi_cdcmpeq               
00003949  __aeabi_cdcmple               
000039cf  __aeabi_cdrcmple              
00003a55  __aeabi_memclr                
00003a55  __aeabi_memclr4               
00003a55  __aeabi_memclr8               
00003a57  __aeabi_memset                
00003a57  __aeabi_memset4               
00003a57  __aeabi_memset8               
00003a5d  memset                        
00003ad1  ltoa                          
00003b3f  __aeabi_d2f                   
00003bad  IntEnable                     
00003c15  __TI_decompress_lzss          
00003c7d  lround                        
00003cc9  GPIOPinConfigure              
00003d11  __aeabi_d2iz                  
00003d59  __TI_auto_init_nobinit_nopinit
00003d9d  signal                        
00003dd9  __aeabi_f2d                   
00003e11  _c_int00_noargs               
00003e45  raise                         
00003e73  __aeabi_i2d                   
00003ea1  __aeabi_ui2d                  
00003ec1  __TI_zero_init_nomemset       
00003edd  copysign                      
00003edd  copysignl                     
00003ef7  IntMasterEnable               
00003f07  __TI_decompress_none          
00003f15  CPUcpsie                      
00003f21  ResetISR                      
00003f2d  ADCIntClear                   
00003f39  __aeabi_errno_addr            
00003f41  GPIOPinWrite                  
00003f47  SysCtlDelay                   
00003f4d  __softfloat_float_raise       
00003f53  _system_pre_init              
00003f57  C$$EXIT                       
00003f57  abort                         
0000445b  dBfs                          
00004914  __TI_Handler_Table_Base       
00004920  __TI_Handler_Table_Limit      
00004928  __TI_CINIT_Base               
00004938  __TI_CINIT_Limit              
20000000  __stack                       
20000000  __start___llvm_prf_cnts       
20000000  __stop___llvm_prf_cnts        
20000200  __STACK_TOP                   
20000800  __STACK_END                   
20000800  postBuffer                    
20000a04  preBuffer                     
20000c88  StX                           
20000c8c  StY                           
20000c90  StTextColor                   
20000c98  lastj                         
20000c9c  triggerstatus                 
20000c9d  trigger_voltage               
20000c9e  trigger_edge                  
20000ca0  prebuffer_filling             
20000ca2  trigger_frequency             
20000ca4  samples_per_division          
20000ca6  display_method                
20000ca7  interpolationmethod           
20000ca8  _lock                         
20000cac  _unlock                       
20000cb0  errno                         
20000cb4  plot_width                    
20000cb5  plot_height                   
20000cb8  Message                       
20000cc8  Messageindex                  
20000ccc  X                             
20000cd0  Ymax                          
20000cd4  Ymin                          
20000cd8  Yrange                        
ffffffff  __TI_pprof_out_hndl           
ffffffff  __TI_prof_data_size           
ffffffff  __TI_prof_data_start          
ffffffff  __binit__                     
ffffffff  __c_args__                    
ffffffff  binit                         
UNDEFED   __mpu_init                    
UNDEFED   _system_post_cinit            

[171 symbols]
