<?xml version="1.0" encoding="ISO-8859-1" ?>
<link_info>
   <banner>TI ARM Linker Unix v20.2.0.LTS</banner>
   <copyright>Copyright (c) 1996-2018 Texas Instruments Incorporated</copyright>
   <link_time>0x5f18c433</link_time>
   <link_errors>0x0</link_errors>
   <output_file>Oszilloscope_project.out</output_file>
   <entry_point>
      <name>_c_int00_noargs</name>
      <address>0x5265</address>
   </entry_point>
   <input_file_list>
      <input_file id="fl-1">
         <path>./Source/</path>
         <kind>object</kind>
         <file>ST7735.obj</file>
         <name>ST7735.obj</name>
      </input_file>
      <input_file id="fl-2">
         <path>./Source/</path>
         <kind>object</kind>
         <file>adc.obj</file>
         <name>adc.obj</name>
      </input_file>
      <input_file id="fl-3">
         <path>./Source/</path>
         <kind>object</kind>
         <file>display.obj</file>
         <name>display.obj</name>
      </input_file>
      <input_file id="fl-4">
         <path>./Source/</path>
         <kind>object</kind>
         <file>dsp.obj</file>
         <name>dsp.obj</name>
      </input_file>
      <input_file id="fl-5">
         <path>./Source/</path>
         <kind>object</kind>
         <file>fifo.obj</file>
         <name>fifo.obj</name>
      </input_file>
      <input_file id="fl-6">
         <path>./Source/</path>
         <kind>object</kind>
         <file>helper_fkt.obj</file>
         <name>helper_fkt.obj</name>
      </input_file>
      <input_file id="fl-7">
         <path>./Source/</path>
         <kind>object</kind>
         <file>main.obj</file>
         <name>main.obj</name>
      </input_file>
      <input_file id="fl-8">
         <path>./Source/</path>
         <kind>object</kind>
         <file>timer.obj</file>
         <name>timer.obj</name>
      </input_file>
      <input_file id="fl-9">
         <path>./Source/</path>
         <kind>object</kind>
         <file>tm4c123gh6pm_startup_ccs.obj</file>
         <name>tm4c123gh6pm_startup_ccs.obj</name>
      </input_file>
      <input_file id="fl-a">
         <path>./Source/</path>
         <kind>object</kind>
         <file>uart.obj</file>
         <name>uart.obj</name>
      </input_file>
      <input_file id="fl-b">
         <path>./Source/</path>
         <kind>object</kind>
         <file>ui.obj</file>
         <name>ui.obj</name>
      </input_file>
      <input_file id="fl-10">
         <kind>object</kind>
         <file>&lt;internal&gt;</file>
         <name>&lt;internal&gt;</name>
      </input_file>
      <input_file id="fl-11">
         <path>/opt/tivaware/driverlib/ccs/Debug/</path>
         <kind>archive</kind>
         <file>driverlib.lib</file>
         <name>adc.obj</name>
      </input_file>
      <input_file id="fl-12">
         <path>/opt/tivaware/driverlib/ccs/Debug/</path>
         <kind>archive</kind>
         <file>driverlib.lib</file>
         <name>gpio.obj</name>
      </input_file>
      <input_file id="fl-13">
         <path>/opt/tivaware/driverlib/ccs/Debug/</path>
         <kind>archive</kind>
         <file>driverlib.lib</file>
         <name>interrupt.obj</name>
      </input_file>
      <input_file id="fl-14">
         <path>/opt/tivaware/driverlib/ccs/Debug/</path>
         <kind>archive</kind>
         <file>driverlib.lib</file>
         <name>sysctl.obj</name>
      </input_file>
      <input_file id="fl-15">
         <path>/opt/tivaware/driverlib/ccs/Debug/</path>
         <kind>archive</kind>
         <file>driverlib.lib</file>
         <name>systick.obj</name>
      </input_file>
      <input_file id="fl-16">
         <path>/opt/tivaware/driverlib/ccs/Debug/</path>
         <kind>archive</kind>
         <file>driverlib.lib</file>
         <name>udma.obj</name>
      </input_file>
      <input_file id="fl-17">
         <path>/opt/tivaware/driverlib/ccs/Debug/</path>
         <kind>archive</kind>
         <file>driverlib.lib</file>
         <name>cpu.obj</name>
      </input_file>
      <input_file id="fl-cd">
         <path>/home/h2l/Downloads/ccstudio/src/installdir/opt/ccstudio/ccs/tools/compiler/ti-cgt-arm_20.2.0.LTS/lib/</path>
         <kind>archive</kind>
         <file>rtsv7M4_T_le_v4SPD16_eabi.lib</file>
         <name>e_pow.c.obj</name>
      </input_file>
      <input_file id="fl-ce">
         <path>/home/h2l/Downloads/ccstudio/src/installdir/opt/ccstudio/ccs/tools/compiler/ti-cgt-arm_20.2.0.LTS/lib/</path>
         <kind>archive</kind>
         <file>rtsv7M4_T_le_v4SPD16_eabi.lib</file>
         <name>e_sqrt.c.obj</name>
      </input_file>
      <input_file id="fl-cf">
         <path>/home/h2l/Downloads/ccstudio/src/installdir/opt/ccstudio/ccs/tools/compiler/ti-cgt-arm_20.2.0.LTS/lib/</path>
         <kind>archive</kind>
         <file>rtsv7M4_T_le_v4SPD16_eabi.lib</file>
         <name>s_scalbn.c.obj</name>
      </input_file>
      <input_file id="fl-d0">
         <path>/home/h2l/Downloads/ccstudio/src/installdir/opt/ccstudio/ccs/tools/compiler/ti-cgt-arm_20.2.0.LTS/lib/</path>
         <kind>archive</kind>
         <file>rtsv7M4_T_le_v4SPD16_eabi.lib</file>
         <name>s_copysign.c.obj</name>
      </input_file>
      <input_file id="fl-d1">
         <path>/home/h2l/Downloads/ccstudio/src/installdir/opt/ccstudio/ccs/tools/compiler/ti-cgt-arm_20.2.0.LTS/lib/</path>
         <kind>archive</kind>
         <file>rtsv7M4_T_le_v4SPD16_eabi.lib</file>
         <name>s_lround.c.obj</name>
      </input_file>
      <input_file id="fl-d2">
         <path>/home/h2l/Downloads/ccstudio/src/installdir/opt/ccstudio/ccs/tools/compiler/ti-cgt-arm_20.2.0.LTS/lib/</path>
         <kind>archive</kind>
         <file>rtsv7M4_T_le_v4SPD16_eabi.lib</file>
         <name>fd_add_t2.asm.obj</name>
      </input_file>
      <input_file id="fl-d3">
         <path>/home/h2l/Downloads/ccstudio/src/installdir/opt/ccstudio/ccs/tools/compiler/ti-cgt-arm_20.2.0.LTS/lib/</path>
         <kind>archive</kind>
         <file>rtsv7M4_T_le_v4SPD16_eabi.lib</file>
         <name>fd_cmp_t2.asm.obj</name>
      </input_file>
      <input_file id="fl-d4">
         <path>/home/h2l/Downloads/ccstudio/src/installdir/opt/ccstudio/ccs/tools/compiler/ti-cgt-arm_20.2.0.LTS/lib/</path>
         <kind>archive</kind>
         <file>rtsv7M4_T_le_v4SPD16_eabi.lib</file>
         <name>fd_div_t2.asm.obj</name>
      </input_file>
      <input_file id="fl-d5">
         <path>/home/h2l/Downloads/ccstudio/src/installdir/opt/ccstudio/ccs/tools/compiler/ti-cgt-arm_20.2.0.LTS/lib/</path>
         <kind>archive</kind>
         <file>rtsv7M4_T_le_v4SPD16_eabi.lib</file>
         <name>fd_mul_t2.asm.obj</name>
      </input_file>
      <input_file id="fl-d6">
         <path>/home/h2l/Downloads/ccstudio/src/installdir/opt/ccstudio/ccs/tools/compiler/ti-cgt-arm_20.2.0.LTS/lib/</path>
         <kind>archive</kind>
         <file>rtsv7M4_T_le_v4SPD16_eabi.lib</file>
         <name>fd_toi_t2.asm.obj</name>
      </input_file>
      <input_file id="fl-d7">
         <path>/home/h2l/Downloads/ccstudio/src/installdir/opt/ccstudio/ccs/tools/compiler/ti-cgt-arm_20.2.0.LTS/lib/</path>
         <kind>archive</kind>
         <file>rtsv7M4_T_le_v4SPD16_eabi.lib</file>
         <name>fd_tos_t2.asm.obj</name>
      </input_file>
      <input_file id="fl-d8">
         <path>/home/h2l/Downloads/ccstudio/src/installdir/opt/ccstudio/ccs/tools/compiler/ti-cgt-arm_20.2.0.LTS/lib/</path>
         <kind>archive</kind>
         <file>rtsv7M4_T_le_v4SPD16_eabi.lib</file>
         <name>fs_tod_t2.asm.obj</name>
      </input_file>
      <input_file id="fl-d9">
         <path>/home/h2l/Downloads/ccstudio/src/installdir/opt/ccstudio/ccs/tools/compiler/ti-cgt-arm_20.2.0.LTS/lib/</path>
         <kind>archive</kind>
         <file>rtsv7M4_T_le_v4SPD16_eabi.lib</file>
         <name>i_tofd_t2.asm.obj</name>
      </input_file>
      <input_file id="fl-da">
         <path>/home/h2l/Downloads/ccstudio/src/installdir/opt/ccstudio/ccs/tools/compiler/ti-cgt-arm_20.2.0.LTS/lib/</path>
         <kind>archive</kind>
         <file>rtsv7M4_T_le_v4SPD16_eabi.lib</file>
         <name>u_tofd_t2.asm.obj</name>
      </input_file>
      <input_file id="fl-db">
         <path>/home/h2l/Downloads/ccstudio/src/installdir/opt/ccstudio/ccs/tools/compiler/ti-cgt-arm_20.2.0.LTS/lib/</path>
         <kind>archive</kind>
         <file>rtsv7M4_T_le_v4SPD16_eabi.lib</file>
         <name>memset_t2.asm.obj</name>
      </input_file>
      <input_file id="fl-dc">
         <path>/home/h2l/Downloads/ccstudio/src/installdir/opt/ccstudio/ccs/tools/compiler/ti-cgt-arm_20.2.0.LTS/lib/</path>
         <kind>archive</kind>
         <file>rtsv7M4_T_le_v4SPD16_eabi.lib</file>
         <name>copy_zero_init.c.obj</name>
      </input_file>
      <input_file id="fl-dd">
         <path>/home/h2l/Downloads/ccstudio/src/installdir/opt/ccstudio/ccs/tools/compiler/ti-cgt-arm_20.2.0.LTS/lib/</path>
         <kind>archive</kind>
         <file>rtsv7M4_T_le_v4SPD16_eabi.lib</file>
         <name>copy_decompress_none.c.obj</name>
      </input_file>
      <input_file id="fl-de">
         <path>/home/h2l/Downloads/ccstudio/src/installdir/opt/ccstudio/ccs/tools/compiler/ti-cgt-arm_20.2.0.LTS/lib/</path>
         <kind>archive</kind>
         <file>rtsv7M4_T_le_v4SPD16_eabi.lib</file>
         <name>copy_decompress_lzss.c.obj</name>
      </input_file>
      <input_file id="fl-df">
         <path>/home/h2l/Downloads/ccstudio/src/installdir/opt/ccstudio/ccs/tools/compiler/ti-cgt-arm_20.2.0.LTS/lib/</path>
         <kind>archive</kind>
         <file>rtsv7M4_T_le_v4SPD16_eabi.lib</file>
         <name>ltoa.c.obj</name>
      </input_file>
      <input_file id="fl-e0">
         <path>/home/h2l/Downloads/ccstudio/src/installdir/opt/ccstudio/ccs/tools/compiler/ti-cgt-arm_20.2.0.LTS/lib/</path>
         <kind>archive</kind>
         <file>rtsv7M4_T_le_v4SPD16_eabi.lib</file>
         <name>errno.c.obj</name>
      </input_file>
      <input_file id="fl-e1">
         <path>/home/h2l/Downloads/ccstudio/src/installdir/opt/ccstudio/ccs/tools/compiler/ti-cgt-arm_20.2.0.LTS/lib/</path>
         <kind>archive</kind>
         <file>rtsv7M4_T_le_v4SPD16_eabi.lib</file>
         <name>boot_cortex_m.c.obj</name>
      </input_file>
      <input_file id="fl-e2">
         <path>/home/h2l/Downloads/ccstudio/src/installdir/opt/ccstudio/ccs/tools/compiler/ti-cgt-arm_20.2.0.LTS/lib/</path>
         <kind>archive</kind>
         <file>rtsv7M4_T_le_v4SPD16_eabi.lib</file>
         <name>s_round.c.obj</name>
      </input_file>
      <input_file id="fl-e3">
         <path>/home/h2l/Downloads/ccstudio/src/installdir/opt/ccstudio/ccs/tools/compiler/ti-cgt-arm_20.2.0.LTS/lib/</path>
         <kind>archive</kind>
         <file>rtsv7M4_T_le_v4SPD16_eabi.lib</file>
         <name>ti_fenv.c.obj</name>
      </input_file>
      <input_file id="fl-e4">
         <path>/home/h2l/Downloads/ccstudio/src/installdir/opt/ccstudio/ccs/tools/compiler/ti-cgt-arm_20.2.0.LTS/lib/</path>
         <kind>archive</kind>
         <file>rtsv7M4_T_le_v4SPD16_eabi.lib</file>
         <name>memcpy_t2.asm.obj</name>
      </input_file>
      <input_file id="fl-e5">
         <path>/home/h2l/Downloads/ccstudio/src/installdir/opt/ccstudio/ccs/tools/compiler/ti-cgt-arm_20.2.0.LTS/lib/</path>
         <kind>archive</kind>
         <file>rtsv7M4_T_le_v4SPD16_eabi.lib</file>
         <name>autoinit.c.obj</name>
      </input_file>
      <input_file id="fl-e6">
         <path>/home/h2l/Downloads/ccstudio/src/installdir/opt/ccstudio/ccs/tools/compiler/ti-cgt-arm_20.2.0.LTS/lib/</path>
         <kind>archive</kind>
         <file>rtsv7M4_T_le_v4SPD16_eabi.lib</file>
         <name>pre_init.c.obj</name>
      </input_file>
      <input_file id="fl-e7">
         <path>/home/h2l/Downloads/ccstudio/src/installdir/opt/ccstudio/ccs/tools/compiler/ti-cgt-arm_20.2.0.LTS/lib/</path>
         <kind>archive</kind>
         <file>rtsv7M4_T_le_v4SPD16_eabi.lib</file>
         <name>cpy_tbl.c.obj</name>
      </input_file>
      <input_file id="fl-e8">
         <path>/home/h2l/Downloads/ccstudio/src/installdir/opt/ccstudio/ccs/tools/compiler/ti-cgt-arm_20.2.0.LTS/lib/</path>
         <kind>archive</kind>
         <file>rtsv7M4_T_le_v4SPD16_eabi.lib</file>
         <name>exit.c.obj</name>
      </input_file>
      <input_file id="fl-e9">
         <path>/home/h2l/Downloads/ccstudio/src/installdir/opt/ccstudio/ccs/tools/compiler/ti-cgt-arm_20.2.0.LTS/lib/</path>
         <kind>archive</kind>
         <file>rtsv7M4_T_le_v4SPD16_eabi.lib</file>
         <name>_lock.c.obj</name>
      </input_file>
      <input_file id="fl-ea">
         <path>/home/h2l/Downloads/ccstudio/src/installdir/opt/ccstudio/ccs/tools/compiler/ti-cgt-arm_20.2.0.LTS/lib/</path>
         <kind>archive</kind>
         <file>rtsv7M4_T_le_v4SPD16_eabi.lib</file>
         <name>args_main.c.obj</name>
      </input_file>
      <input_file id="fl-eb">
         <path>/home/h2l/Downloads/ccstudio/src/installdir/opt/ccstudio/ccs/tools/compiler/ti-cgt-arm_20.2.0.LTS/lib/</path>
         <kind>archive</kind>
         <file>rtsv7M4_T_le_v4SPD16_eabi.lib</file>
         <name>signal.c.obj</name>
      </input_file>
      <input_file id="fl-ec">
         <path>/home/h2l/Downloads/ccstudio/src/installdir/opt/ccstudio/ccs/tools/compiler/ti-cgt-arm_20.2.0.LTS/lib/</path>
         <kind>archive</kind>
         <file>rtsv7M4_T_le_v4SPD16_eabi.lib</file>
         <name>s_floor.c.obj</name>
      </input_file>
   </input_file_list>
   <object_component_list>
      <object_component id="oc-12">
         <name>.intvecs</name>
         <load_address>0x0</load_address>
         <run_address>0x0</run_address>
         <size>0x26c</size>
         <input_file_ref idref="fl-9"/>
      </object_component>
      <object_component id="oc-9f">
         <name>.text</name>
         <load_address>0x26c</load_address>
         <run_address>0x26c</run_address>
         <size>0x1450</size>
         <input_file_ref idref="fl-1"/>
      </object_component>
      <object_component id="oc-ab">
         <name>.text</name>
         <load_address>0x16bc</load_address>
         <run_address>0x16bc</run_address>
         <size>0x9d0</size>
         <input_file_ref idref="fl-3"/>
      </object_component>
      <object_component id="oc-31a">
         <name>.text:pow</name>
         <load_address>0x208c</load_address>
         <run_address>0x208c</run_address>
         <size>0x9c0</size>
         <input_file_ref idref="fl-cd"/>
      </object_component>
      <object_component id="oc-39">
         <name>.text</name>
         <load_address>0x2a4c</load_address>
         <run_address>0x2a4c</run_address>
         <size>0x6f0</size>
         <input_file_ref idref="fl-b"/>
      </object_component>
      <object_component id="oc-33">
         <name>.text</name>
         <load_address>0x313c</load_address>
         <run_address>0x313c</run_address>
         <size>0x5bc</size>
         <input_file_ref idref="fl-2"/>
      </object_component>
      <object_component id="oc-99">
         <name>.text</name>
         <load_address>0x36f8</load_address>
         <run_address>0x36f8</run_address>
         <size>0x1f8</size>
         <input_file_ref idref="fl-a"/>
      </object_component>
      <object_component id="oc-b7">
         <name>.text</name>
         <load_address>0x38f0</load_address>
         <run_address>0x38f0</run_address>
         <size>0x1d8</size>
         <input_file_ref idref="fl-4"/>
      </object_component>
      <object_component id="oc-235">
         <name>.text</name>
         <load_address>0x3ac8</load_address>
         <run_address>0x3ac8</run_address>
         <size>0x1b6</size>
         <input_file_ref idref="fl-d2"/>
      </object_component>
      <object_component id="oc-3e2">
         <name>.text:_nop</name>
         <load_address>0x3c7e</load_address>
         <run_address>0x3c7e</run_address>
         <size>0x2</size>
         <input_file_ref idref="fl-e9"/>
      </object_component>
      <object_component id="oc-2d">
         <name>.text</name>
         <load_address>0x3c80</load_address>
         <run_address>0x3c80</run_address>
         <size>0x1b0</size>
         <input_file_ref idref="fl-7"/>
      </object_component>
      <object_component id="oc-1fe">
         <name>.text</name>
         <load_address>0x3e30</load_address>
         <run_address>0x3e30</run_address>
         <size>0x188</size>
         <input_file_ref idref="fl-6"/>
      </object_component>
      <object_component id="oc-3ae">
         <name>.text:sqrt</name>
         <load_address>0x3fb8</load_address>
         <run_address>0x3fb8</run_address>
         <size>0x158</size>
         <input_file_ref idref="fl-ce"/>
      </object_component>
      <object_component id="oc-24a">
         <name>.text</name>
         <load_address>0x4110</load_address>
         <run_address>0x4110</run_address>
         <size>0x136</size>
         <input_file_ref idref="fl-d4"/>
      </object_component>
      <object_component id="oc-19b">
         <name>.text:GPIOPadConfigSet</name>
         <load_address>0x4246</load_address>
         <run_address>0x4246</run_address>
         <size>0x132</size>
         <input_file_ref idref="fl-12"/>
      </object_component>
      <object_component id="oc-81">
         <name>.text:SysCtlClockGet</name>
         <load_address>0x4378</load_address>
         <run_address>0x4378</run_address>
         <size>0x110</size>
         <input_file_ref idref="fl-14"/>
      </object_component>
      <object_component id="oc-3bd">
         <name>.text:scalbn</name>
         <load_address>0x4488</load_address>
         <run_address>0x4488</run_address>
         <size>0x110</size>
         <input_file_ref idref="fl-cf"/>
      </object_component>
      <object_component id="oc-23f">
         <name>.text</name>
         <load_address>0x4598</load_address>
         <run_address>0x4598</run_address>
         <size>0xfc</size>
         <input_file_ref idref="fl-d5"/>
      </object_component>
      <object_component id="oc-3d7">
         <name>.text:floor</name>
         <load_address>0x4694</load_address>
         <run_address>0x4694</run_address>
         <size>0xf8</size>
         <input_file_ref idref="fl-ec"/>
      </object_component>
      <object_component id="oc-15b">
         <name>.text</name>
         <load_address>0x478c</load_address>
         <run_address>0x478c</run_address>
         <size>0xe2</size>
         <input_file_ref idref="fl-5"/>
      </object_component>
      <object_component id="oc-a5">
         <name>.text</name>
         <load_address>0x4870</load_address>
         <run_address>0x4870</run_address>
         <size>0xc8</size>
         <input_file_ref idref="fl-8"/>
      </object_component>
      <object_component id="oc-356">
         <name>.text:round</name>
         <load_address>0x4938</load_address>
         <run_address>0x4938</run_address>
         <size>0xc0</size>
         <input_file_ref idref="fl-e2"/>
      </object_component>
      <object_component id="oc-4d">
         <name>.text</name>
         <load_address>0x49f8</load_address>
         <run_address>0x49f8</run_address>
         <size>0x9c</size>
         <input_file_ref idref="fl-e4"/>
      </object_component>
      <object_component id="oc-34b">
         <name>.text:__aeabi_cdcmple</name>
         <load_address>0x4a94</load_address>
         <run_address>0x4a94</run_address>
         <size>0x86</size>
         <input_file_ref idref="fl-d3"/>
      </object_component>
      <object_component id="oc-346">
         <name>.text:__aeabi_cdrcmple</name>
         <load_address>0x4b1a</load_address>
         <run_address>0x4b1a</run_address>
         <size>0x86</size>
         <input_file_ref idref="fl-d3"/>
      </object_component>
      <object_component id="oc-113">
         <name>.text:uDMAChannelTransferSet</name>
         <load_address>0x4ba0</load_address>
         <run_address>0x4ba0</run_address>
         <size>0x84</size>
         <input_file_ref idref="fl-16"/>
      </object_component>
      <object_component id="oc-e3">
         <name>.text:ADCSequenceStepConfigure</name>
         <load_address>0x4c24</load_address>
         <run_address>0x4c24</run_address>
         <size>0x7a</size>
         <input_file_ref idref="fl-11"/>
      </object_component>
      <object_component id="oc-1cd">
         <name>.text</name>
         <load_address>0x4c9e</load_address>
         <run_address>0x4c9e</run_address>
         <size>0x7a</size>
         <input_file_ref idref="fl-db"/>
      </object_component>
      <object_component id="oc-1f8">
         <name>.text:ltoa</name>
         <load_address>0x4d18</load_address>
         <run_address>0x4d18</run_address>
         <size>0x6e</size>
         <input_file_ref idref="fl-df"/>
      </object_component>
      <object_component id="oc-320">
         <name>.text</name>
         <load_address>0x4d86</load_address>
         <run_address>0x4d86</run_address>
         <size>0x6e</size>
         <input_file_ref idref="fl-d7"/>
      </object_component>
      <object_component id="oc-167">
         <name>.text:IntDisable</name>
         <load_address>0x4df4</load_address>
         <run_address>0x4df4</run_address>
         <size>0x68</size>
         <input_file_ref idref="fl-13"/>
      </object_component>
      <object_component id="oc-119">
         <name>.text:IntEnable</name>
         <load_address>0x4e5c</load_address>
         <run_address>0x4e5c</run_address>
         <size>0x68</size>
         <input_file_ref idref="fl-13"/>
      </object_component>
      <object_component id="oc-15">
         <name>.text:decompress:lzss:__TI_decompress_lzss</name>
         <load_address>0x4ec4</load_address>
         <run_address>0x4ec4</run_address>
         <size>0x68</size>
         <input_file_ref idref="fl-de"/>
      </object_component>
      <object_component id="oc-143">
         <name>.text:GPIOIntTypeSet</name>
         <load_address>0x4f2c</load_address>
         <run_address>0x4f2c</run_address>
         <size>0x56</size>
         <input_file_ref idref="fl-12"/>
      </object_component>
      <object_component id="oc-dd">
         <name>.text:ADCSequenceConfigure</name>
         <load_address>0x4f82</load_address>
         <run_address>0x4f82</run_address>
         <size>0x50</size>
         <input_file_ref idref="fl-11"/>
      </object_component>
      <object_component id="oc-244">
         <name>.text:lround</name>
         <load_address>0x4fd4</load_address>
         <run_address>0x4fd4</run_address>
         <size>0x4c</size>
         <input_file_ref idref="fl-d1"/>
      </object_component>
      <object_component id="oc-1f2">
         <name>.text:GPIOPinConfigure</name>
         <load_address>0x5020</load_address>
         <run_address>0x5020</run_address>
         <size>0x48</size>
         <input_file_ref idref="fl-12"/>
      </object_component>
      <object_component id="oc-35c">
         <name>.text</name>
         <load_address>0x5068</load_address>
         <run_address>0x5068</run_address>
         <size>0x48</size>
         <input_file_ref idref="fl-d6"/>
      </object_component>
      <object_component id="oc-101">
         <name>.text:uDMAChannelAttributeDisable</name>
         <load_address>0x50b0</load_address>
         <run_address>0x50b0</run_address>
         <size>0x48</size>
         <input_file_ref idref="fl-16"/>
      </object_component>
      <object_component id="oc-107">
         <name>.text:uDMAChannelAttributeEnable</name>
         <load_address>0x50f8</load_address>
         <run_address>0x50f8</run_address>
         <size>0x48</size>
         <input_file_ref idref="fl-16"/>
      </object_component>
      <object_component id="oc-2d9">
         <name>.text:__TI_auto_init_nobinit_nopinit:__TI_auto_init_nobinit_nopinit</name>
         <load_address>0x5140</load_address>
         <run_address>0x5140</run_address>
         <size>0x44</size>
         <input_file_ref idref="fl-e5"/>
      </object_component>
      <object_component id="oc-41e">
         <name>.text:signal</name>
         <load_address>0x5184</load_address>
         <run_address>0x5184</run_address>
         <size>0x3c</size>
         <input_file_ref idref="fl-eb"/>
      </object_component>
      <object_component id="oc-137">
         <name>.text:SysCtlPeripheralReady</name>
         <load_address>0x51c0</load_address>
         <run_address>0x51c0</run_address>
         <size>0x38</size>
         <input_file_ref idref="fl-14"/>
      </object_component>
      <object_component id="oc-23a">
         <name>.text</name>
         <load_address>0x51f8</load_address>
         <run_address>0x51f8</run_address>
         <size>0x38</size>
         <input_file_ref idref="fl-d8"/>
      </object_component>
      <object_component id="oc-131">
         <name>.text:SysCtlPeripheralEnable</name>
         <load_address>0x5230</load_address>
         <run_address>0x5230</run_address>
         <size>0x34</size>
         <input_file_ref idref="fl-14"/>
      </object_component>
      <object_component id="oc-6b">
         <name>.text:_c_int00_noargs:_c_int00_noargs</name>
         <load_address>0x5264</load_address>
         <run_address>0x5264</run_address>
         <size>0x34</size>
         <input_file_ref idref="fl-e1"/>
      </object_component>
      <object_component id="oc-18d">
         <name>.text:ADCIntStatus</name>
         <load_address>0x5298</load_address>
         <run_address>0x5298</run_address>
         <size>0x2e</size>
         <input_file_ref idref="fl-11"/>
      </object_component>
      <object_component id="oc-3d0">
         <name>.text:raise</name>
         <load_address>0x52c6</load_address>
         <run_address>0x52c6</run_address>
         <size>0x2e</size>
         <input_file_ref idref="fl-eb"/>
      </object_component>
      <object_component id="oc-315">
         <name>.text</name>
         <load_address>0x52f4</load_address>
         <run_address>0x52f4</run_address>
         <size>0x2e</size>
         <input_file_ref idref="fl-d9"/>
      </object_component>
      <object_component id="oc-286">
         <name>.text:GPIODirModeSet</name>
         <load_address>0x5322</load_address>
         <run_address>0x5322</run_address>
         <size>0x2a</size>
         <input_file_ref idref="fl-12"/>
      </object_component>
      <object_component id="oc-11f">
         <name>.text:IntPrioritySet</name>
         <load_address>0x534c</load_address>
         <run_address>0x534c</run_address>
         <size>0x24</size>
         <input_file_ref idref="fl-13"/>
      </object_component>
      <object_component id="oc-10d">
         <name>.text:uDMAChannelControlSet</name>
         <load_address>0x5370</load_address>
         <run_address>0x5370</run_address>
         <size>0x24</size>
         <input_file_ref idref="fl-16"/>
      </object_component>
      <object_component id="oc-230">
         <name>.text</name>
         <load_address>0x5394</load_address>
         <run_address>0x5394</run_address>
         <size>0x20</size>
         <input_file_ref idref="fl-da"/>
      </object_component>
      <object_component id="oc-193">
         <name>.text:ADCSequenceDataGet</name>
         <load_address>0x53b4</load_address>
         <run_address>0x53b4</run_address>
         <size>0x1e</size>
         <input_file_ref idref="fl-11"/>
      </object_component>
      <object_component id="oc-59">
         <name>.text:decompress:ZI:__TI_zero_init_nomemset:__TI_zero_init_nomemset</name>
         <load_address>0x53d2</load_address>
         <run_address>0x53d2</run_address>
         <size>0x1c</size>
         <input_file_ref idref="fl-dc"/>
      </object_component>
      <object_component id="oc-40a">
         <name>.text:copysign</name>
         <load_address>0x53ee</load_address>
         <run_address>0x53ee</run_address>
         <size>0x1a</size>
         <input_file_ref idref="fl-d0"/>
      </object_component>
      <object_component id="oc-187">
         <name>.text:ADCProcessorTrigger</name>
         <load_address>0x5408</load_address>
         <run_address>0x5408</run_address>
         <size>0x18</size>
         <input_file_ref idref="fl-11"/>
      </object_component>
      <object_component id="oc-161">
         <name>.text:uDMAChannelDisable</name>
         <load_address>0x5420</load_address>
         <run_address>0x5420</run_address>
         <size>0x18</size>
         <input_file_ref idref="fl-16"/>
      </object_component>
      <object_component id="oc-12b">
         <name>.text:uDMAChannelEnable</name>
         <load_address>0x5438</load_address>
         <run_address>0x5438</run_address>
         <size>0x18</size>
         <input_file_ref idref="fl-16"/>
      </object_component>
      <object_component id="oc-93">
         <name>.text:SysTickEnable</name>
         <load_address>0x5450</load_address>
         <run_address>0x5450</run_address>
         <size>0x14</size>
         <input_file_ref idref="fl-15"/>
      </object_component>
      <object_component id="oc-8d">
         <name>.text:SysTickIntEnable</name>
         <load_address>0x5464</load_address>
         <run_address>0x5464</run_address>
         <size>0x14</size>
         <input_file_ref idref="fl-15"/>
      </object_component>
      <object_component id="oc-13d">
         <name>.text:GPIOPinTypeGPIOInput</name>
         <load_address>0x5478</load_address>
         <run_address>0x5478</run_address>
         <size>0x12</size>
         <input_file_ref idref="fl-12"/>
      </object_component>
      <object_component id="oc-fb">
         <name>.text:ADCSequenceDMAEnable</name>
         <load_address>0x548a</load_address>
         <run_address>0x548a</run_address>
         <size>0x10</size>
         <input_file_ref idref="fl-11"/>
      </object_component>
      <object_component id="oc-b1">
         <name>.text:IntMasterEnable</name>
         <load_address>0x549a</load_address>
         <run_address>0x549a</run_address>
         <size>0x10</size>
         <input_file_ref idref="fl-13"/>
      </object_component>
      <object_component id="oc-87">
         <name>.text:SysTickPeriodSet</name>
         <load_address>0x54ac</load_address>
         <run_address>0x54ac</run_address>
         <size>0x10</size>
         <input_file_ref idref="fl-15"/>
      </object_component>
      <object_component id="oc-ef">
         <name>.text:uDMAEnable</name>
         <load_address>0x54bc</load_address>
         <run_address>0x54bc</run_address>
         <size>0x10</size>
         <input_file_ref idref="fl-16"/>
      </object_component>
      <object_component id="oc-d1">
         <name>.text:ADCHardwareOversampleConfigure</name>
         <load_address>0x54cc</load_address>
         <run_address>0x54cc</run_address>
         <size>0xe</size>
         <input_file_ref idref="fl-11"/>
      </object_component>
      <object_component id="oc-d7">
         <name>.text:ADCSequenceDisable</name>
         <load_address>0x54da</load_address>
         <run_address>0x54da</run_address>
         <size>0xe</size>
         <input_file_ref idref="fl-11"/>
      </object_component>
      <object_component id="oc-e9">
         <name>.text:ADCSequenceEnable</name>
         <load_address>0x54e8</load_address>
         <run_address>0x54e8</run_address>
         <size>0xe</size>
         <input_file_ref idref="fl-11"/>
      </object_component>
      <object_component id="oc-174">
         <name>.text:GPIOIntStatus</name>
         <load_address>0x54f6</load_address>
         <run_address>0x54f6</run_address>
         <size>0xe</size>
         <input_file_ref idref="fl-12"/>
      </object_component>
      <object_component id="oc-1b">
         <name>.text:decompress:none:__TI_decompress_none</name>
         <load_address>0x5504</load_address>
         <run_address>0x5504</run_address>
         <size>0xe</size>
         <input_file_ref idref="fl-dd"/>
      </object_component>
      <object_component id="oc-257">
         <name>.text:CPUcpsie</name>
         <load_address>0x5512</load_address>
         <run_address>0x5512</run_address>
         <size>0xc</size>
         <input_file_ref idref="fl-17"/>
      </object_component>
      <object_component id="oc-149">
         <name>.text:GPIOIntEnable</name>
         <load_address>0x551e</load_address>
         <run_address>0x551e</run_address>
         <size>0xc</size>
         <input_file_ref idref="fl-12"/>
      </object_component>
      <object_component id="oc-27">
         <name>.text</name>
         <load_address>0x552a</load_address>
         <run_address>0x552a</run_address>
         <size>0xc</size>
         <input_file_ref idref="fl-9"/>
      </object_component>
      <object_component id="oc-f5">
         <name>.text:uDMAControlBaseSet</name>
         <load_address>0x5538</load_address>
         <run_address>0x5538</run_address>
         <size>0xc</size>
         <input_file_ref idref="fl-16"/>
      </object_component>
      <object_component id="oc-155">
         <name>.text:ADCIntClear</name>
         <load_address>0x5544</load_address>
         <run_address>0x5544</run_address>
         <size>0xa</size>
         <input_file_ref idref="fl-11"/>
      </object_component>
      <object_component id="oc-125">
         <name>.text:ADCIntEnableEx</name>
         <load_address>0x554e</load_address>
         <run_address>0x554e</run_address>
         <size>0x8</size>
         <input_file_ref idref="fl-11"/>
      </object_component>
      <object_component id="oc-3b4">
         <name>.text:__aeabi_errno_addr</name>
         <load_address>0x5558</load_address>
         <run_address>0x5558</run_address>
         <size>0x8</size>
         <input_file_ref idref="fl-e0"/>
      </object_component>
      <object_component id="oc-17a">
         <name>.text:GPIOIntClear</name>
         <load_address>0x5560</load_address>
         <run_address>0x5560</run_address>
         <size>0x6</size>
         <input_file_ref idref="fl-12"/>
      </object_component>
      <object_component id="oc-bd">
         <name>.text:GPIOPinRead</name>
         <load_address>0x5566</load_address>
         <run_address>0x5566</run_address>
         <size>0x6</size>
         <input_file_ref idref="fl-12"/>
      </object_component>
      <object_component id="oc-14f">
         <name>.text:GPIOPinWrite</name>
         <load_address>0x556c</load_address>
         <run_address>0x556c</run_address>
         <size>0x6</size>
         <input_file_ref idref="fl-12"/>
      </object_component>
      <object_component id="oc-80">
         <name>.text:SysCtlDelay</name>
         <load_address>0x5572</load_address>
         <run_address>0x5572</run_address>
         <size>0x6</size>
         <input_file_ref idref="fl-14"/>
      </object_component>
      <object_component id="oc-350">
         <name>.text:__softfloat_float_raise</name>
         <load_address>0x5578</load_address>
         <run_address>0x5578</run_address>
         <size>0x6</size>
         <input_file_ref idref="fl-e3"/>
      </object_component>
      <object_component id="oc-1d3">
         <name>.text:_system_pre_init</name>
         <load_address>0x557e</load_address>
         <run_address>0x557e</run_address>
         <size>0x4</size>
         <input_file_ref idref="fl-e6"/>
      </object_component>
      <object_component id="oc-2cd">
         <name>.text:abort:abort</name>
         <load_address>0x5582</load_address>
         <run_address>0x5582</run_address>
         <size>0x4</size>
         <input_file_ref idref="fl-e8"/>
      </object_component>
      <object_component id="oc-21b">
         <name>.const:.string:Font</name>
         <load_address>0x5588</load_address>
         <run_address>0x5588</run_address>
         <size>0x4fb</size>
         <input_file_ref idref="fl-1"/>
      </object_component>
      <object_component id="oc-226">
         <name>.const:.string:dBfs</name>
         <load_address>0x5a83</load_address>
         <run_address>0x5a83</run_address>
         <size>0x200</size>
         <input_file_ref idref="fl-1"/>
      </object_component>
      <object_component id="oc-27d">
         <name>.const:g_pui32Regs</name>
         <load_address>0x5c84</load_address>
         <run_address>0x5c84</run_address>
         <size>0x9c</size>
         <input_file_ref idref="fl-13"/>
      </object_component>
      <object_component id="oc-30f">
         <name>.const:g_pui32GPIOBaseAddrs</name>
         <load_address>0x5d20</load_address>
         <run_address>0x5d20</run_address>
         <size>0x90</size>
         <input_file_ref idref="fl-12"/>
      </object_component>
      <object_component id="oc-278">
         <name>.const</name>
         <load_address>0x5db0</load_address>
         <run_address>0x5db0</run_address>
         <size>0x70</size>
         <input_file_ref idref="fl-13"/>
      </object_component>
      <object_component id="oc-1e5">
         <name>.const:g_pui32Xtals</name>
         <load_address>0x5e20</load_address>
         <run_address>0x5e20</run_address>
         <size>0x6c</size>
         <input_file_ref idref="fl-14"/>
      </object_component>
      <object_component id="oc-20c">
         <name>.const:.string:Bcmd</name>
         <load_address>0x5e8c</load_address>
         <run_address>0x5e8c</run_address>
         <size>0x67</size>
         <input_file_ref idref="fl-1"/>
      </object_component>
      <object_component id="oc-20f">
         <name>.const:.string:Rcmd1</name>
         <load_address>0x5ef3</load_address>
         <run_address>0x5ef3</run_address>
         <size>0x3b</size>
         <input_file_ref idref="fl-1"/>
      </object_component>
      <object_component id="oc-3ba">
         <name>.const:$O1$$</name>
         <load_address>0x5f30</load_address>
         <run_address>0x5f30</run_address>
         <size>0x30</size>
         <input_file_ref idref="fl-cd"/>
      </object_component>
      <object_component id="oc-218">
         <name>.const:.string:Rcmd3</name>
         <load_address>0x5f60</load_address>
         <run_address>0x5f60</run_address>
         <size>0x2b</size>
         <input_file_ref idref="fl-1"/>
      </object_component>
      <object_component id="oc-212">
         <name>.const:.string:Rcmd2green</name>
         <load_address>0x5f8b</load_address>
         <run_address>0x5f8b</run_address>
         <size>0xd</size>
         <input_file_ref idref="fl-1"/>
      </object_component>
      <object_component id="oc-215">
         <name>.const:.string:Rcmd2red</name>
         <load_address>0x5f98</load_address>
         <run_address>0x5f98</run_address>
         <size>0xd</size>
         <input_file_ref idref="fl-1"/>
      </object_component>
      <object_component id="oc-481">
         <name>.cinit..data.load</name>
         <load_address>0x5fa8</load_address>
         <run_address>0x5fa8</run_address>
         <size>0x94</size>
      </object_component>
      <object_component id="oc-47f">
         <name>__TI_handler_table</name>
         <load_address>0x603c</load_address>
         <run_address>0x603c</run_address>
         <size>0xc</size>
      </object_component>
      <object_component id="oc-482">
         <name>.cinit..bss.load</name>
         <load_address>0x6048</load_address>
         <run_address>0x6048</run_address>
         <size>0x8</size>
      </object_component>
      <object_component id="oc-480">
         <name>__TI_cinit_table</name>
         <load_address>0x6050</load_address>
         <run_address>0x6050</run_address>
         <size>0x10</size>
      </object_component>
      <object_component id="oc-209">
         <name>.data</name>
         <load_address>0x20000d00</load_address>
         <run_address>0x20000d00</run_address>
         <size>0x14</size>
         <input_file_ref idref="fl-1"/>
      </object_component>
      <object_component id="oc-16d">
         <name>.data:DMA_Control_Table</name>
         <load_address>0x20000000</load_address>
         <run_address>0x20000000</run_address>
         <size>0x400</size>
         <input_file_ref idref="fl-2"/>
      </object_component>
      <object_component id="oc-199">
         <name>.data</name>
         <load_address>0x20000d34</load_address>
         <run_address>0x20000d34</run_address>
         <size>0x4</size>
         <input_file_ref idref="fl-2"/>
      </object_component>
      <object_component id="oc-252">
         <name>.data</name>
         <load_address>0x20000d3c</load_address>
         <run_address>0x20000d3c</run_address>
         <size>0x2</size>
         <input_file_ref idref="fl-3"/>
      </object_component>
      <object_component id="oc-180">
         <name>.data:preBuffer</name>
         <load_address>0x20000a04</load_address>
         <run_address>0x20000a04</run_address>
         <size>0x204</size>
         <input_file_ref idref="fl-7"/>
      </object_component>
      <object_component id="oc-183">
         <name>.data:postBuffer</name>
         <load_address>0x20000800</load_address>
         <run_address>0x20000800</run_address>
         <size>0x204</size>
         <input_file_ref idref="fl-7"/>
      </object_component>
      <object_component id="oc-24f">
         <name>.data:processing_buffer</name>
         <load_address>0x20000400</load_address>
         <run_address>0x20000400</run_address>
         <size>0x400</size>
         <input_file_ref idref="fl-7"/>
      </object_component>
      <object_component id="oc-c3">
         <name>.data</name>
         <load_address>0x20000cb4</load_address>
         <run_address>0x20000cb4</run_address>
         <size>0x1c</size>
         <input_file_ref idref="fl-7"/>
      </object_component>
      <object_component id="oc-1a4">
         <name>.data:available_frequencies</name>
         <load_address>0x20000c88</load_address>
         <run_address>0x20000c88</run_address>
         <size>0x2c</size>
         <input_file_ref idref="fl-7"/>
      </object_component>
      <object_component id="oc-1a1">
         <name>.data</name>
         <load_address>0x20000ce8</load_address>
         <run_address>0x20000ce8</run_address>
         <size>0x18</size>
         <input_file_ref idref="fl-b"/>
      </object_component>
      <object_component id="oc-1a7">
         <name>.data:trig_string</name>
         <load_address>0x20000cd0</load_address>
         <run_address>0x20000cd0</run_address>
         <size>0x18</size>
         <input_file_ref idref="fl-b"/>
      </object_component>
      <object_component id="oc-1aa">
         <name>.data:bool_string</name>
         <load_address>0x20000d20</load_address>
         <run_address>0x20000d20</run_address>
         <size>0xc</size>
         <input_file_ref idref="fl-b"/>
      </object_component>
      <object_component id="oc-1ad">
         <name>.data:atten_string</name>
         <load_address>0x20000d14</load_address>
         <run_address>0x20000d14</run_address>
         <size>0xc</size>
         <input_file_ref idref="fl-b"/>
      </object_component>
      <object_component id="oc-403">
         <name>.data</name>
         <load_address>0x20000d38</load_address>
         <run_address>0x20000d38</run_address>
         <size>0x4</size>
         <input_file_ref idref="fl-e0"/>
      </object_component>
      <object_component id="oc-38d">
         <name>.data:$O1$$</name>
         <load_address>0x20000d2c</load_address>
         <run_address>0x20000d2c</run_address>
         <size>0x8</size>
         <input_file_ref idref="fl-e9"/>
      </object_component>
      <object_component id="oc-447">
         <name>.data:sigTable</name>
         <load_address>0x20000c08</load_address>
         <run_address>0x20000c08</run_address>
         <size>0x80</size>
         <input_file_ref idref="fl-eb"/>
      </object_component>
      <object_component id="oc-206">
         <name>.bss</name>
         <uninitialized>true</uninitialized>
         <run_address>0x2000174c</run_address>
         <size>0x4</size>
         <input_file_ref idref="fl-1"/>
      </object_component>
      <object_component id="oc-21e">
         <name>.common:Message</name>
         <uninitialized>true</uninitialized>
         <run_address>0x20001740</run_address>
         <size>0xc</size>
      </object_component>
      <object_component id="oc-221">
         <name>.common:Messageindex</name>
         <uninitialized>true</uninitialized>
         <run_address>0x20001754</run_address>
         <size>0x4</size>
      </object_component>
      <object_component id="oc-222">
         <name>.common:Ymax</name>
         <uninitialized>true</uninitialized>
         <run_address>0x2000175c</run_address>
         <size>0x4</size>
      </object_component>
      <object_component id="oc-223">
         <name>.common:Ymin</name>
         <uninitialized>true</uninitialized>
         <run_address>0x20001760</run_address>
         <size>0x4</size>
      </object_component>
      <object_component id="oc-225">
         <name>.common:X</name>
         <uninitialized>true</uninitialized>
         <run_address>0x20001758</run_address>
         <size>0x4</size>
      </object_component>
      <object_component id="oc-224">
         <name>.common:Yrange</name>
         <uninitialized>true</uninitialized>
         <run_address>0x20001764</run_address>
         <size>0x4</size>
      </object_component>
      <object_component id="oc-170">
         <name>.common:BufferA</name>
         <uninitialized>true</uninitialized>
         <run_address>0x20001540</run_address>
         <size>0x100</size>
      </object_component>
      <object_component id="oc-173">
         <name>.common:BufferB</name>
         <uninitialized>true</uninitialized>
         <run_address>0x20001640</run_address>
         <size>0x100</size>
      </object_component>
      <object_component id="oc-186">
         <name>.common:Bufferstatus</name>
         <uninitialized>true</uninitialized>
         <run_address>0x20001750</run_address>
         <size>0x4</size>
      </object_component>
      <object_component id="oc-24">
         <name>.stack</name>
         <uninitialized>true</uninitialized>
         <run_address>0x20000d40</run_address>
         <size>0x4</size>
         <input_file_ref idref="fl-e1"/>
      </object_component>
      <object_component id="oc-484">
         <name>.stack</name>
         <uninitialized>true</uninitialized>
         <run_address>0x20000d40</run_address>
         <size>0x0</size>
      </object_component>
      <object_component id="oc-21f">
         <name>.debug_info</name>
         <load_address>0x0</load_address>
         <run_address>0x0</run_address>
         <size>0x3b6</size>
         <input_file_ref idref="fl-1"/>
      </object_component>
      <object_component id="oc-20a">
         <name>.debug_info</name>
         <load_address>0x3b6</load_address>
         <run_address>0x3b6</run_address>
         <size>0x174</size>
         <input_file_ref idref="fl-1"/>
      </object_component>
      <object_component id="oc-21c">
         <name>.debug_info</name>
         <load_address>0x52a</load_address>
         <run_address>0x52a</run_address>
         <size>0xdf</size>
         <input_file_ref idref="fl-1"/>
      </object_component>
      <object_component id="oc-207">
         <name>.debug_info</name>
         <load_address>0x609</load_address>
         <run_address>0x609</run_address>
         <size>0x14b</size>
         <input_file_ref idref="fl-1"/>
      </object_component>
      <object_component id="oc-20d">
         <name>.debug_info</name>
         <load_address>0x754</load_address>
         <run_address>0x754</run_address>
         <size>0xe0</size>
         <input_file_ref idref="fl-1"/>
      </object_component>
      <object_component id="oc-210">
         <name>.debug_info</name>
         <load_address>0x834</load_address>
         <run_address>0x834</run_address>
         <size>0xe2</size>
         <input_file_ref idref="fl-1"/>
      </object_component>
      <object_component id="oc-213">
         <name>.debug_info</name>
         <load_address>0x916</load_address>
         <run_address>0x916</run_address>
         <size>0xec</size>
         <input_file_ref idref="fl-1"/>
      </object_component>
      <object_component id="oc-216">
         <name>.debug_info</name>
         <load_address>0xa02</load_address>
         <run_address>0xa02</run_address>
         <size>0xe8</size>
         <input_file_ref idref="fl-1"/>
      </object_component>
      <object_component id="oc-219">
         <name>.debug_info</name>
         <load_address>0xaea</load_address>
         <run_address>0xaea</run_address>
         <size>0xe2</size>
         <input_file_ref idref="fl-1"/>
      </object_component>
      <object_component id="oc-227">
         <name>.debug_info</name>
         <load_address>0xbcc</load_address>
         <run_address>0xbcc</run_address>
         <size>0xe1</size>
         <input_file_ref idref="fl-1"/>
      </object_component>
      <object_component id="oc-a0">
         <name>.debug_info</name>
         <load_address>0xcad</load_address>
         <run_address>0xcad</run_address>
         <size>0x2382</size>
         <input_file_ref idref="fl-1"/>
      </object_component>
      <object_component id="oc-1b3">
         <name>.debug_info</name>
         <load_address>0x302f</load_address>
         <run_address>0x302f</run_address>
         <size>0x26b</size>
         <input_file_ref idref="fl-1"/>
      </object_component>
      <object_component id="oc-48">
         <name>.debug_info</name>
         <load_address>0x329a</load_address>
         <run_address>0x329a</run_address>
         <size>0x84</size>
         <input_file_ref idref="fl-1"/>
      </object_component>
      <object_component id="oc-264">
         <name>.debug_info</name>
         <load_address>0x331e</load_address>
         <run_address>0x331e</run_address>
         <size>0x2a4</size>
         <input_file_ref idref="fl-1"/>
      </object_component>
      <object_component id="oc-cc">
         <name>.debug_info</name>
         <load_address>0x35c2</load_address>
         <run_address>0x35c2</run_address>
         <size>0xbb</size>
         <input_file_ref idref="fl-1"/>
      </object_component>
      <object_component id="oc-33b">
         <name>.debug_info</name>
         <load_address>0x367d</load_address>
         <run_address>0x367d</run_address>
         <size>0xcc</size>
         <input_file_ref idref="fl-1"/>
      </object_component>
      <object_component id="oc-22a">
         <name>.debug_info</name>
         <load_address>0x3749</load_address>
         <run_address>0x3749</run_address>
         <size>0x51</size>
         <input_file_ref idref="fl-1"/>
      </object_component>
      <object_component id="oc-171">
         <name>.debug_info</name>
         <load_address>0x379a</load_address>
         <run_address>0x379a</run_address>
         <size>0xc17</size>
         <input_file_ref idref="fl-2"/>
      </object_component>
      <object_component id="oc-16e">
         <name>.debug_info</name>
         <load_address>0x43b1</load_address>
         <run_address>0x43b1</run_address>
         <size>0xf7</size>
         <input_file_ref idref="fl-2"/>
      </object_component>
      <object_component id="oc-34">
         <name>.debug_info</name>
         <load_address>0x44a8</load_address>
         <run_address>0x44a8</run_address>
         <size>0xb35</size>
         <input_file_ref idref="fl-2"/>
      </object_component>
      <object_component id="oc-299">
         <name>.debug_info</name>
         <load_address>0x4fdd</load_address>
         <run_address>0x4fdd</run_address>
         <size>0x48</size>
         <input_file_ref idref="fl-2"/>
      </object_component>
      <object_component id="oc-29e">
         <name>.debug_info</name>
         <load_address>0x5025</load_address>
         <run_address>0x5025</run_address>
         <size>0x6c</size>
         <input_file_ref idref="fl-2"/>
      </object_component>
      <object_component id="oc-c7">
         <name>.debug_info</name>
         <load_address>0x5091</load_address>
         <run_address>0x5091</run_address>
         <size>0x8b</size>
         <input_file_ref idref="fl-2"/>
      </object_component>
      <object_component id="oc-2a3">
         <name>.debug_info</name>
         <load_address>0x511c</load_address>
         <run_address>0x511c</run_address>
         <size>0xba</size>
         <input_file_ref idref="fl-2"/>
      </object_component>
      <object_component id="oc-256">
         <name>.debug_info</name>
         <load_address>0x51d6</load_address>
         <run_address>0x51d6</run_address>
         <size>0x74f</size>
         <input_file_ref idref="fl-3"/>
      </object_component>
      <object_component id="oc-253">
         <name>.debug_info</name>
         <load_address>0x5925</load_address>
         <run_address>0x5925</run_address>
         <size>0x114</size>
         <input_file_ref idref="fl-3"/>
      </object_component>
      <object_component id="oc-ac">
         <name>.debug_info</name>
         <load_address>0x5a39</load_address>
         <run_address>0x5a39</run_address>
         <size>0x92d</size>
         <input_file_ref idref="fl-3"/>
      </object_component>
      <object_component id="oc-b8">
         <name>.debug_info</name>
         <load_address>0x6366</load_address>
         <run_address>0x6366</run_address>
         <size>0x34f</size>
         <input_file_ref idref="fl-4"/>
      </object_component>
      <object_component id="oc-292">
         <name>.debug_info</name>
         <load_address>0x66b5</load_address>
         <run_address>0x66b5</run_address>
         <size>0x2bb</size>
         <input_file_ref idref="fl-5"/>
      </object_component>
      <object_component id="oc-15c">
         <name>.debug_info</name>
         <load_address>0x6970</load_address>
         <run_address>0x6970</run_address>
         <size>0x2b2</size>
         <input_file_ref idref="fl-5"/>
      </object_component>
      <object_component id="oc-326">
         <name>.debug_info</name>
         <load_address>0x6c22</load_address>
         <run_address>0x6c22</run_address>
         <size>0x2d3</size>
         <input_file_ref idref="fl-6"/>
      </object_component>
      <object_component id="oc-1ff">
         <name>.debug_info</name>
         <load_address>0x6ef5</load_address>
         <run_address>0x6ef5</run_address>
         <size>0x440</size>
         <input_file_ref idref="fl-6"/>
      </object_component>
      <object_component id="oc-263">
         <name>.debug_info</name>
         <load_address>0x7335</load_address>
         <run_address>0x7335</run_address>
         <size>0x646</size>
         <input_file_ref idref="fl-7"/>
      </object_component>
      <object_component id="oc-181">
         <name>.debug_info</name>
         <load_address>0x797b</load_address>
         <run_address>0x797b</run_address>
         <size>0xe8</size>
         <input_file_ref idref="fl-7"/>
      </object_component>
      <object_component id="oc-184">
         <name>.debug_info</name>
         <load_address>0x7a63</load_address>
         <run_address>0x7a63</run_address>
         <size>0xea</size>
         <input_file_ref idref="fl-7"/>
      </object_component>
      <object_component id="oc-250">
         <name>.debug_info</name>
         <load_address>0x7b4d</load_address>
         <run_address>0x7b4d</run_address>
         <size>0xf8</size>
         <input_file_ref idref="fl-7"/>
      </object_component>
      <object_component id="oc-c4">
         <name>.debug_info</name>
         <load_address>0x7c45</load_address>
         <run_address>0x7c45</run_address>
         <size>0x328</size>
         <input_file_ref idref="fl-7"/>
      </object_component>
      <object_component id="oc-1a5">
         <name>.debug_info</name>
         <load_address>0x7f6d</load_address>
         <run_address>0x7f6d</run_address>
         <size>0x100</size>
         <input_file_ref idref="fl-7"/>
      </object_component>
      <object_component id="oc-2e">
         <name>.debug_info</name>
         <load_address>0x806d</load_address>
         <run_address>0x806d</run_address>
         <size>0x408</size>
         <input_file_ref idref="fl-7"/>
      </object_component>
      <object_component id="oc-a6">
         <name>.debug_info</name>
         <load_address>0x8475</load_address>
         <run_address>0x8475</run_address>
         <size>0x33a</size>
         <input_file_ref idref="fl-8"/>
      </object_component>
      <object_component id="oc-41">
         <name>.debug_info</name>
         <load_address>0x87af</load_address>
         <run_address>0x87af</run_address>
         <size>0x35d</size>
         <input_file_ref idref="fl-9"/>
      </object_component>
      <object_component id="oc-13">
         <name>.debug_info</name>
         <load_address>0x8b0c</load_address>
         <run_address>0x8b0c</run_address>
         <size>0x102</size>
         <input_file_ref idref="fl-9"/>
      </object_component>
      <object_component id="oc-28">
         <name>.debug_info</name>
         <load_address>0x8c0e</load_address>
         <run_address>0x8c0e</run_address>
         <size>0x2b6</size>
         <input_file_ref idref="fl-9"/>
      </object_component>
      <object_component id="oc-205">
         <name>.debug_info</name>
         <load_address>0x8ec4</load_address>
         <run_address>0x8ec4</run_address>
         <size>0x375</size>
         <input_file_ref idref="fl-a"/>
      </object_component>
      <object_component id="oc-9a">
         <name>.debug_info</name>
         <load_address>0x9239</load_address>
         <run_address>0x9239</run_address>
         <size>0x649</size>
         <input_file_ref idref="fl-a"/>
      </object_component>
      <object_component id="oc-2b4">
         <name>.debug_info</name>
         <load_address>0x9882</load_address>
         <run_address>0x9882</run_address>
         <size>0x93a</size>
         <input_file_ref idref="fl-b"/>
      </object_component>
      <object_component id="oc-1a2">
         <name>.debug_info</name>
         <load_address>0xa1bc</load_address>
         <run_address>0xa1bc</run_address>
         <size>0x1ab</size>
         <input_file_ref idref="fl-b"/>
      </object_component>
      <object_component id="oc-1a8">
         <name>.debug_info</name>
         <load_address>0xa367</load_address>
         <run_address>0xa367</run_address>
         <size>0xea</size>
         <input_file_ref idref="fl-b"/>
      </object_component>
      <object_component id="oc-1ab">
         <name>.debug_info</name>
         <load_address>0xa451</load_address>
         <run_address>0xa451</run_address>
         <size>0xea</size>
         <input_file_ref idref="fl-b"/>
      </object_component>
      <object_component id="oc-1ae">
         <name>.debug_info</name>
         <load_address>0xa53b</load_address>
         <run_address>0xa53b</run_address>
         <size>0xec</size>
         <input_file_ref idref="fl-b"/>
      </object_component>
      <object_component id="oc-3a">
         <name>.debug_info</name>
         <load_address>0xa627</load_address>
         <run_address>0xa627</run_address>
         <size>0x81e</size>
         <input_file_ref idref="fl-b"/>
      </object_component>
      <object_component id="oc-26a">
         <name>.debug_info</name>
         <load_address>0xae45</load_address>
         <run_address>0xae45</run_address>
         <size>0x24d</size>
         <input_file_ref idref="fl-11"/>
      </object_component>
      <object_component id="oc-e7">
         <name>.debug_info</name>
         <load_address>0xb092</load_address>
         <run_address>0xb092</run_address>
         <size>0x333</size>
         <input_file_ref idref="fl-11"/>
      </object_component>
      <object_component id="oc-ed">
         <name>.debug_info</name>
         <load_address>0xb3c5</load_address>
         <run_address>0xb3c5</run_address>
         <size>0x2a0</size>
         <input_file_ref idref="fl-11"/>
      </object_component>
      <object_component id="oc-db">
         <name>.debug_info</name>
         <load_address>0xb665</load_address>
         <run_address>0xb665</run_address>
         <size>0x2a2</size>
         <input_file_ref idref="fl-11"/>
      </object_component>
      <object_component id="oc-197">
         <name>.debug_info</name>
         <load_address>0xb907</load_address>
         <run_address>0xb907</run_address>
         <size>0x2ff</size>
         <input_file_ref idref="fl-11"/>
      </object_component>
      <object_component id="oc-ff">
         <name>.debug_info</name>
         <load_address>0xbc06</load_address>
         <run_address>0xbc06</run_address>
         <size>0x2a6</size>
         <input_file_ref idref="fl-11"/>
      </object_component>
      <object_component id="oc-e1">
         <name>.debug_info</name>
         <load_address>0xbeac</load_address>
         <run_address>0xbeac</run_address>
         <size>0x326</size>
         <input_file_ref idref="fl-11"/>
      </object_component>
      <object_component id="oc-18b">
         <name>.debug_info</name>
         <load_address>0xc1d2</load_address>
         <run_address>0xc1d2</run_address>
         <size>0x2a4</size>
         <input_file_ref idref="fl-11"/>
      </object_component>
      <object_component id="oc-191">
         <name>.debug_info</name>
         <load_address>0xc476</load_address>
         <run_address>0xc476</run_address>
         <size>0x2e7</size>
         <input_file_ref idref="fl-11"/>
      </object_component>
      <object_component id="oc-129">
         <name>.debug_info</name>
         <load_address>0xc75d</load_address>
         <run_address>0xc75d</run_address>
         <size>0x28e</size>
         <input_file_ref idref="fl-11"/>
      </object_component>
      <object_component id="oc-159">
         <name>.debug_info</name>
         <load_address>0xc9eb</load_address>
         <run_address>0xc9eb</run_address>
         <size>0x294</size>
         <input_file_ref idref="fl-11"/>
      </object_component>
      <object_component id="oc-d5">
         <name>.debug_info</name>
         <load_address>0xcc7f</load_address>
         <run_address>0xcc7f</run_address>
         <size>0x2c1</size>
         <input_file_ref idref="fl-11"/>
      </object_component>
      <object_component id="oc-1e9">
         <name>.debug_info</name>
         <load_address>0xcf40</load_address>
         <run_address>0xcf40</run_address>
         <size>0x18b</size>
         <input_file_ref idref="fl-11"/>
      </object_component>
      <object_component id="oc-260">
         <name>.debug_info</name>
         <load_address>0xd0cb</load_address>
         <run_address>0xd0cb</run_address>
         <size>0x240</size>
         <input_file_ref idref="fl-12"/>
      </object_component>
      <object_component id="oc-310">
         <name>.debug_info</name>
         <load_address>0xd30b</load_address>
         <run_address>0xd30b</run_address>
         <size>0x15b</size>
         <input_file_ref idref="fl-12"/>
      </object_component>
      <object_component id="oc-150">
         <name>.debug_info</name>
         <load_address>0xd466</load_address>
         <run_address>0xd466</run_address>
         <size>0x2a3</size>
         <input_file_ref idref="fl-12"/>
      </object_component>
      <object_component id="oc-287">
         <name>.debug_info</name>
         <load_address>0xd709</load_address>
         <run_address>0xd709</run_address>
         <size>0x2b3</size>
         <input_file_ref idref="fl-12"/>
      </object_component>
      <object_component id="oc-19d">
         <name>.debug_info</name>
         <load_address>0xd9bc</load_address>
         <run_address>0xd9bc</run_address>
         <size>0x316</size>
         <input_file_ref idref="fl-12"/>
      </object_component>
      <object_component id="oc-13f">
         <name>.debug_info</name>
         <load_address>0xdcd2</load_address>
         <run_address>0xdcd2</run_address>
         <size>0x285</size>
         <input_file_ref idref="fl-12"/>
      </object_component>
      <object_component id="oc-c1">
         <name>.debug_info</name>
         <load_address>0xdf57</load_address>
         <run_address>0xdf57</run_address>
         <size>0x27b</size>
         <input_file_ref idref="fl-12"/>
      </object_component>
      <object_component id="oc-1f6">
         <name>.debug_info</name>
         <load_address>0xe1d2</load_address>
         <run_address>0xe1d2</run_address>
         <size>0x280</size>
         <input_file_ref idref="fl-12"/>
      </object_component>
      <object_component id="oc-144">
         <name>.debug_info</name>
         <load_address>0xe452</load_address>
         <run_address>0xe452</run_address>
         <size>0x2bb</size>
         <input_file_ref idref="fl-12"/>
      </object_component>
      <object_component id="oc-175">
         <name>.debug_info</name>
         <load_address>0xe70d</load_address>
         <run_address>0xe70d</run_address>
         <size>0x27f</size>
         <input_file_ref idref="fl-12"/>
      </object_component>
      <object_component id="oc-14a">
         <name>.debug_info</name>
         <load_address>0xe98c</load_address>
         <run_address>0xe98c</run_address>
         <size>0x28f</size>
         <input_file_ref idref="fl-12"/>
      </object_component>
      <object_component id="oc-17b">
         <name>.debug_info</name>
         <load_address>0xec1b</load_address>
         <run_address>0xec1b</run_address>
         <size>0x28d</size>
         <input_file_ref idref="fl-12"/>
      </object_component>
      <object_component id="oc-27c">
         <name>.debug_info</name>
         <load_address>0xeea8</load_address>
         <run_address>0xeea8</run_address>
         <size>0x20e</size>
         <input_file_ref idref="fl-13"/>
      </object_component>
      <object_component id="oc-279">
         <name>.debug_info</name>
         <load_address>0xf0b6</load_address>
         <run_address>0xf0b6</run_address>
         <size>0x210</size>
         <input_file_ref idref="fl-13"/>
      </object_component>
      <object_component id="oc-27e">
         <name>.debug_info</name>
         <load_address>0xf2c6</load_address>
         <run_address>0xf2c6</run_address>
         <size>0x14e</size>
         <input_file_ref idref="fl-13"/>
      </object_component>
      <object_component id="oc-120">
         <name>.debug_info</name>
         <load_address>0xf414</load_address>
         <run_address>0xf414</run_address>
         <size>0x2c9</size>
         <input_file_ref idref="fl-13"/>
      </object_component>
      <object_component id="oc-b2">
         <name>.debug_info</name>
         <load_address>0xf6dd</load_address>
         <run_address>0xf6dd</run_address>
         <size>0x23e</size>
         <input_file_ref idref="fl-13"/>
      </object_component>
      <object_component id="oc-11a">
         <name>.debug_info</name>
         <load_address>0xf91b</load_address>
         <run_address>0xf91b</run_address>
         <size>0x268</size>
         <input_file_ref idref="fl-13"/>
      </object_component>
      <object_component id="oc-168">
         <name>.debug_info</name>
         <load_address>0xfb83</load_address>
         <run_address>0xfb83</run_address>
         <size>0x26a</size>
         <input_file_ref idref="fl-13"/>
      </object_component>
      <object_component id="oc-284">
         <name>.debug_info</name>
         <load_address>0xfded</load_address>
         <run_address>0xfded</run_address>
         <size>0x298</size>
         <input_file_ref idref="fl-14"/>
      </object_component>
      <object_component id="oc-1e6">
         <name>.debug_info</name>
         <load_address>0x10085</load_address>
         <run_address>0x10085</run_address>
         <size>0x14d</size>
         <input_file_ref idref="fl-14"/>
      </object_component>
      <object_component id="oc-138">
         <name>.debug_info</name>
         <load_address>0x101d2</load_address>
         <run_address>0x101d2</run_address>
         <size>0x27f</size>
         <input_file_ref idref="fl-14"/>
      </object_component>
      <object_component id="oc-132">
         <name>.debug_info</name>
         <load_address>0x10451</load_address>
         <run_address>0x10451</run_address>
         <size>0x27d</size>
         <input_file_ref idref="fl-14"/>
      </object_component>
      <object_component id="oc-82">
         <name>.debug_info</name>
         <load_address>0x106ce</load_address>
         <run_address>0x106ce</run_address>
         <size>0x2b5</size>
         <input_file_ref idref="fl-14"/>
      </object_component>
      <object_component id="oc-37f">
         <name>.debug_info</name>
         <load_address>0x10983</load_address>
         <run_address>0x10983</run_address>
         <size>0x5f</size>
         <input_file_ref idref="fl-14"/>
      </object_component>
      <object_component id="oc-1ef">
         <name>.debug_info</name>
         <load_address>0x109e2</load_address>
         <run_address>0x109e2</run_address>
         <size>0x19d</size>
         <input_file_ref idref="fl-15"/>
      </object_component>
      <object_component id="oc-88">
         <name>.debug_info</name>
         <load_address>0x10b7f</load_address>
         <run_address>0x10b7f</run_address>
         <size>0x261</size>
         <input_file_ref idref="fl-15"/>
      </object_component>
      <object_component id="oc-8e">
         <name>.debug_info</name>
         <load_address>0x10de0</load_address>
         <run_address>0x10de0</run_address>
         <size>0x227</size>
         <input_file_ref idref="fl-15"/>
      </object_component>
      <object_component id="oc-94">
         <name>.debug_info</name>
         <load_address>0x11007</load_address>
         <run_address>0x11007</run_address>
         <size>0x221</size>
         <input_file_ref idref="fl-15"/>
      </object_component>
      <object_component id="oc-272">
         <name>.debug_info</name>
         <load_address>0x11228</load_address>
         <run_address>0x11228</run_address>
         <size>0x1fa</size>
         <input_file_ref idref="fl-16"/>
      </object_component>
      <object_component id="oc-f0">
         <name>.debug_info</name>
         <load_address>0x11422</load_address>
         <run_address>0x11422</run_address>
         <size>0x212</size>
         <input_file_ref idref="fl-16"/>
      </object_component>
      <object_component id="oc-f6">
         <name>.debug_info</name>
         <load_address>0x11634</load_address>
         <run_address>0x11634</run_address>
         <size>0x26c</size>
         <input_file_ref idref="fl-16"/>
      </object_component>
      <object_component id="oc-114">
         <name>.debug_info</name>
         <load_address>0x118a0</load_address>
         <run_address>0x118a0</run_address>
         <size>0x3fa</size>
         <input_file_ref idref="fl-16"/>
      </object_component>
      <object_component id="oc-12c">
         <name>.debug_info</name>
         <load_address>0x11c9a</load_address>
         <run_address>0x11c9a</run_address>
         <size>0x26a</size>
         <input_file_ref idref="fl-16"/>
      </object_component>
      <object_component id="oc-162">
         <name>.debug_info</name>
         <load_address>0x11f04</load_address>
         <run_address>0x11f04</run_address>
         <size>0x26c</size>
         <input_file_ref idref="fl-16"/>
      </object_component>
      <object_component id="oc-10e">
         <name>.debug_info</name>
         <load_address>0x12170</load_address>
         <run_address>0x12170</run_address>
         <size>0x2e6</size>
         <input_file_ref idref="fl-16"/>
      </object_component>
      <object_component id="oc-108">
         <name>.debug_info</name>
         <load_address>0x12456</load_address>
         <run_address>0x12456</run_address>
         <size>0x2b1</size>
         <input_file_ref idref="fl-16"/>
      </object_component>
      <object_component id="oc-102">
         <name>.debug_info</name>
         <load_address>0x12707</load_address>
         <run_address>0x12707</run_address>
         <size>0x2b3</size>
         <input_file_ref idref="fl-16"/>
      </object_component>
      <object_component id="oc-372">
         <name>.debug_info</name>
         <load_address>0x129ba</load_address>
         <run_address>0x129ba</run_address>
         <size>0x86</size>
         <input_file_ref idref="fl-16"/>
      </object_component>
      <object_component id="oc-258">
         <name>.debug_info</name>
         <load_address>0x12a40</load_address>
         <run_address>0x12a40</run_address>
         <size>0x212</size>
         <input_file_ref idref="fl-17"/>
      </object_component>
      <object_component id="oc-3c9">
         <name>.debug_info</name>
         <load_address>0x12c52</load_address>
         <run_address>0x12c52</run_address>
         <size>0x363</size>
         <input_file_ref idref="fl-cd"/>
      </object_component>
      <object_component id="oc-3bb">
         <name>.debug_info</name>
         <load_address>0x12fb5</load_address>
         <run_address>0x12fb5</run_address>
         <size>0x128</size>
         <input_file_ref idref="fl-cd"/>
      </object_component>
      <object_component id="oc-31b">
         <name>.debug_info</name>
         <load_address>0x130dd</load_address>
         <run_address>0x130dd</run_address>
         <size>0xbdf</size>
         <input_file_ref idref="fl-cd"/>
      </object_component>
      <object_component id="oc-417">
         <name>.debug_info</name>
         <load_address>0x13cbc</load_address>
         <run_address>0x13cbc</run_address>
         <size>0x46</size>
         <input_file_ref idref="fl-cd"/>
      </object_component>
      <object_component id="oc-3c4">
         <name>.debug_info</name>
         <load_address>0x13d02</load_address>
         <run_address>0x13d02</run_address>
         <size>0x39</size>
         <input_file_ref idref="fl-cd"/>
      </object_component>
      <object_component id="oc-402">
         <name>.debug_info</name>
         <load_address>0x13d3b</load_address>
         <run_address>0x13d3b</run_address>
         <size>0x2ca</size>
         <input_file_ref idref="fl-ce"/>
      </object_component>
      <object_component id="oc-3af">
         <name>.debug_info</name>
         <load_address>0x14005</load_address>
         <run_address>0x14005</run_address>
         <size>0x24e</size>
         <input_file_ref idref="fl-ce"/>
      </object_component>
      <object_component id="oc-411">
         <name>.debug_info</name>
         <load_address>0x14253</load_address>
         <run_address>0x14253</run_address>
         <size>0x2fd</size>
         <input_file_ref idref="fl-cf"/>
      </object_component>
      <object_component id="oc-3be">
         <name>.debug_info</name>
         <load_address>0x14550</load_address>
         <run_address>0x14550</run_address>
         <size>0x225</size>
         <input_file_ref idref="fl-cf"/>
      </object_component>
      <object_component id="oc-442">
         <name>.debug_info</name>
         <load_address>0x14775</load_address>
         <run_address>0x14775</run_address>
         <size>0x39</size>
         <input_file_ref idref="fl-cf"/>
      </object_component>
      <object_component id="oc-412">
         <name>.debug_info</name>
         <load_address>0x147ae</load_address>
         <run_address>0x147ae</run_address>
         <size>0x2c</size>
         <input_file_ref idref="fl-cf"/>
      </object_component>
      <object_component id="oc-40c">
         <name>.debug_info</name>
         <load_address>0x147da</load_address>
         <run_address>0x147da</run_address>
         <size>0x161</size>
         <input_file_ref idref="fl-d0"/>
      </object_component>
      <object_component id="oc-248">
         <name>.debug_info</name>
         <load_address>0x1493b</load_address>
         <run_address>0x1493b</run_address>
         <size>0x1cb</size>
         <input_file_ref idref="fl-d1"/>
      </object_component>
      <object_component id="oc-236">
         <name>.debug_info</name>
         <load_address>0x14b06</load_address>
         <run_address>0x14b06</run_address>
         <size>0x14c</size>
         <input_file_ref idref="fl-d2"/>
      </object_component>
      <object_component id="oc-34d">
         <name>.debug_info</name>
         <load_address>0x14c52</load_address>
         <run_address>0x14c52</run_address>
         <size>0x128</size>
         <input_file_ref idref="fl-d3"/>
      </object_component>
      <object_component id="oc-349">
         <name>.debug_info</name>
         <load_address>0x14d7a</load_address>
         <run_address>0x14d7a</run_address>
         <size>0x12a</size>
         <input_file_ref idref="fl-d3"/>
      </object_component>
      <object_component id="oc-24d">
         <name>.debug_info</name>
         <load_address>0x14ea4</load_address>
         <run_address>0x14ea4</run_address>
         <size>0x13a</size>
         <input_file_ref idref="fl-d4"/>
      </object_component>
      <object_component id="oc-240">
         <name>.debug_info</name>
         <load_address>0x14fde</load_address>
         <run_address>0x14fde</run_address>
         <size>0x13a</size>
         <input_file_ref idref="fl-d5"/>
      </object_component>
      <object_component id="oc-35d">
         <name>.debug_info</name>
         <load_address>0x15118</load_address>
         <run_address>0x15118</run_address>
         <size>0x12e</size>
         <input_file_ref idref="fl-d6"/>
      </object_component>
      <object_component id="oc-321">
         <name>.debug_info</name>
         <load_address>0x15246</load_address>
         <run_address>0x15246</run_address>
         <size>0x13e</size>
         <input_file_ref idref="fl-d7"/>
      </object_component>
      <object_component id="oc-23b">
         <name>.debug_info</name>
         <load_address>0x15384</load_address>
         <run_address>0x15384</run_address>
         <size>0x12c</size>
         <input_file_ref idref="fl-d8"/>
      </object_component>
      <object_component id="oc-316">
         <name>.debug_info</name>
         <load_address>0x154b0</load_address>
         <run_address>0x154b0</run_address>
         <size>0x12c</size>
         <input_file_ref idref="fl-d9"/>
      </object_component>
      <object_component id="oc-231">
         <name>.debug_info</name>
         <load_address>0x155dc</load_address>
         <run_address>0x155dc</run_address>
         <size>0x12e</size>
         <input_file_ref idref="fl-da"/>
      </object_component>
      <object_component id="oc-1ce">
         <name>.debug_info</name>
         <load_address>0x1570a</load_address>
         <run_address>0x1570a</run_address>
         <size>0x147</size>
         <input_file_ref idref="fl-db"/>
      </object_component>
      <object_component id="oc-1cc">
         <name>.debug_info</name>
         <load_address>0x15851</load_address>
         <run_address>0x15851</run_address>
         <size>0x2d4</size>
         <input_file_ref idref="fl-dc"/>
      </object_component>
      <object_component id="oc-5a">
         <name>.debug_info</name>
         <load_address>0x15b25</load_address>
         <run_address>0x15b25</run_address>
         <size>0x1d2</size>
         <input_file_ref idref="fl-dc"/>
      </object_component>
      <object_component id="oc-1c7">
         <name>.debug_info</name>
         <load_address>0x15cf7</load_address>
         <run_address>0x15cf7</run_address>
         <size>0x46</size>
         <input_file_ref idref="fl-dc"/>
      </object_component>
      <object_component id="oc-2c4">
         <name>.debug_info</name>
         <load_address>0x15d3d</load_address>
         <run_address>0x15d3d</run_address>
         <size>0x2c</size>
         <input_file_ref idref="fl-dc"/>
      </object_component>
      <object_component id="oc-58">
         <name>.debug_info</name>
[...]
      <symbol id="sm-3b6">
         <name>available_frequencies</name>
         <value>0x20000c88</value>
         <object_component_ref idref="oc-1a4"/>
      </symbol>
      <symbol id="sm-3cc">
         <name>timer_set_frequency</name>
         <value>0x48d3</value>
         <object_component_ref idref="oc-a5"/>
      </symbol>
      <symbol id="sm-3cd">
         <name>timer_deactivate</name>
         <value>0x4915</value>
         <object_component_ref idref="oc-a5"/>
      </symbol>
      <symbol id="sm-3ce">
         <name>timer_init</name>
         <value>0x4871</value>
         <object_component_ref idref="oc-a5"/>
      </symbol>
      <symbol id="sm-3cf">
         <name>timer_activate</name>
         <value>0x48f9</value>
         <object_component_ref idref="oc-a5"/>
      </symbol>
      <symbol id="sm-3eb">
         <name>ResetISR</name>
         <value>0x552b</value>
         <object_component_ref idref="oc-27"/>
      </symbol>
      <symbol id="sm-3ec">
         <name>g_pfnVectors</name>
         <value>0x0</value>
         <object_component_ref idref="oc-12"/>
      </symbol>
      <symbol id="sm-417">
         <name>uart_put_uint</name>
         <value>0x3849</value>
         <object_component_ref idref="oc-99"/>
      </symbol>
      <symbol id="sm-418">
         <name>uart_put_int</name>
         <value>0x3809</value>
         <object_component_ref idref="oc-99"/>
      </symbol>
      <symbol id="sm-419">
         <name>uart_set_baud</name>
         <value>0x3787</value>
         <object_component_ref idref="oc-99"/>
      </symbol>
      <symbol id="sm-41a">
         <name>UART0RXIntHandler</name>
         <value>0x38af</value>
         <object_component_ref idref="oc-99"/>
      </symbol>
      <symbol id="sm-41b">
         <name>uart_init</name>
         <value>0x36f9</value>
         <object_component_ref idref="oc-99"/>
      </symbol>
      <symbol id="sm-41c">
         <name>uart_put_s</name>
         <value>0x37d1</value>
         <object_component_ref idref="oc-99"/>
      </symbol>
      <symbol id="sm-41d">
         <name>uart_put_c</name>
         <value>0x37a5</value>
         <object_component_ref idref="oc-99"/>
      </symbol>
      <symbol id="sm-41e">
         <name>uart_put_float</name>
         <value>0x3877</value>
         <object_component_ref idref="oc-99"/>
      </symbol>
      <symbol id="sm-4c3">
         <name>menu_level</name>
         <value>0x20000cea</value>
         <object_component_ref idref="oc-1a1"/>
      </symbol>
      <symbol id="sm-4c4">
         <name>bool_string</name>
         <value>0x20000d20</value>
         <object_component_ref idref="oc-1aa"/>
      </symbol>
      <symbol id="sm-4c5">
         <name>rotary_count</name>
         <value>0x20000ce8</value>
         <object_component_ref idref="oc-1a1"/>
      </symbol>
      <symbol id="sm-4c6">
         <name>atten_string</name>
         <value>0x20000d14</value>
         <object_component_ref idref="oc-1ad"/>
      </symbol>
      <symbol id="sm-4c7">
         <name>ui_init</name>
         <value>0x2a4d</value>
         <object_component_ref idref="oc-39"/>
      </symbol>
      <symbol id="sm-4c8">
         <name>ui_update</name>
         <value>0x2ad9</value>
         <object_component_ref idref="oc-39"/>
      </symbol>
      <symbol id="sm-4c9">
         <name>menu_column</name>
         <value>0x20000cec</value>
         <object_component_ref idref="oc-1a1"/>
      </symbol>
      <symbol id="sm-4ca">
         <name>menu_row</name>
         <value>0x20000ceb</value>
         <object_component_ref idref="oc-1a1"/>
      </symbol>
      <symbol id="sm-4cb">
         <name>trig_string</name>
         <value>0x20000cd0</value>
         <object_component_ref idref="oc-1a7"/>
      </symbol>
      <symbol id="sm-4cc">
         <name>GPIODIntHandler</name>
         <value>0x3041</value>
         <object_component_ref idref="oc-39"/>
      </symbol>
      <symbol id="sm-4cd">
         <name>menu_refresh</name>
         <value>0x20000cf0</value>
         <object_component_ref idref="oc-1a1"/>
      </symbol>
      <symbol id="sm-4ce">
         <name>button_count</name>
         <value>0x20000ce9</value>
         <object_component_ref idref="oc-1a1"/>
      </symbol>
      <symbol id="sm-53b">
         <name>ADCIntEnableEx</name>
         <value>0x554f</value>
         <object_component_ref idref="oc-125"/>
      </symbol>
      <symbol id="sm-53c">
         <name>ADCProcessorTrigger</name>
         <value>0x5409</value>
         <object_component_ref idref="oc-187"/>
      </symbol>
      <symbol id="sm-53d">
         <name>ADCSequenceDMAEnable</name>
         <value>0x548b</value>
         <object_component_ref idref="oc-fb"/>
      </symbol>
      <symbol id="sm-53e">
         <name>ADCSequenceEnable</name>
         <value>0x54e9</value>
         <object_component_ref idref="oc-e9"/>
      </symbol>
      <symbol id="sm-53f">
         <name>ADCSequenceConfigure</name>
         <value>0x4f83</value>
         <object_component_ref idref="oc-dd"/>
      </symbol>
      <symbol id="sm-540">
         <name>ADCSequenceStepConfigure</name>
         <value>0x4c25</value>
         <object_component_ref idref="oc-e3"/>
      </symbol>
      <symbol id="sm-541">
         <name>ADCIntClear</name>
         <value>0x5545</value>
         <object_component_ref idref="oc-155"/>
      </symbol>
      <symbol id="sm-542">
         <name>ADCHardwareOversampleConfigure</name>
         <value>0x54cd</value>
         <object_component_ref idref="oc-d1"/>
      </symbol>
      <symbol id="sm-543">
         <name>ADCIntStatus</name>
         <value>0x5299</value>
         <object_component_ref idref="oc-18d"/>
      </symbol>
      <symbol id="sm-544">
         <name>ADCSequenceDisable</name>
         <value>0x54db</value>
         <object_component_ref idref="oc-d7"/>
      </symbol>
      <symbol id="sm-545">
         <name>ADCSequenceDataGet</name>
         <value>0x53b5</value>
         <object_component_ref idref="oc-193"/>
      </symbol>
      <symbol id="sm-5a7">
         <name>GPIOPinConfigure</name>
         <value>0x5021</value>
         <object_component_ref idref="oc-1f2"/>
      </symbol>
      <symbol id="sm-5a8">
         <name>GPIOIntEnable</name>
         <value>0x551f</value>
         <object_component_ref idref="oc-149"/>
      </symbol>
      <symbol id="sm-5a9">
         <name>GPIOIntTypeSet</name>
         <value>0x4f2d</value>
         <object_component_ref idref="oc-143"/>
      </symbol>
      <symbol id="sm-5aa">
         <name>GPIOPinTypeGPIOInput</name>
         <value>0x5479</value>
         <object_component_ref idref="oc-13d"/>
      </symbol>
      <symbol id="sm-5ab">
         <name>GPIOIntClear</name>
         <value>0x5561</value>
         <object_component_ref idref="oc-17a"/>
      </symbol>
      <symbol id="sm-5ac">
         <name>GPIOIntStatus</name>
         <value>0x54f7</value>
         <object_component_ref idref="oc-174"/>
      </symbol>
      <symbol id="sm-5ad">
         <name>GPIOPinRead</name>
         <value>0x5567</value>
         <object_component_ref idref="oc-bd"/>
      </symbol>
      <symbol id="sm-5ae">
         <name>GPIODirModeSet</name>
         <value>0x5323</value>
         <object_component_ref idref="oc-286"/>
      </symbol>
      <symbol id="sm-5af">
         <name>GPIOPinWrite</name>
         <value>0x556d</value>
         <object_component_ref idref="oc-14f"/>
      </symbol>
      <symbol id="sm-5b0">
         <name>GPIOPadConfigSet</name>
         <value>0x4247</value>
         <object_component_ref idref="oc-19b"/>
      </symbol>
      <symbol id="sm-604">
         <name>IntPrioritySet</name>
         <value>0x534d</value>
         <object_component_ref idref="oc-11f"/>
      </symbol>
      <symbol id="sm-605">
         <name>IntEnable</name>
         <value>0x4e5d</value>
         <object_component_ref idref="oc-119"/>
      </symbol>
      <symbol id="sm-606">
         <name>IntDisable</name>
         <value>0x4df5</value>
         <object_component_ref idref="oc-167"/>
      </symbol>
      <symbol id="sm-607">
         <name>IntMasterEnable</name>
         <value>0x549b</value>
         <object_component_ref idref="oc-b1"/>
      </symbol>
      <symbol id="sm-64e">
         <name>SysCtlDelay</name>
         <value>0x5573</value>
         <object_component_ref idref="oc-80"/>
      </symbol>
      <symbol id="sm-64f">
         <name>SysCtlPeripheralEnable</name>
         <value>0x5231</value>
         <object_component_ref idref="oc-131"/>
      </symbol>
      <symbol id="sm-650">
         <name>SysCtlClockGet</name>
         <value>0x4379</value>
         <object_component_ref idref="oc-81"/>
      </symbol>
      <symbol id="sm-651">
         <name>SysCtlPeripheralReady</name>
         <value>0x51c1</value>
         <object_component_ref idref="oc-137"/>
      </symbol>
      <symbol id="sm-674">
         <name>SysTickEnable</name>
         <value>0x5451</value>
         <object_component_ref idref="oc-93"/>
      </symbol>
      <symbol id="sm-675">
         <name>SysTickIntEnable</name>
         <value>0x5465</value>
         <object_component_ref idref="oc-8d"/>
      </symbol>
      <symbol id="sm-676">
         <name>SysTickPeriodSet</name>
         <value>0x54ad</value>
         <object_component_ref idref="oc-87"/>
      </symbol>
      <symbol id="sm-6de">
         <name>uDMAChannelControlSet</name>
         <value>0x5371</value>
         <object_component_ref idref="oc-10d"/>
      </symbol>
      <symbol id="sm-6df">
         <name>uDMAChannelDisable</name>
         <value>0x5421</value>
         <object_component_ref idref="oc-161"/>
      </symbol>
      <symbol id="sm-6e0">
         <name>uDMAChannelAttributeEnable</name>
         <value>0x50f9</value>
         <object_component_ref idref="oc-107"/>
      </symbol>
      <symbol id="sm-6e1">
         <name>uDMAChannelTransferSet</name>
         <value>0x4ba1</value>
         <object_component_ref idref="oc-113"/>
      </symbol>
      <symbol id="sm-6e2">
         <name>uDMAEnable</name>
         <value>0x54bd</value>
         <object_component_ref idref="oc-ef"/>
      </symbol>
      <symbol id="sm-6e3">
         <name>uDMAControlBaseSet</name>
         <value>0x5539</value>
         <object_component_ref idref="oc-f5"/>
      </symbol>
      <symbol id="sm-6e4">
         <name>uDMAChannelAttributeDisable</name>
         <value>0x50b1</value>
         <object_component_ref idref="oc-101"/>
      </symbol>
      <symbol id="sm-6e5">
         <name>uDMAChannelEnable</name>
         <value>0x5439</value>
         <object_component_ref idref="oc-12b"/>
      </symbol>
      <symbol id="sm-6ef">
         <name>CPUcpsie</name>
         <value>0x5513</value>
         <object_component_ref idref="oc-257"/>
      </symbol>
      <symbol id="sm-786">
         <name>pow</name>
         <value>0x208d</value>
         <object_component_ref idref="oc-31a"/>
      </symbol>
      <symbol id="sm-787">
         <name>powl</name>
         <value>0x208d</value>
         <object_component_ref idref="oc-31a"/>
      </symbol>
      <symbol id="sm-7a9">
         <name>sqrtl</name>
         <value>0x3fb9</value>
         <object_component_ref idref="oc-3ae"/>
      </symbol>
      <symbol id="sm-7aa">
         <name>sqrt</name>
         <value>0x3fb9</value>
         <object_component_ref idref="oc-3ae"/>
      </symbol>
      <symbol id="sm-7d1">
         <name>scalbn</name>
         <value>0x4489</value>
         <object_component_ref idref="oc-3bd"/>
      </symbol>
      <symbol id="sm-7d2">
         <name>scalbnl</name>
         <value>0x4489</value>
         <object_component_ref idref="oc-3bd"/>
      </symbol>
      <symbol id="sm-7d3">
         <name>ldexpl</name>
         <value>0x4489</value>
         <object_component_ref idref="oc-3bd"/>
      </symbol>
      <symbol id="sm-7d4">
         <name>ldexp</name>
         <value>0x4489</value>
         <object_component_ref idref="oc-3bd"/>
      </symbol>
      <symbol id="sm-7de">
         <name>copysign</name>
         <value>0x53ef</value>
         <object_component_ref idref="oc-40a"/>
      </symbol>
      <symbol id="sm-7df">
         <name>copysignl</name>
         <value>0x53ef</value>
         <object_component_ref idref="oc-40a"/>
      </symbol>
      <symbol id="sm-7ee">
         <name>lround</name>
         <value>0x4fd5</value>
         <object_component_ref idref="oc-244"/>
      </symbol>
      <symbol id="sm-805">
         <name>__aeabi_dsub</name>
         <value>0x3ac9</value>
         <object_component_ref idref="oc-235"/>
      </symbol>
      <symbol id="sm-806">
         <name>__aeabi_dadd</name>
         <value>0x3ad3</value>
         <object_component_ref idref="oc-235"/>
      </symbol>
      <symbol id="sm-828">
         <name>__aeabi_cdcmpeq</name>
         <value>0x4a95</value>
         <object_component_ref idref="oc-34b"/>
      </symbol>
      <symbol id="sm-829">
         <name>__aeabi_cdcmple</name>
         <value>0x4a95</value>
         <object_component_ref idref="oc-34b"/>
      </symbol>
      <symbol id="sm-82a">
         <name>__aeabi_cdrcmple</name>
         <value>0x4b1b</value>
         <object_component_ref idref="oc-346"/>
      </symbol>
      <symbol id="sm-83e">
         <name>__aeabi_ddiv</name>
         <value>0x4111</value>
         <object_component_ref idref="oc-24a"/>
      </symbol>
      <symbol id="sm-849">
         <name>__aeabi_dmul</name>
         <value>0x4599</value>
         <object_component_ref idref="oc-23f"/>
      </symbol>
      <symbol id="sm-853">
         <name>__aeabi_d2iz</name>
         <value>0x5069</value>
         <object_component_ref idref="oc-35c"/>
      </symbol>
      <symbol id="sm-85f">
         <name>__aeabi_d2f</name>
         <value>0x4d87</value>
         <object_component_ref idref="oc-320"/>
      </symbol>
      <symbol id="sm-86a">
         <name>__aeabi_f2d</name>
         <value>0x51f9</value>
         <object_component_ref idref="oc-23a"/>
      </symbol>
      <symbol id="sm-874">
         <name>__aeabi_i2d</name>
         <value>0x52f5</value>
         <object_component_ref idref="oc-315"/>
      </symbol>
      <symbol id="sm-87e">
         <name>__aeabi_ui2d</name>
         <value>0x5395</value>
         <object_component_ref idref="oc-230"/>
      </symbol>
      <symbol id="sm-88d">
         <name>__aeabi_memset</name>
         <value>0x4ca1</value>
         <object_component_ref idref="oc-1cd"/>
      </symbol>
      <symbol id="sm-88e">
         <name>memset</name>
         <value>0x4ca7</value>
         <object_component_ref idref="oc-1cd"/>
      </symbol>
      <symbol id="sm-88f">
         <name>__aeabi_memset8</name>
         <value>0x4ca1</value>
         <object_component_ref idref="oc-1cd"/>
      </symbol>
      <symbol id="sm-890">
         <name>__aeabi_memset4</name>
         <value>0x4ca1</value>
         <object_component_ref idref="oc-1cd"/>
      </symbol>
      <symbol id="sm-891">
         <name>__aeabi_memclr8</name>
         <value>0x4c9f</value>
         <object_component_ref idref="oc-1cd"/>
      </symbol>
      <symbol id="sm-892">
         <name>__aeabi_memclr4</name>
         <value>0x4c9f</value>
         <object_component_ref idref="oc-1cd"/>
      </symbol>
      <symbol id="sm-893">
         <name>__aeabi_memclr</name>
         <value>0x4c9f</value>
         <object_component_ref idref="oc-1cd"/>
      </symbol>
      <symbol id="sm-8ac">
         <name>__TI_zero_init_nomemset</name>
         <value>0x53d3</value>
         <object_component_ref idref="oc-59"/>
      </symbol>
      <symbol id="sm-8c3">
         <name>__TI_decompress_none</name>
         <value>0x5505</value>
         <object_component_ref idref="oc-1b"/>
      </symbol>
      <symbol id="sm-8e6">
         <name>__TI_decompress_lzss</name>
         <value>0x4ec5</value>
         <object_component_ref idref="oc-15"/>
      </symbol>
      <symbol id="sm-8f7">
         <name>ltoa</name>
         <value>0x4d19</value>
         <object_component_ref idref="oc-1f8"/>
      </symbol>
      <symbol id="sm-90d">
         <name>__aeabi_errno_addr</name>
         <value>0x5559</value>
         <object_component_ref idref="oc-3b4"/>
      </symbol>
      <symbol id="sm-90e">
         <name>errno</name>
         <value>0x20000d38</value>
         <object_component_ref idref="oc-403"/>
      </symbol>
      <symbol id="sm-921">
         <name>__stack</name>
         <value>0x20000d40</value>
         <object_component_ref idref="oc-24"/>
      </symbol>
      <symbol id="sm-922">
         <name>_c_int00_noargs</name>
         <value>0x5265</value>
         <object_component_ref idref="oc-6b"/>
      </symbol>
      <symbol id="sm-93a">
         <name>roundl</name>
         <value>0x4939</value>
         <object_component_ref idref="oc-356"/>
      </symbol>
      <symbol id="sm-93b">
         <name>round</name>
         <value>0x4939</value>
         <object_component_ref idref="oc-356"/>
      </symbol>
      <symbol id="sm-945">
         <name>__softfloat_float_raise</name>
         <value>0x5579</value>
         <object_component_ref idref="oc-350"/>
      </symbol>
      <symbol id="sm-960">
         <name>memcpy</name>
         <value>0x49f9</value>
         <object_component_ref idref="oc-4d"/>
      </symbol>
      <symbol id="sm-961">
         <name>__aeabi_memcpy</name>
         <value>0x49f9</value>
         <object_component_ref idref="oc-4d"/>
      </symbol>
      <symbol id="sm-962">
         <name>__aeabi_memcpy8</name>
         <value>0x49f9</value>
         <object_component_ref idref="oc-4d"/>
      </symbol>
      <symbol id="sm-963">
         <name>__aeabi_memcpy4</name>
         <value>0x49f9</value>
         <object_component_ref idref="oc-4d"/>
      </symbol>
      <symbol id="sm-98b">
         <name>__TI_auto_init_nobinit_nopinit</name>
         <value>0x5141</value>
         <object_component_ref idref="oc-2d9"/>
      </symbol>
      <symbol id="sm-995">
         <name>_system_pre_init</name>
         <value>0x557f</value>
         <object_component_ref idref="oc-1d3"/>
      </symbol>
      <symbol id="sm-9a1">
         <name>C$$EXIT</name>
         <value>0x5583</value>
         <object_component_ref idref="oc-2cd"/>
      </symbol>
      <symbol id="sm-9a2">
         <name>abort</name>
         <value>0x5583</value>
         <object_component_ref idref="oc-2cd"/>
      </symbol>
      <symbol id="sm-9b7">
         <name>_nop</name>
         <value>0x3c7f</value>
         <object_component_ref idref="oc-3e2"/>
      </symbol>
      <symbol id="sm-9b8">
         <name>_lock</name>
         <value>0x20000d2c</value>
         <object_component_ref idref="oc-38d"/>
      </symbol>
      <symbol id="sm-9b9">
         <name>_unlock</name>
         <value>0x20000d30</value>
         <object_component_ref idref="oc-38d"/>
      </symbol>
      <symbol id="sm-9e2">
         <name>raise</name>
         <value>0x52c7</value>
         <object_component_ref idref="oc-3d0"/>
      </symbol>
      <symbol id="sm-9e3">
         <name>signal</name>
         <value>0x5185</value>
         <object_component_ref idref="oc-41e"/>
      </symbol>
      <symbol id="sm-a00">
         <name>floorl</name>
         <value>0x4695</value>
         <object_component_ref idref="oc-3d7"/>
      </symbol>
      <symbol id="sm-a01">
         <name>floor</name>
         <value>0x4695</value>
         <object_component_ref idref="oc-3d7"/>
      </symbol>
      <symbol id="sm-a02">
         <name>__TI_static_base__</name>
         <value>0x0</value>
      </symbol>
      <symbol id="sm-a05">
         <name>__mpu_init</name>
         <value>0x0</value>
      </symbol>
      <symbol id="sm-a06">
         <name>_system_post_cinit</name>
         <value>0x0</value>
      </symbol>
   </symbol_table>
   <title>Link successful</title>
</link_info>
