<?xml version="1.0" encoding="ISO-8859-1" ?>
<link_info>
   <banner>TI ARM Linker Unix v20.2.1.LTS</banner>
   <copyright>Copyright (c) 1996-2018 Texas Instruments Incorporated</copyright>
   <link_time>0x5f0320b3</link_time>
   <link_errors>0x0</link_errors>
   <output_file>Oszilloscope_project.out</output_file>
   <entry_point>
      <name>_c_int00_noargs</name>
      <address>0x541d</address>
   </entry_point>
   <input_file_list>
      <input_file id="fl-1">
         <path>./Source/</path>
         <kind>object</kind>
         <file>ST7735.obj</file>
         <name>ST7735.obj</name>
      </input_file>
      <input_file id="fl-2">
         <path>./Source/</path>
         <kind>object</kind>
         <file>adc.obj</file>
         <name>adc.obj</name>
      </input_file>
      <input_file id="fl-3">
         <path>./Source/</path>
         <kind>object</kind>
         <file>display.obj</file>
         <name>display.obj</name>
      </input_file>
      <input_file id="fl-4">
         <path>./Source/</path>
         <kind>object</kind>
         <file>dsp.obj</file>
         <name>dsp.obj</name>
      </input_file>
      <input_file id="fl-5">
         <path>./Source/</path>
         <kind>object</kind>
         <file>fifo.obj</file>
         <name>fifo.obj</name>
      </input_file>
      <input_file id="fl-6">
         <path>./Source/</path>
         <kind>object</kind>
         <file>helper_fkt.obj</file>
         <name>helper_fkt.obj</name>
      </input_file>
      <input_file id="fl-7">
         <path>./Source/</path>
         <kind>object</kind>
         <file>main.obj</file>
         <name>main.obj</name>
      </input_file>
      <input_file id="fl-8">
         <path>./Source/</path>
         <kind>object</kind>
         <file>timer.obj</file>
         <name>timer.obj</name>
      </input_file>
      <input_file id="fl-9">
         <path>./Source/</path>
         <kind>object</kind>
         <file>tm4c123gh6pm_startup_ccs.obj</file>
         <name>tm4c123gh6pm_startup_ccs.obj</name>
      </input_file>
      <input_file id="fl-a">
         <path>./Source/</path>
         <kind>object</kind>
         <file>uart.obj</file>
         <name>uart.obj</name>
      </input_file>
      <input_file id="fl-b">
         <path>./Source/</path>
         <kind>object</kind>
         <file>ui.obj</file>
         <name>ui.obj</name>
      </input_file>
      <input_file id="fl-10">
         <kind>object</kind>
         <file>&lt;internal&gt;</file>
         <name>&lt;internal&gt;</name>
      </input_file>
      <input_file id="fl-11">
         <path>/opt/tivaware/driverlib/ccs/Debug/</path>
         <kind>archive</kind>
         <file>driverlib.lib</file>
         <name>adc.obj</name>
      </input_file>
      <input_file id="fl-12">
         <path>/opt/tivaware/driverlib/ccs/Debug/</path>
         <kind>archive</kind>
         <file>driverlib.lib</file>
         <name>gpio.obj</name>
      </input_file>
      <input_file id="fl-13">
         <path>/opt/tivaware/driverlib/ccs/Debug/</path>
         <kind>archive</kind>
         <file>driverlib.lib</file>
         <name>interrupt.obj</name>
      </input_file>
      <input_file id="fl-14">
         <path>/opt/tivaware/driverlib/ccs/Debug/</path>
         <kind>archive</kind>
         <file>driverlib.lib</file>
         <name>sysctl.obj</name>
      </input_file>
      <input_file id="fl-15">
         <path>/opt/tivaware/driverlib/ccs/Debug/</path>
         <kind>archive</kind>
         <file>driverlib.lib</file>
         <name>systick.obj</name>
      </input_file>
      <input_file id="fl-16">
         <path>/opt/tivaware/driverlib/ccs/Debug/</path>
         <kind>archive</kind>
         <file>driverlib.lib</file>
         <name>udma.obj</name>
      </input_file>
      <input_file id="fl-17">
         <path>/opt/tivaware/driverlib/ccs/Debug/</path>
         <kind>archive</kind>
         <file>driverlib.lib</file>
         <name>cpu.obj</name>
      </input_file>
      <input_file id="fl-cd">
         <path>/home/k10l/Downloads/ccstudio/src/installdir/opt/ccstudio/ccs/tools/compiler/ti-cgt-arm_20.2.1.LTS/lib/</path>
         <kind>archive</kind>
         <file>rtsv7M4_T_le_v4SPD16_eabi.lib</file>
         <name>s_lround.c.obj</name>
      </input_file>
      <input_file id="fl-ce">
         <path>/home/k10l/Downloads/ccstudio/src/installdir/opt/ccstudio/ccs/tools/compiler/ti-cgt-arm_20.2.1.LTS/lib/</path>
         <kind>archive</kind>
         <file>rtsv7M4_T_le_v4SPD16_eabi.lib</file>
         <name>e_pow.c.obj</name>
      </input_file>
      <input_file id="fl-cf">
         <path>/home/k10l/Downloads/ccstudio/src/installdir/opt/ccstudio/ccs/tools/compiler/ti-cgt-arm_20.2.1.LTS/lib/</path>
         <kind>archive</kind>
         <file>rtsv7M4_T_le_v4SPD16_eabi.lib</file>
         <name>e_sqrt.c.obj</name>
      </input_file>
      <input_file id="fl-d0">
         <path>/home/k10l/Downloads/ccstudio/src/installdir/opt/ccstudio/ccs/tools/compiler/ti-cgt-arm_20.2.1.LTS/lib/</path>
         <kind>archive</kind>
         <file>rtsv7M4_T_le_v4SPD16_eabi.lib</file>
         <name>s_round.c.obj</name>
      </input_file>
      <input_file id="fl-d1">
         <path>/home/k10l/Downloads/ccstudio/src/installdir/opt/ccstudio/ccs/tools/compiler/ti-cgt-arm_20.2.1.LTS/lib/</path>
         <kind>archive</kind>
         <file>rtsv7M4_T_le_v4SPD16_eabi.lib</file>
         <name>s_scalbn.c.obj</name>
      </input_file>
      <input_file id="fl-d2">
         <path>/home/k10l/Downloads/ccstudio/src/installdir/opt/ccstudio/ccs/tools/compiler/ti-cgt-arm_20.2.1.LTS/lib/</path>
         <kind>archive</kind>
         <file>rtsv7M4_T_le_v4SPD16_eabi.lib</file>
         <name>ti_fenv.c.obj</name>
      </input_file>
      <input_file id="fl-d3">
         <path>/home/k10l/Downloads/ccstudio/src/installdir/opt/ccstudio/ccs/tools/compiler/ti-cgt-arm_20.2.1.LTS/lib/</path>
         <kind>archive</kind>
         <file>rtsv7M4_T_le_v4SPD16_eabi.lib</file>
         <name>memset_t2.asm.obj</name>
      </input_file>
      <input_file id="fl-d4">
         <path>/home/k10l/Downloads/ccstudio/src/installdir/opt/ccstudio/ccs/tools/compiler/ti-cgt-arm_20.2.1.LTS/lib/</path>
         <kind>archive</kind>
         <file>rtsv7M4_T_le_v4SPD16_eabi.lib</file>
         <name>fd_add_t2.asm.obj</name>
      </input_file>
      <input_file id="fl-d5">
         <path>/home/k10l/Downloads/ccstudio/src/installdir/opt/ccstudio/ccs/tools/compiler/ti-cgt-arm_20.2.1.LTS/lib/</path>
         <kind>archive</kind>
         <file>rtsv7M4_T_le_v4SPD16_eabi.lib</file>
         <name>fd_cmp_t2.asm.obj</name>
      </input_file>
      <input_file id="fl-d6">
         <path>/home/k10l/Downloads/ccstudio/src/installdir/opt/ccstudio/ccs/tools/compiler/ti-cgt-arm_20.2.1.LTS/lib/</path>
         <kind>archive</kind>
         <file>rtsv7M4_T_le_v4SPD16_eabi.lib</file>
         <name>fd_div_t2.asm.obj</name>
      </input_file>
      <input_file id="fl-d7">
         <path>/home/k10l/Downloads/ccstudio/src/installdir/opt/ccstudio/ccs/tools/compiler/ti-cgt-arm_20.2.1.LTS/lib/</path>
         <kind>archive</kind>
         <file>rtsv7M4_T_le_v4SPD16_eabi.lib</file>
         <name>fd_mul_t2.asm.obj</name>
      </input_file>
      <input_file id="fl-d8">
         <path>/home/k10l/Downloads/ccstudio/src/installdir/opt/ccstudio/ccs/tools/compiler/ti-cgt-arm_20.2.1.LTS/lib/</path>
         <kind>archive</kind>
         <file>rtsv7M4_T_le_v4SPD16_eabi.lib</file>
         <name>fd_toi_t2.asm.obj</name>
      </input_file>
      <input_file id="fl-d9">
         <path>/home/k10l/Downloads/ccstudio/src/installdir/opt/ccstudio/ccs/tools/compiler/ti-cgt-arm_20.2.1.LTS/lib/</path>
         <kind>archive</kind>
         <file>rtsv7M4_T_le_v4SPD16_eabi.lib</file>
         <name>fd_tos_t2.asm.obj</name>
      </input_file>
      <input_file id="fl-da">
         <path>/home/k10l/Downloads/ccstudio/src/installdir/opt/ccstudio/ccs/tools/compiler/ti-cgt-arm_20.2.1.LTS/lib/</path>
         <kind>archive</kind>
         <file>rtsv7M4_T_le_v4SPD16_eabi.lib</file>
         <name>i_tofd_t2.asm.obj</name>
      </input_file>
      <input_file id="fl-db">
         <path>/home/k10l/Downloads/ccstudio/src/installdir/opt/ccstudio/ccs/tools/compiler/ti-cgt-arm_20.2.1.LTS/lib/</path>
         <kind>archive</kind>
         <file>rtsv7M4_T_le_v4SPD16_eabi.lib</file>
         <name>u_tofd_t2.asm.obj</name>
      </input_file>
      <input_file id="fl-dc">
         <path>/home/k10l/Downloads/ccstudio/src/installdir/opt/ccstudio/ccs/tools/compiler/ti-cgt-arm_20.2.1.LTS/lib/</path>
         <kind>archive</kind>
         <file>rtsv7M4_T_le_v4SPD16_eabi.lib</file>
         <name>copy_zero_init.c.obj</name>
      </input_file>
      <input_file id="fl-dd">
         <path>/home/k10l/Downloads/ccstudio/src/installdir/opt/ccstudio/ccs/tools/compiler/ti-cgt-arm_20.2.1.LTS/lib/</path>
         <kind>archive</kind>
         <file>rtsv7M4_T_le_v4SPD16_eabi.lib</file>
         <name>copy_decompress_none.c.obj</name>
      </input_file>
      <input_file id="fl-de">
         <path>/home/k10l/Downloads/ccstudio/src/installdir/opt/ccstudio/ccs/tools/compiler/ti-cgt-arm_20.2.1.LTS/lib/</path>
         <kind>archive</kind>
         <file>rtsv7M4_T_le_v4SPD16_eabi.lib</file>
         <name>copy_decompress_lzss.c.obj</name>
      </input_file>
      <input_file id="fl-df">
         <path>/home/k10l/Downloads/ccstudio/src/installdir/opt/ccstudio/ccs/tools/compiler/ti-cgt-arm_20.2.1.LTS/lib/</path>
         <kind>archive</kind>
         <file>rtsv7M4_T_le_v4SPD16_eabi.lib</file>
         <name>ltoa.c.obj</name>
      </input_file>
      <input_file id="fl-e0">
         <path>/home/k10l/Downloads/ccstudio/src/installdir/opt/ccstudio/ccs/tools/compiler/ti-cgt-arm_20.2.1.LTS/lib/</path>
         <kind>archive</kind>
         <file>rtsv7M4_T_le_v4SPD16_eabi.lib</file>
         <name>signal.c.obj</name>
      </input_file>
      <input_file id="fl-e1">
         <path>/home/k10l/Downloads/ccstudio/src/installdir/opt/ccstudio/ccs/tools/compiler/ti-cgt-arm_20.2.1.LTS/lib/</path>
         <kind>archive</kind>
         <file>rtsv7M4_T_le_v4SPD16_eabi.lib</file>
         <name>errno.c.obj</name>
      </input_file>
      <input_file id="fl-e2">
         <path>/home/k10l/Downloads/ccstudio/src/installdir/opt/ccstudio/ccs/tools/compiler/ti-cgt-arm_20.2.1.LTS/lib/</path>
         <kind>archive</kind>
         <file>rtsv7M4_T_le_v4SPD16_eabi.lib</file>
         <name>boot_cortex_m.c.obj</name>
      </input_file>
      <input_file id="fl-e3">
         <path>/home/k10l/Downloads/ccstudio/src/installdir/opt/ccstudio/ccs/tools/compiler/ti-cgt-arm_20.2.1.LTS/lib/</path>
         <kind>archive</kind>
         <file>rtsv7M4_T_le_v4SPD16_eabi.lib</file>
         <name>s_copysign.c.obj</name>
      </input_file>
      <input_file id="fl-e4">
         <path>/home/k10l/Downloads/ccstudio/src/installdir/opt/ccstudio/ccs/tools/compiler/ti-cgt-arm_20.2.1.LTS/lib/</path>
         <kind>archive</kind>
         <file>rtsv7M4_T_le_v4SPD16_eabi.lib</file>
         <name>s_floor.c.obj</name>
      </input_file>
      <input_file id="fl-e5">
         <path>/home/k10l/Downloads/ccstudio/src/installdir/opt/ccstudio/ccs/tools/compiler/ti-cgt-arm_20.2.1.LTS/lib/</path>
         <kind>archive</kind>
         <file>rtsv7M4_T_le_v4SPD16_eabi.lib</file>
         <name>memcpy_t2.asm.obj</name>
      </input_file>
      <input_file id="fl-e6">
         <path>/home/k10l/Downloads/ccstudio/src/installdir/opt/ccstudio/ccs/tools/compiler/ti-cgt-arm_20.2.1.LTS/lib/</path>
         <kind>archive</kind>
         <file>rtsv7M4_T_le_v4SPD16_eabi.lib</file>
         <name>autoinit.c.obj</name>
      </input_file>
      <input_file id="fl-e7">
         <path>/home/k10l/Downloads/ccstudio/src/installdir/opt/ccstudio/ccs/tools/compiler/ti-cgt-arm_20.2.1.LTS/lib/</path>
         <kind>archive</kind>
         <file>rtsv7M4_T_le_v4SPD16_eabi.lib</file>
         <name>pre_init.c.obj</name>
      </input_file>
      <input_file id="fl-e8">
         <path>/home/k10l/Downloads/ccstudio/src/installdir/opt/ccstudio/ccs/tools/compiler/ti-cgt-arm_20.2.1.LTS/lib/</path>
         <kind>archive</kind>
         <file>rtsv7M4_T_le_v4SPD16_eabi.lib</file>
         <name>cpy_tbl.c.obj</name>
      </input_file>
      <input_file id="fl-e9">
         <path>/home/k10l/Downloads/ccstudio/src/installdir/opt/ccstudio/ccs/tools/compiler/ti-cgt-arm_20.2.1.LTS/lib/</path>
         <kind>archive</kind>
         <file>rtsv7M4_T_le_v4SPD16_eabi.lib</file>
         <name>exit.c.obj</name>
      </input_file>
      <input_file id="fl-ea">
         <path>/home/k10l/Downloads/ccstudio/src/installdir/opt/ccstudio/ccs/tools/compiler/ti-cgt-arm_20.2.1.LTS/lib/</path>
         <kind>archive</kind>
         <file>rtsv7M4_T_le_v4SPD16_eabi.lib</file>
         <name>_lock.c.obj</name>
      </input_file>
      <input_file id="fl-eb">
         <path>/home/k10l/Downloads/ccstudio/src/installdir/opt/ccstudio/ccs/tools/compiler/ti-cgt-arm_20.2.1.LTS/lib/</path>
         <kind>archive</kind>
         <file>rtsv7M4_T_le_v4SPD16_eabi.lib</file>
         <name>args_main.c.obj</name>
      </input_file>
   </input_file_list>
   <object_component_list>
      <object_component id="oc-12">
         <name>.intvecs</name>
         <load_address>0x0</load_address>
         <run_address>0x0</run_address>
         <size>0x26c</size>
         <input_file_ref idref="fl-9"/>
      </object_component>
      <object_component id="oc-9f">
         <name>.text</name>
         <load_address>0x270</load_address>
         <run_address>0x270</run_address>
         <size>0x1a3c</size>
         <input_file_ref idref="fl-1"/>
      </object_component>
      <object_component id="oc-2e6">
         <name>.text:pow</name>
         <load_address>0x1cac</load_address>
         <run_address>0x1cac</run_address>
         <size>0x9c0</size>
         <input_file_ref idref="fl-ce"/>
      </object_component>
      <object_component id="oc-1bf">
         <name>.text:_system_pre_init</name>
         <load_address>0x266c</load_address>
         <run_address>0x266c</run_address>
         <size>0x4</size>
         <input_file_ref idref="fl-e7"/>
      </object_component>
      <object_component id="oc-ab">
         <name>.text</name>
         <load_address>0x2670</load_address>
         <run_address>0x2670</run_address>
         <size>0x6a4</size>
         <input_file_ref idref="fl-3"/>
      </object_component>
      <object_component id="oc-298">
         <name>.text:abort:abort</name>
         <load_address>0x2d14</load_address>
         <run_address>0x2d14</run_address>
         <size>0x4</size>
         <input_file_ref idref="fl-e9"/>
      </object_component>
      <object_component id="oc-33">
         <name>.text</name>
         <load_address>0x2d18</load_address>
         <run_address>0x2d18</run_address>
         <size>0x4fc</size>
         <input_file_ref idref="fl-2"/>
      </object_component>
      <object_component id="oc-3b0">
         <name>.text:_nop</name>
         <load_address>0x3214</load_address>
         <run_address>0x3214</run_address>
         <size>0x2</size>
         <input_file_ref idref="fl-ea"/>
      </object_component>
      <object_component id="oc-39">
         <name>.text</name>
         <load_address>0x3218</load_address>
         <run_address>0x3218</run_address>
         <size>0x44e</size>
         <input_file_ref idref="fl-b"/>
      </object_component>
      <object_component id="oc-1e4">
         <name>.text</name>
         <load_address>0x3668</load_address>
         <run_address>0x3668</run_address>
         <size>0x3ec</size>
         <input_file_ref idref="fl-6"/>
      </object_component>
      <object_component id="oc-99">
         <name>.text</name>
         <load_address>0x3a58</load_address>
         <run_address>0x3a58</run_address>
         <size>0x35e</size>
         <input_file_ref idref="fl-a"/>
      </object_component>
      <object_component id="oc-2d">
         <name>.text</name>
         <load_address>0x3db8</load_address>
         <run_address>0x3db8</run_address>
         <size>0x1d8</size>
         <input_file_ref idref="fl-7"/>
      </object_component>
      <object_component id="oc-205">
         <name>.text</name>
         <load_address>0x3f90</load_address>
         <run_address>0x3f90</run_address>
         <size>0x1b6</size>
         <input_file_ref idref="fl-d4"/>
      </object_component>
      <object_component id="oc-190">
         <name>.text:GPIOPadConfigSet</name>
         <load_address>0x4148</load_address>
         <run_address>0x4148</run_address>
         <size>0x16c</size>
         <input_file_ref idref="fl-12"/>
      </object_component>
      <object_component id="oc-37a">
         <name>.text:sqrt</name>
         <load_address>0x42b4</load_address>
         <run_address>0x42b4</run_address>
         <size>0x158</size>
         <input_file_ref idref="fl-cf"/>
      </object_component>
      <object_component id="oc-21d">
         <name>.text</name>
         <load_address>0x440c</load_address>
         <run_address>0x440c</run_address>
         <size>0x136</size>
         <input_file_ref idref="fl-d6"/>
      </object_component>
      <object_component id="oc-81">
         <name>.text:SysCtlClockGet</name>
         <load_address>0x4544</load_address>
         <run_address>0x4544</run_address>
         <size>0x118</size>
         <input_file_ref idref="fl-14"/>
      </object_component>
      <object_component id="oc-389">
         <name>.text:scalbn</name>
         <load_address>0x465c</load_address>
         <run_address>0x465c</run_address>
         <size>0x110</size>
         <input_file_ref idref="fl-d1"/>
      </object_component>
      <object_component id="oc-20a">
         <name>.text</name>
         <load_address>0x476c</load_address>
         <run_address>0x476c</run_address>
         <size>0xfc</size>
         <input_file_ref idref="fl-d7"/>
      </object_component>
      <object_component id="oc-3a5">
         <name>.text:floor</name>
         <load_address>0x4868</load_address>
         <run_address>0x4868</run_address>
         <size>0xf8</size>
         <input_file_ref idref="fl-e4"/>
      </object_component>
      <object_component id="oc-a5">
         <name>.text</name>
         <load_address>0x4960</load_address>
         <run_address>0x4960</run_address>
         <size>0xf0</size>
         <input_file_ref idref="fl-8"/>
      </object_component>
      <object_component id="oc-320">
         <name>.text:round</name>
         <load_address>0x4a50</load_address>
         <run_address>0x4a50</run_address>
         <size>0xc0</size>
         <input_file_ref idref="fl-d0"/>
      </object_component>
      <object_component id="oc-4d">
         <name>.text</name>
         <load_address>0x4b10</load_address>
         <run_address>0x4b10</run_address>
         <size>0x9c</size>
         <input_file_ref idref="fl-e5"/>
      </object_component>
      <object_component id="oc-315">
         <name>.text:__aeabi_cdcmple</name>
         <load_address>0x4bac</load_address>
         <run_address>0x4bac</run_address>
         <size>0x86</size>
         <input_file_ref idref="fl-d5"/>
      </object_component>
      <object_component id="oc-310">
         <name>.text:__aeabi_cdrcmple</name>
         <load_address>0x4c32</load_address>
         <run_address>0x4c32</run_address>
         <size>0x86</size>
         <input_file_ref idref="fl-d5"/>
      </object_component>
      <object_component id="oc-16f">
         <name>.text</name>
         <load_address>0x4cb8</load_address>
         <run_address>0x4cb8</run_address>
         <size>0x7c</size>
         <input_file_ref idref="fl-5"/>
      </object_component>
      <object_component id="oc-ed">
         <name>.text:uDMAChannelTransferSet</name>
         <load_address>0x4d34</load_address>
         <run_address>0x4d34</run_address>
         <size>0x7c</size>
         <input_file_ref idref="fl-16"/>
      </object_component>
      <object_component id="oc-10f">
         <name>.text:ADCSequenceStepConfigure</name>
         <load_address>0x4db0</load_address>
         <run_address>0x4db0</run_address>
         <size>0x7a</size>
         <input_file_ref idref="fl-11"/>
      </object_component>
      <object_component id="oc-1b9">
         <name>.text</name>
         <load_address>0x4e2a</load_address>
         <run_address>0x4e2a</run_address>
         <size>0x7a</size>
         <input_file_ref idref="fl-d3"/>
      </object_component>
      <object_component id="oc-1de">
         <name>.text:ltoa</name>
         <load_address>0x4ea4</load_address>
         <run_address>0x4ea4</run_address>
         <size>0x6e</size>
         <input_file_ref idref="fl-df"/>
      </object_component>
      <object_component id="oc-2ec">
         <name>.text</name>
         <load_address>0x4f12</load_address>
         <run_address>0x4f12</run_address>
         <size>0x6e</size>
         <input_file_ref idref="fl-d9"/>
      </object_component>
      <object_component id="oc-163">
         <name>.text:IntDisable</name>
         <load_address>0x4f80</load_address>
         <run_address>0x4f80</run_address>
         <size>0x68</size>
         <input_file_ref idref="fl-13"/>
      </object_component>
      <object_component id="oc-d5">
         <name>.text:IntEnable</name>
         <load_address>0x4fe8</load_address>
         <run_address>0x4fe8</run_address>
         <size>0x68</size>
         <input_file_ref idref="fl-13"/>
      </object_component>
      <object_component id="oc-15">
         <name>.text:decompress:lzss:__TI_decompress_lzss</name>
         <load_address>0x5050</load_address>
         <run_address>0x5050</run_address>
         <size>0x68</size>
         <input_file_ref idref="fl-de"/>
      </object_component>
      <object_component id="oc-ba">
         <name>.text</name>
         <load_address>0x50b8</load_address>
         <run_address>0x50b8</run_address>
         <size>0x66</size>
         <input_file_ref idref="fl-4"/>
      </object_component>
      <object_component id="oc-14b">
         <name>.text:GPIOIntTypeSet</name>
         <load_address>0x511e</load_address>
         <run_address>0x511e</run_address>
         <size>0x58</size>
         <input_file_ref idref="fl-12"/>
      </object_component>
      <object_component id="oc-109">
         <name>.text:ADCSequenceConfigure</name>
         <load_address>0x5176</load_address>
         <run_address>0x5176</run_address>
         <size>0x4e</size>
         <input_file_ref idref="fl-11"/>
      </object_component>
      <object_component id="oc-1ea">
         <name>.text:GPIOPinConfigure</name>
         <load_address>0x51c4</load_address>
         <run_address>0x51c4</run_address>
         <size>0x4c</size>
         <input_file_ref idref="fl-12"/>
      </object_component>
      <object_component id="oc-20f">
         <name>.text:lround</name>
         <load_address>0x5210</load_address>
         <run_address>0x5210</run_address>
         <size>0x4c</size>
         <input_file_ref idref="fl-cd"/>
      </object_component>
      <object_component id="oc-326">
         <name>.text</name>
         <load_address>0x525c</load_address>
         <run_address>0x525c</run_address>
         <size>0x48</size>
         <input_file_ref idref="fl-d8"/>
      </object_component>
      <object_component id="oc-db">
         <name>.text:uDMAChannelAttributeDisable</name>
         <load_address>0x52a4</load_address>
         <run_address>0x52a4</run_address>
         <size>0x48</size>
         <input_file_ref idref="fl-16"/>
      </object_component>
      <object_component id="oc-2a4">
         <name>.text:__TI_auto_init_nobinit_nopinit:__TI_auto_init_nobinit_nopinit</name>
         <load_address>0x52ec</load_address>
         <run_address>0x52ec</run_address>
         <size>0x44</size>
         <input_file_ref idref="fl-e6"/>
      </object_component>
      <object_component id="oc-e1">
         <name>.text:uDMAChannelAttributeEnable</name>
         <load_address>0x5330</load_address>
         <run_address>0x5330</run_address>
         <size>0x44</size>
         <input_file_ref idref="fl-16"/>
      </object_component>
      <object_component id="oc-3ec">
         <name>.text:signal</name>
         <load_address>0x5374</load_address>
         <run_address>0x5374</run_address>
         <size>0x3c</size>
         <input_file_ref idref="fl-e0"/>
      </object_component>
      <object_component id="oc-13f">
         <name>.text:SysCtlPeripheralReady</name>
         <load_address>0x53b0</load_address>
         <run_address>0x53b0</run_address>
         <size>0x38</size>
         <input_file_ref idref="fl-14"/>
      </object_component>
      <object_component id="oc-139">
         <name>.text:SysCtlPeripheralEnable</name>
         <load_address>0x53e8</load_address>
         <run_address>0x53e8</run_address>
         <size>0x34</size>
         <input_file_ref idref="fl-14"/>
      </object_component>
      <object_component id="oc-6b">
         <name>.text:_c_int00_noargs:_c_int00_noargs</name>
         <load_address>0x541c</load_address>
         <run_address>0x541c</run_address>
         <size>0x34</size>
         <input_file_ref idref="fl-e2"/>
      </object_component>
      <object_component id="oc-39e">
         <name>.text:raise</name>
         <load_address>0x5450</load_address>
         <run_address>0x5450</run_address>
         <size>0x2e</size>
         <input_file_ref idref="fl-e0"/>
      </object_component>
      <object_component id="oc-218">
         <name>.text</name>
         <load_address>0x547e</load_address>
         <run_address>0x547e</run_address>
         <size>0x2e</size>
         <input_file_ref idref="fl-da"/>
      </object_component>
      <object_component id="oc-265">
         <name>.text:GPIODirModeSet</name>
         <load_address>0x54ac</load_address>
         <run_address>0x54ac</run_address>
         <size>0x2c</size>
         <input_file_ref idref="fl-12"/>
      </object_component>
      <object_component id="oc-12d">
         <name>.text:IntPrioritySet</name>
         <load_address>0x54d8</load_address>
         <run_address>0x54d8</run_address>
         <size>0x24</size>
         <input_file_ref idref="fl-13"/>
      </object_component>
      <object_component id="oc-e7">
         <name>.text:uDMAChannelControlSet</name>
         <load_address>0x54fc</load_address>
         <run_address>0x54fc</run_address>
         <size>0x24</size>
         <input_file_ref idref="fl-16"/>
      </object_component>
      <object_component id="oc-200">
         <name>.text</name>
         <load_address>0x5520</load_address>
         <run_address>0x5520</run_address>
         <size>0x20</size>
         <input_file_ref idref="fl-db"/>
      </object_component>
      <object_component id="oc-59">
         <name>.text:decompress:ZI:__TI_zero_init_nomemset:__TI_zero_init_nomemset</name>
         <load_address>0x5540</load_address>
         <run_address>0x5540</run_address>
         <size>0x1c</size>
         <input_file_ref idref="fl-dc"/>
      </object_component>
      <object_component id="oc-3d8">
         <name>.text:copysign</name>
         <load_address>0x555c</load_address>
         <run_address>0x555c</run_address>
         <size>0x1a</size>
         <input_file_ref idref="fl-e3"/>
      </object_component>
      <object_component id="oc-27">
         <name>.text</name>
         <load_address>0x5578</load_address>
         <run_address>0x5578</run_address>
         <size>0x1a</size>
         <input_file_ref idref="fl-9"/>
      </object_component>
      <object_component id="oc-196">
         <name>.text:GPIOUnlockPin</name>
         <load_address>0x5594</load_address>
         <run_address>0x5594</run_address>
         <size>0x18</size>
         <input_file_ref idref="fl-12"/>
      </object_component>
      <object_component id="oc-175">
         <name>.text:uDMAChannelDisable</name>
         <load_address>0x55ac</load_address>
         <run_address>0x55ac</run_address>
         <size>0x18</size>
         <input_file_ref idref="fl-16"/>
      </object_component>
      <object_component id="oc-f3">
         <name>.text:uDMAChannelEnable</name>
         <load_address>0x55c4</load_address>
         <run_address>0x55c4</run_address>
         <size>0x18</size>
         <input_file_ref idref="fl-16"/>
      </object_component>
      <object_component id="oc-145">
         <name>.text:GPIOPinTypeGPIOInput</name>
         <load_address>0x55dc</load_address>
         <run_address>0x55dc</run_address>
         <size>0x16</size>
         <input_file_ref idref="fl-12"/>
      </object_component>
      <object_component id="oc-93">
         <name>.text:SysTickEnable</name>
         <load_address>0x55f4</load_address>
         <run_address>0x55f4</run_address>
         <size>0x14</size>
         <input_file_ref idref="fl-15"/>
      </object_component>
      <object_component id="oc-8d">
         <name>.text:SysTickIntEnable</name>
         <load_address>0x5608</load_address>
         <run_address>0x5608</run_address>
         <size>0x14</size>
         <input_file_ref idref="fl-15"/>
      </object_component>
      <object_component id="oc-127">
         <name>.text:ADCSequenceDMAEnable</name>
         <load_address>0x561c</load_address>
         <run_address>0x561c</run_address>
         <size>0x10</size>
         <input_file_ref idref="fl-11"/>
      </object_component>
      <object_component id="oc-b1">
         <name>.text:IntMasterEnable</name>
         <load_address>0x562c</load_address>
         <run_address>0x562c</run_address>
         <size>0x10</size>
         <input_file_ref idref="fl-13"/>
      </object_component>
      <object_component id="oc-87">
         <name>.text:SysTickPeriodSet</name>
         <load_address>0x563c</load_address>
         <run_address>0x563c</run_address>
         <size>0x10</size>
         <input_file_ref idref="fl-15"/>
      </object_component>
      <object_component id="oc-11b">
         <name>.text:uDMAEnable</name>
         <load_address>0x564c</load_address>
         <run_address>0x564c</run_address>
         <size>0x10</size>
         <input_file_ref idref="fl-16"/>
      </object_component>
      <object_component id="oc-fd">
         <name>.text:ADCHardwareOversampleConfigure</name>
         <load_address>0x565c</load_address>
         <run_address>0x565c</run_address>
         <size>0xe</size>
         <input_file_ref idref="fl-11"/>
      </object_component>
      <object_component id="oc-103">
         <name>.text:ADCSequenceDisable</name>
         <load_address>0x566a</load_address>
         <run_address>0x566a</run_address>
         <size>0xe</size>
         <input_file_ref idref="fl-11"/>
      </object_component>
      <object_component id="oc-115">
         <name>.text:ADCSequenceEnable</name>
         <load_address>0x5678</load_address>
         <run_address>0x5678</run_address>
         <size>0xe</size>
         <input_file_ref idref="fl-11"/>
      </object_component>
      <object_component id="oc-157">
         <name>.text:GPIOIntStatus</name>
         <load_address>0x5686</load_address>
         <run_address>0x5686</run_address>
         <size>0xe</size>
         <input_file_ref idref="fl-12"/>
      </object_component>
      <object_component id="oc-1b">
         <name>.text:decompress:none:__TI_decompress_none</name>
         <load_address>0x5694</load_address>
         <run_address>0x5694</run_address>
         <size>0xe</size>
         <input_file_ref idref="fl-dd"/>
      </object_component>
      <object_component id="oc-225">
         <name>.text:CPUcpsie</name>
         <load_address>0x56a2</load_address>
         <run_address>0x56a2</run_address>
         <size>0xc</size>
         <input_file_ref idref="fl-17"/>
      </object_component>
      <object_component id="oc-151">
         <name>.text:GPIOIntEnable</name>
         <load_address>0x56ae</load_address>
         <run_address>0x56ae</run_address>
         <size>0xc</size>
         <input_file_ref idref="fl-12"/>
      </object_component>
      <object_component id="oc-121">
         <name>.text:uDMAControlBaseSet</name>
         <load_address>0x56bc</load_address>
         <run_address>0x56bc</run_address>
         <size>0xc</size>
         <input_file_ref idref="fl-16"/>
      </object_component>
      <object_component id="oc-17b">
         <name>.text:ADCIntClear</name>
         <load_address>0x56c8</load_address>
         <run_address>0x56c8</run_address>
         <size>0xa</size>
         <input_file_ref idref="fl-11"/>
      </object_component>
      <object_component id="oc-133">
         <name>.text:ADCIntEnableEx</name>
         <load_address>0x56d2</load_address>
         <run_address>0x56d2</run_address>
         <size>0x8</size>
         <input_file_ref idref="fl-11"/>
      </object_component>
      <object_component id="oc-380">
         <name>.text:__aeabi_errno_addr</name>
         <load_address>0x56dc</load_address>
         <run_address>0x56dc</run_address>
         <size>0x8</size>
         <input_file_ref idref="fl-e1"/>
      </object_component>
      <object_component id="oc-15d">
         <name>.text:GPIOIntClear</name>
         <load_address>0x56e4</load_address>
         <run_address>0x56e4</run_address>
         <size>0x6</size>
         <input_file_ref idref="fl-12"/>
      </object_component>
      <object_component id="oc-c0">
         <name>.text:GPIOPinRead</name>
         <load_address>0x56ea</load_address>
         <run_address>0x56ea</run_address>
         <size>0x6</size>
         <input_file_ref idref="fl-12"/>
      </object_component>
      <object_component id="oc-169">
         <name>.text:GPIOPinWrite</name>
         <load_address>0x56f0</load_address>
         <run_address>0x56f0</run_address>
         <size>0x6</size>
         <input_file_ref idref="fl-12"/>
      </object_component>
      <object_component id="oc-80">
         <name>.text:SysCtlDelay</name>
         <load_address>0x56f6</load_address>
         <run_address>0x56f6</run_address>
         <size>0x6</size>
         <input_file_ref idref="fl-14"/>
      </object_component>
      <object_component id="oc-31a">
         <name>.text:__softfloat_float_raise</name>
         <load_address>0x56fc</load_address>
         <run_address>0x56fc</run_address>
         <size>0x6</size>
         <input_file_ref idref="fl-d2"/>
      </object_component>
      <object_component id="oc-1f5">
         <name>.const:$O2$$</name>
         <load_address>0x5708</load_address>
         <run_address>0x5708</run_address>
         <size>0x7e4</size>
         <input_file_ref idref="fl-1"/>
      </object_component>
      <object_component id="oc-25d">
         <name>.const:g_pui32Regs</name>
         <load_address>0x5eec</load_address>
         <run_address>0x5eec</run_address>
         <size>0x9c</size>
         <input_file_ref idref="fl-13"/>
      </object_component>
      <object_component id="oc-2f3">
         <name>.const:g_pui32GPIOBaseAddrs</name>
         <load_address>0x5f88</load_address>
         <run_address>0x5f88</run_address>
         <size>0x90</size>
         <input_file_ref idref="fl-12"/>
      </object_component>
      <object_component id="oc-1d1">
         <name>.const:g_pui32Xtals</name>
         <load_address>0x6018</load_address>
         <run_address>0x6018</run_address>
         <size>0x6c</size>
         <input_file_ref idref="fl-14"/>
      </object_component>
      <object_component id="oc-386">
         <name>.const:$O1$$</name>
         <load_address>0x6088</load_address>
         <run_address>0x6088</run_address>
         <size>0x30</size>
         <input_file_ref idref="fl-ce"/>
      </object_component>
      <object_component id="oc-270">
         <name>.const:g_pui32Dii16Regs</name>
         <load_address>0x60b8</load_address>
         <run_address>0x60b8</run_address>
         <size>0x14</size>
         <input_file_ref idref="fl-13"/>
      </object_component>
      <object_component id="oc-238">
         <name>.const:g_pui32EnRegs</name>
         <load_address>0x60cc</load_address>
         <run_address>0x60cc</run_address>
         <size>0x14</size>
         <input_file_ref idref="fl-13"/>
      </object_component>
      <object_component id="oc-44f">
         <name>.cinit..data.load</name>
         <load_address>0x60e0</load_address>
         <run_address>0x60e0</run_address>
         <size>0x71</size>
      </object_component>
      <object_component id="oc-44d">
         <name>__TI_handler_table</name>
         <load_address>0x6154</load_address>
         <run_address>0x6154</run_address>
         <size>0xc</size>
      </object_component>
      <object_component id="oc-450">
         <name>.cinit..bss.load</name>
         <load_address>0x6160</load_address>
         <run_address>0x6160</run_address>
         <size>0x8</size>
      </object_component>
      <object_component id="oc-44e">
         <name>__TI_cinit_table</name>
         <load_address>0x6168</load_address>
         <run_address>0x6168</run_address>
         <size>0x10</size>
      </object_component>
      <object_component id="oc-1f2">
         <name>.data:$O1$$</name>
         <load_address>0x20001088</load_address>
         <run_address>0x20001088</run_address>
         <size>0x38</size>
         <input_file_ref idref="fl-1"/>
      </object_component>
      <object_component id="oc-cc">
         <name>.data:$O1$$</name>
         <load_address>0x20000000</load_address>
         <run_address>0x20000000</run_address>
         <size>0x800</size>
         <input_file_ref idref="fl-2"/>
      </object_component>
      <object_component id="oc-1fd">
         <name>.data:$O1$$</name>
         <load_address>0x20001138</load_address>
         <run_address>0x20001138</run_address>
         <size>0x4</size>
         <input_file_ref idref="fl-3"/>
      </object_component>
      <object_component id="oc-cf">
         <name>.data:preBuffer</name>
         <load_address>0x20000e04</load_address>
         <run_address>0x20000e04</run_address>
         <size>0x204</size>
         <input_file_ref idref="fl-7"/>
      </object_component>
      <object_component id="oc-d2">
         <name>.data:postBuffer</name>
         <load_address>0x20000c00</load_address>
         <run_address>0x20000c00</run_address>
         <size>0x204</size>
         <input_file_ref idref="fl-7"/>
      </object_component>
      <object_component id="oc-215">
         <name>.data:processing_buffer</name>
         <load_address>0x20000800</load_address>
         <run_address>0x20000800</run_address>
         <size>0x400</size>
         <input_file_ref idref="fl-7"/>
      </object_component>
      <object_component id="oc-b7">
         <name>.data</name>
         <load_address>0x20001118</load_address>
         <run_address>0x20001118</run_address>
         <size>0x18</size>
         <input_file_ref idref="fl-7"/>
      </object_component>
      <object_component id="oc-18d">
         <name>.data:available_frequencies</name>
         <load_address>0x200010ec</load_address>
         <run_address>0x200010ec</run_address>
         <size>0x2c</size>
         <input_file_ref idref="fl-7"/>
      </object_component>
      <object_component id="oc-18a">
         <name>.data</name>
         <load_address>0x20001140</load_address>
         <run_address>0x20001140</run_address>
         <size>0x2</size>
         <input_file_ref idref="fl-b"/>
      </object_component>
      <object_component id="oc-187">
         <name>.data:$O1$$</name>
         <load_address>0x200010c0</load_address>
         <run_address>0x200010c0</run_address>
         <size>0x2c</size>
         <input_file_ref idref="fl-b"/>
      </object_component>
      <object_component id="oc-415">
         <name>.data:sigTable</name>
         <load_address>0x20001008</load_address>
         <run_address>0x20001008</run_address>
         <size>0x80</size>
         <input_file_ref idref="fl-e0"/>
      </object_component>
      <object_component id="oc-3d1">
         <name>.data</name>
         <load_address>0x2000113c</load_address>
         <run_address>0x2000113c</run_address>
         <size>0x4</size>
         <input_file_ref idref="fl-e1"/>
      </object_component>
      <object_component id="oc-35c">
         <name>.data:$O1$$</name>
         <load_address>0x20001130</load_address>
         <run_address>0x20001130</run_address>
         <size>0x8</size>
         <input_file_ref idref="fl-ea"/>
      </object_component>
      <object_component id="oc-f9">
         <name>.common:Bufferstatus</name>
         <uninitialized>true</uninitialized>
         <run_address>0x20001142</run_address>
         <size>0x4</size>
      </object_component>
      <object_component id="oc-24">
         <name>.stack</name>
         <uninitialized>true</uninitialized>
         <run_address>0x20001148</run_address>
         <size>0x4</size>
         <input_file_ref idref="fl-e2"/>
      </object_component>
      <object_component id="oc-452">
         <name>.stack</name>
         <uninitialized>true</uninitialized>
         <run_address>0x20001148</run_address>
         <size>0x0</size>
      </object_component>
      <object_component id="oc-1f9">
         <name>.debug_info</name>
         <load_address>0x0</load_address>
         <run_address>0x0</run_address>
         <size>0x5e6</size>
         <input_file_ref idref="fl-1"/>
      </object_component>
      <object_component id="oc-1f3">
         <name>.debug_info</name>
         <load_address>0x5e6</load_address>
         <run_address>0x5e6</run_address>
         <size>0x2ba</size>
         <input_file_ref idref="fl-1"/>
      </object_component>
      <object_component id="oc-1f6">
         <name>.debug_info</name>
         <load_address>0x8a0</load_address>
         <run_address>0x8a0</run_address>
         <size>0x1a0</size>
         <input_file_ref idref="fl-1"/>
      </object_component>
      <object_component id="oc-a0">
         <name>.debug_info</name>
         <load_address>0xa40</load_address>
         <run_address>0xa40</run_address>
         <size>0x203d</size>
         <input_file_ref idref="fl-1"/>
      </object_component>
      <object_component id="oc-19f">
         <name>.debug_info</name>
         <load_address>0x2a7d</load_address>
         <run_address>0x2a7d</run_address>
         <size>0x26b</size>
         <input_file_ref idref="fl-1"/>
      </object_component>
      <object_component id="oc-48">
         <name>.debug_info</name>
         <load_address>0x2ce8</load_address>
         <run_address>0x2ce8</run_address>
         <size>0x84</size>
         <input_file_ref idref="fl-1"/>
      </object_component>
      <object_component id="oc-279">
         <name>.debug_info</name>
         <load_address>0x2d6c</load_address>
         <run_address>0x2d6c</run_address>
         <size>0x2a4</size>
         <input_file_ref idref="fl-1"/>
      </object_component>
      <object_component id="oc-182">
         <name>.debug_info</name>
         <load_address>0x3010</load_address>
         <run_address>0x3010</run_address>
         <size>0xbb</size>
         <input_file_ref idref="fl-1"/>
      </object_component>
      <object_component id="oc-304">
         <name>.debug_info</name>
         <load_address>0x30cb</load_address>
         <run_address>0x30cb</run_address>
         <size>0xcc</size>
         <input_file_ref idref="fl-1"/>
      </object_component>
      <object_component id="oc-2fb">
         <name>.debug_info</name>
         <load_address>0x3197</load_address>
         <run_address>0x3197</run_address>
         <size>0x51</size>
         <input_file_ref idref="fl-1"/>
      </object_component>
      <object_component id="oc-fa">
         <name>.debug_info</name>
         <load_address>0x31e8</load_address>
         <run_address>0x31e8</run_address>
         <size>0xb8c</size>
         <input_file_ref idref="fl-2"/>
      </object_component>
      <object_component id="oc-cd">
         <name>.debug_info</name>
         <load_address>0x3d74</load_address>
         <run_address>0x3d74</run_address>
         <size>0x147</size>
         <input_file_ref idref="fl-2"/>
      </object_component>
      <object_component id="oc-34">
         <name>.debug_info</name>
         <load_address>0x3ebb</load_address>
         <run_address>0x3ebb</run_address>
         <size>0x868</size>
         <input_file_ref idref="fl-2"/>
      </object_component>
      <object_component id="oc-245">
         <name>.debug_info</name>
         <load_address>0x4723</load_address>
         <run_address>0x4723</run_address>
         <size>0x48</size>
         <input_file_ref idref="fl-2"/>
      </object_component>
      <object_component id="oc-24a">
         <name>.debug_info</name>
         <load_address>0x476b</load_address>
         <run_address>0x476b</run_address>
         <size>0x6c</size>
         <input_file_ref idref="fl-2"/>
      </object_component>
      <object_component id="oc-c7">
         <name>.debug_info</name>
         <load_address>0x47d7</load_address>
         <run_address>0x47d7</run_address>
         <size>0x8b</size>
         <input_file_ref idref="fl-2"/>
      </object_component>
      <object_component id="oc-24f">
         <name>.debug_info</name>
         <load_address>0x4862</load_address>
         <run_address>0x4862</run_address>
         <size>0xba</size>
         <input_file_ref idref="fl-2"/>
      </object_component>
      <object_component id="oc-223">
         <name>.debug_info</name>
         <load_address>0x491c</load_address>
         <run_address>0x491c</run_address>
         <size>0x6c4</size>
         <input_file_ref idref="fl-3"/>
      </object_component>
      <object_component id="oc-1fe">
         <name>.debug_info</name>
         <load_address>0x4fe0</load_address>
         <run_address>0x4fe0</run_address>
         <size>0x126</size>
         <input_file_ref idref="fl-3"/>
      </object_component>
      <object_component id="oc-ac">
         <name>.debug_info</name>
         <load_address>0x5106</load_address>
         <run_address>0x5106</run_address>
         <size>0x7b2</size>
         <input_file_ref idref="fl-3"/>
      </object_component>
      <object_component id="oc-bb">
         <name>.debug_info</name>
         <load_address>0x58b8</load_address>
         <run_address>0x58b8</run_address>
         <size>0x1bc</size>
         <input_file_ref idref="fl-4"/>
      </object_component>
      <object_component id="oc-276">
         <name>.debug_info</name>
         <load_address>0x5a74</load_address>
         <run_address>0x5a74</run_address>
         <size>0x2dc</size>
         <input_file_ref idref="fl-5"/>
      </object_component>
      <object_component id="oc-170">
         <name>.debug_info</name>
         <load_address>0x5d50</load_address>
         <run_address>0x5d50</run_address>
         <size>0x2bc</size>
         <input_file_ref idref="fl-5"/>
      </object_component>
      <object_component id="oc-2f2">
         <name>.debug_info</name>
         <load_address>0x600c</load_address>
         <run_address>0x600c</run_address>
         <size>0x2fe</size>
         <input_file_ref idref="fl-6"/>
      </object_component>
      <object_component id="oc-1e5">
         <name>.debug_info</name>
         <load_address>0x630a</load_address>
         <run_address>0x630a</run_address>
         <size>0x540</size>
         <input_file_ref idref="fl-6"/>
      </object_component>
      <object_component id="oc-22e">
         <name>.debug_info</name>
         <load_address>0x684a</load_address>
         <run_address>0x684a</run_address>
         <size>0x662</size>
         <input_file_ref idref="fl-7"/>
      </object_component>
      <object_component id="oc-d0">
         <name>.debug_info</name>
         <load_address>0x6eac</load_address>
         <run_address>0x6eac</run_address>
         <size>0xfa</size>
         <input_file_ref idref="fl-7"/>
      </object_component>
      <object_component id="oc-d3">
         <name>.debug_info</name>
         <load_address>0x6fa6</load_address>
         <run_address>0x6fa6</run_address>
         <size>0xfc</size>
         <input_file_ref idref="fl-7"/>
      </object_component>
      <object_component id="oc-216">
         <name>.debug_info</name>
         <load_address>0x70a2</load_address>
         <run_address>0x70a2</run_address>
         <size>0x10a</size>
         <input_file_ref idref="fl-7"/>
      </object_component>
      <object_component id="oc-b8">
         <name>.debug_info</name>
         <load_address>0x71ac</load_address>
         <run_address>0x71ac</run_address>
         <size>0x27e</size>
         <input_file_ref idref="fl-7"/>
      </object_component>
      <object_component id="oc-18e">
         <name>.debug_info</name>
         <load_address>0x742a</load_address>
         <run_address>0x742a</run_address>
         <size>0x112</size>
         <input_file_ref idref="fl-7"/>
      </object_component>
      <object_component id="oc-2e">
         <name>.debug_info</name>
         <load_address>0x753c</load_address>
         <run_address>0x753c</run_address>
         <size>0x3f8</size>
         <input_file_ref idref="fl-7"/>
      </object_component>
      <object_component id="oc-1fc">
         <name>.debug_info</name>
         <load_address>0x7934</load_address>
         <run_address>0x7934</run_address>
         <size>0x2f2</size>
         <input_file_ref idref="fl-8"/>
      </object_component>
      <object_component id="oc-a6">
         <name>.debug_info</name>
         <load_address>0x7c26</load_address>
         <run_address>0x7c26</run_address>
         <size>0x33b</size>
         <input_file_ref idref="fl-8"/>
      </object_component>
      <object_component id="oc-41">
         <name>.debug_info</name>
         <load_address>0x7f61</load_address>
         <run_address>0x7f61</run_address>
         <size>0x36f</size>
         <input_file_ref idref="fl-9"/>
      </object_component>
      <object_component id="oc-13">
         <name>.debug_info</name>
         <load_address>0x82d0</load_address>
         <run_address>0x82d0</run_address>
         <size>0x114</size>
         <input_file_ref idref="fl-9"/>
      </object_component>
      <object_component id="oc-28">
         <name>.debug_info</name>
         <load_address>0x83e4</load_address>
         <run_address>0x83e4</run_address>
         <size>0x2c8</size>
         <input_file_ref idref="fl-9"/>
      </object_component>
      <object_component id="oc-1f1">
         <name>.debug_info</name>
         <load_address>0x86ac</load_address>
         <run_address>0x86ac</run_address>
         <size>0x391</size>
         <input_file_ref idref="fl-a"/>
      </object_component>
      <object_component id="oc-9a">
         <name>.debug_info</name>
         <load_address>0x8a3d</load_address>
         <run_address>0x8a3d</run_address>
         <size>0x6a6</size>
         <input_file_ref idref="fl-a"/>
      </object_component>
      <object_component id="oc-280">
         <name>.debug_info</name>
         <load_address>0x90e3</load_address>
         <run_address>0x90e3</run_address>
         <size>0x957</size>
         <input_file_ref idref="fl-b"/>
      </object_component>
      <object_component id="oc-18b">
         <name>.debug_info</name>
         <load_address>0x9a3a</load_address>
         <run_address>0x9a3a</run_address>
         <size>0x127</size>
         <input_file_ref idref="fl-b"/>
      </object_component>
      <object_component id="oc-188">
         <name>.debug_info</name>
         <load_address>0x9b61</load_address>
         <run_address>0x9b61</run_address>
         <size>0x192</size>
         <input_file_ref idref="fl-b"/>
      </object_component>
      <object_component id="oc-3a">
         <name>.debug_info</name>
         <load_address>0x9cf3</load_address>
         <run_address>0x9cf3</run_address>
         <size>0x602</size>
         <input_file_ref idref="fl-b"/>
      </object_component>
      <object_component id="oc-255">
         <name>.debug_info</name>
         <load_address>0xa2f5</load_address>
         <run_address>0xa2f5</run_address>
         <size>0x3ba</size>
         <input_file_ref idref="fl-11"/>
      </object_component>
      <object_component id="oc-113">
         <name>.debug_info</name>
         <load_address>0xa6af</load_address>
         <run_address>0xa6af</run_address>
         <size>0x33c</size>
         <input_file_ref idref="fl-11"/>
      </object_component>
      <object_component id="oc-119">
         <name>.debug_info</name>
         <load_address>0xa9eb</load_address>
         <run_address>0xa9eb</run_address>
         <size>0x2a9</size>
         <input_file_ref idref="fl-11"/>
      </object_component>
      <object_component id="oc-107">
         <name>.debug_info</name>
         <load_address>0xac94</load_address>
         <run_address>0xac94</run_address>
         <size>0x2ab</size>
         <input_file_ref idref="fl-11"/>
      </object_component>
      <object_component id="oc-12b">
         <name>.debug_info</name>
         <load_address>0xaf3f</load_address>
         <run_address>0xaf3f</run_address>
         <size>0x2af</size>
         <input_file_ref idref="fl-11"/>
      </object_component>
      <object_component id="oc-10d">
         <name>.debug_info</name>
         <load_address>0xb1ee</load_address>
         <run_address>0xb1ee</run_address>
         <size>0x32f</size>
         <input_file_ref idref="fl-11"/>
      </object_component>
      <object_component id="oc-137">
         <name>.debug_info</name>
         <load_address>0xb51d</load_address>
         <run_address>0xb51d</run_address>
         <size>0x297</size>
         <input_file_ref idref="fl-11"/>
      </object_component>
      <object_component id="oc-17f">
         <name>.debug_info</name>
         <load_address>0xb7b4</load_address>
         <run_address>0xb7b4</run_address>
         <size>0x29d</size>
         <input_file_ref idref="fl-11"/>
      </object_component>
      <object_component id="oc-101">
         <name>.debug_info</name>
         <load_address>0xba51</load_address>
         <run_address>0xba51</run_address>
         <size>0x2ca</size>
         <input_file_ref idref="fl-11"/>
      </object_component>
      <object_component id="oc-2df">
         <name>.debug_info</name>
         <load_address>0xbd1b</load_address>
         <run_address>0xbd1b</run_address>
         <size>0x26b</size>
         <input_file_ref idref="fl-11"/>
      </object_component>
      <object_component id="oc-2d8">
         <name>.debug_info</name>
         <load_address>0xbf86</load_address>
         <run_address>0xbf86</run_address>
         <size>0x297</size>
         <input_file_ref idref="fl-11"/>
      </object_component>
      <object_component id="oc-34c">
         <name>.debug_info</name>
         <load_address>0xc21d</load_address>
         <run_address>0xc21d</run_address>
         <size>0xef</size>
         <input_file_ref idref="fl-11"/>
      </object_component>
      <object_component id="oc-1d5">
         <name>.debug_info</name>
         <load_address>0xc30c</load_address>
         <run_address>0xc30c</run_address>
         <size>0xbb</size>
         <input_file_ref idref="fl-11"/>
      </object_component>
      <object_component id="oc-231">
         <name>.debug_info</name>
         <load_address>0xc3c7</load_address>
         <run_address>0xc3c7</run_address>
         <size>0x3e4</size>
         <input_file_ref idref="fl-12"/>
      </object_component>
      <object_component id="oc-2f4">
         <name>.debug_info</name>
         <load_address>0xc7ab</load_address>
         <run_address>0xc7ab</run_address>
         <size>0x164</size>
         <input_file_ref idref="fl-12"/>
      </object_component>
      <object_component id="oc-197">
         <name>.debug_info</name>
         <load_address>0xc90f</load_address>
         <run_address>0xc90f</run_address>
         <size>0x284</size>
         <input_file_ref idref="fl-12"/>
      </object_component>
      <object_component id="oc-16a">
         <name>.debug_info</name>
         <load_address>0xcb93</load_address>
         <run_address>0xcb93</run_address>
         <size>0x2ac</size>
         <input_file_ref idref="fl-12"/>
      </object_component>
      <object_component id="oc-266">
         <name>.debug_info</name>
         <load_address>0xce3f</load_address>
         <run_address>0xce3f</run_address>
         <size>0x2bc</size>
         <input_file_ref idref="fl-12"/>
      </object_component>
      <object_component id="oc-191">
         <name>.debug_info</name>
         <load_address>0xd0fb</load_address>
         <run_address>0xd0fb</run_address>
         <size>0x31f</size>
         <input_file_ref idref="fl-12"/>
      </object_component>
      <object_component id="oc-149">
         <name>.debug_info</name>
         <load_address>0xd41a</load_address>
         <run_address>0xd41a</run_address>
         <size>0x2a5</size>
         <input_file_ref idref="fl-12"/>
      </object_component>
      <object_component id="oc-c4">
         <name>.debug_info</name>
         <load_address>0xd6bf</load_address>
         <run_address>0xd6bf</run_address>
         <size>0x284</size>
         <input_file_ref idref="fl-12"/>
      </object_component>
      <object_component id="oc-1ee">
         <name>.debug_info</name>
         <load_address>0xd943</load_address>
         <run_address>0xd943</run_address>
         <size>0x289</size>
         <input_file_ref idref="fl-12"/>
      </object_component>
      <object_component id="oc-14f">
         <name>.debug_info</name>
         <load_address>0xdbcc</load_address>
         <run_address>0xdbcc</run_address>
         <size>0x2c4</size>
         <input_file_ref idref="fl-12"/>
      </object_component>
      <object_component id="oc-15b">
         <name>.debug_info</name>
         <load_address>0xde90</load_address>
         <run_address>0xde90</run_address>
         <size>0x288</size>
         <input_file_ref idref="fl-12"/>
      </object_component>
      <object_component id="oc-155">
         <name>.debug_info</name>
         <load_address>0xe118</load_address>
         <run_address>0xe118</run_address>
         <size>0x298</size>
         <input_file_ref idref="fl-12"/>
      </object_component>
      <object_component id="oc-161">
         <name>.debug_info</name>
         <load_address>0xe3b0</load_address>
         <run_address>0xe3b0</run_address>
         <size>0x296</size>
         <input_file_ref idref="fl-12"/>
      </object_component>
      <object_component id="oc-23c">
         <name>.debug_info</name>
         <load_address>0xe646</load_address>
         <run_address>0xe646</run_address>
         <size>0x3b7</size>
         <input_file_ref idref="fl-13"/>
      </object_component>
      <object_component id="oc-25e">
         <name>.debug_info</name>
         <load_address>0xe9fd</load_address>
         <run_address>0xe9fd</run_address>
         <size>0x157</size>
         <input_file_ref idref="fl-13"/>
      </object_component>
      <object_component id="oc-239">
         <name>.debug_info</name>
         <load_address>0xeb54</load_address>
         <run_address>0xeb54</run_address>
         <size>0x15b</size>
         <input_file_ref idref="fl-13"/>
      </object_component>
      <object_component id="oc-271">
         <name>.debug_info</name>
         <load_address>0xecaf</load_address>
         <run_address>0xecaf</run_address>
         <size>0x161</size>
         <input_file_ref idref="fl-13"/>
      </object_component>
      <object_component id="oc-12e">
         <name>.debug_info</name>
         <load_address>0xee10</load_address>
         <run_address>0xee10</run_address>
         <size>0x2d2</size>
         <input_file_ref idref="fl-13"/>
      </object_component>
      <object_component id="oc-b2">
         <name>.debug_info</name>
         <load_address>0xf0e2</load_address>
         <run_address>0xf0e2</run_address>
         <size>0x247</size>
         <input_file_ref idref="fl-13"/>
      </object_component>
      <object_component id="oc-d6">
         <name>.debug_info</name>
         <load_address>0xf329</load_address>
         <run_address>0xf329</run_address>
         <size>0x271</size>
         <input_file_ref idref="fl-13"/>
      </object_component>
      <object_component id="oc-164">
         <name>.debug_info</name>
         <load_address>0xf59a</load_address>
         <run_address>0xf59a</run_address>
         <size>0x273</size>
         <input_file_ref idref="fl-13"/>
      </object_component>
      <object_component id="oc-263">
         <name>.debug_info</name>
         <load_address>0xf80d</load_address>
         <run_address>0xf80d</run_address>
         <size>0x441</size>
         <input_file_ref idref="fl-14"/>
      </object_component>
      <object_component id="oc-1d2">
         <name>.debug_info</name>
         <load_address>0xfc4e</load_address>
         <run_address>0xfc4e</run_address>
         <size>0x156</size>
         <input_file_ref idref="fl-14"/>
      </object_component>
      <object_component id="oc-140">
         <name>.debug_info</name>
         <load_address>0xfda4</load_address>
         <run_address>0xfda4</run_address>
         <size>0x288</size>
         <input_file_ref idref="fl-14"/>
      </object_component>
      <object_component id="oc-13a">
         <name>.debug_info</name>
         <load_address>0x1002c</load_address>
         <run_address>0x1002c</run_address>
         <size>0x286</size>
         <input_file_ref idref="fl-14"/>
      </object_component>
      <object_component id="oc-82">
         <name>.debug_info</name>
         <load_address>0x102b2</load_address>
         <run_address>0x102b2</run_address>
         <size>0x2be</size>
         <input_file_ref idref="fl-14"/>
      </object_component>
      <object_component id="oc-348">
         <name>.debug_info</name>
         <load_address>0x10570</load_address>
         <run_address>0x10570</run_address>
         <size>0x51</size>
         <input_file_ref idref="fl-14"/>
      </object_component>
      <object_component id="oc-1db">
         <name>.debug_info</name>
         <load_address>0x105c1</load_address>
         <run_address>0x105c1</run_address>
         <size>0x346</size>
         <input_file_ref idref="fl-15"/>
      </object_component>
      <object_component id="oc-88">
         <name>.debug_info</name>
         <load_address>0x10907</load_address>
         <run_address>0x10907</run_address>
         <size>0x26a</size>
         <input_file_ref idref="fl-15"/>
      </object_component>
      <object_component id="oc-8e">
         <name>.debug_info</name>
         <load_address>0x10b71</load_address>
         <run_address>0x10b71</run_address>
         <size>0x230</size>
         <input_file_ref idref="fl-15"/>
      </object_component>
      <object_component id="oc-94">
         <name>.debug_info</name>
         <load_address>0x10da1</load_address>
         <run_address>0x10da1</run_address>
         <size>0x22a</size>
         <input_file_ref idref="fl-15"/>
      </object_component>
      <object_component id="oc-23e">
         <name>.debug_info</name>
         <load_address>0x10fcb</load_address>
         <run_address>0x10fcb</run_address>
         <size>0x3a3</size>
         <input_file_ref idref="fl-16"/>
      </object_component>
      <object_component id="oc-11c">
         <name>.debug_info</name>
         <load_address>0x1136e</load_address>
         <run_address>0x1136e</run_address>
         <size>0x21b</size>
         <input_file_ref idref="fl-16"/>
      </object_component>
      <object_component id="oc-122">
         <name>.debug_info</name>
         <load_address>0x11589</load_address>
         <run_address>0x11589</run_address>
         <size>0x275</size>
         <input_file_ref idref="fl-16"/>
      </object_component>
      <object_component id="oc-ee">
         <name>.debug_info</name>
         <load_address>0x117fe</load_address>
         <run_address>0x117fe</run_address>
         <size>0x403</size>
         <input_file_ref idref="fl-16"/>
      </object_component>
      <object_component id="oc-f4">
         <name>.debug_info</name>
         <load_address>0x11c01</load_address>
         <run_address>0x11c01</run_address>
         <size>0x273</size>
         <input_file_ref idref="fl-16"/>
      </object_component>
      <object_component id="oc-176">
         <name>.debug_info</name>
         <load_address>0x11e74</load_address>
         <run_address>0x11e74</run_address>
         <size>0x275</size>
         <input_file_ref idref="fl-16"/>
      </object_component>
      <object_component id="oc-e8">
         <name>.debug_info</name>
         <load_address>0x120e9</load_address>
         <run_address>0x120e9</run_address>
         <size>0x2ef</size>
         <input_file_ref idref="fl-16"/>
      </object_component>
      <object_component id="oc-e2">
         <name>.debug_info</name>
         <load_address>0x123d8</load_address>
         <run_address>0x123d8</run_address>
         <size>0x2ba</size>
         <input_file_ref idref="fl-16"/>
      </object_component>
      <object_component id="oc-dc">
         <name>.debug_info</name>
         <load_address>0x12692</load_address>
         <run_address>0x12692</run_address>
         <size>0x2bc</size>
         <input_file_ref idref="fl-16"/>
      </object_component>
      <object_component id="oc-33d">
         <name>.debug_info</name>
         <load_address>0x1294e</load_address>
         <run_address>0x1294e</run_address>
         <size>0x86</size>
         <input_file_ref idref="fl-16"/>
      </object_component>
      <object_component id="oc-226">
         <name>.debug_info</name>
         <load_address>0x129d4</load_address>
         <run_address>0x129d4</run_address>
         <size>0x21b</size>
         <input_file_ref idref="fl-17"/>
      </object_component>
      <object_component id="oc-210">
         <name>.debug_info</name>
         <load_address>0x12bef</load_address>
         <run_address>0x12bef</run_address>
         <size>0x1cb</size>
         <input_file_ref idref="fl-cd"/>
      </object_component>
      <object_component id="oc-395">
         <name>.debug_info</name>
         <load_address>0x12dba</load_address>
         <run_address>0x12dba</run_address>
         <size>0x363</size>
         <input_file_ref idref="fl-ce"/>
      </object_component>
      <object_component id="oc-387">
         <name>.debug_info</name>
         <load_address>0x1311d</load_address>
         <run_address>0x1311d</run_address>
         <size>0x128</size>
         <input_file_ref idref="fl-ce"/>
      </object_component>
      <object_component id="oc-2ea">
         <name>.debug_info</name>
         <load_address>0x13245</load_address>
         <run_address>0x13245</run_address>
         <size>0xbdf</size>
         <input_file_ref idref="fl-ce"/>
      </object_component>
      <object_component id="oc-3e5">
         <name>.debug_info</name>
         <load_address>0x13e24</load_address>
         <run_address>0x13e24</run_address>
         <size>0x46</size>
         <input_file_ref idref="fl-ce"/>
      </object_component>
      <object_component id="oc-390">
         <name>.debug_info</name>
         <load_address>0x13e6a</load_address>
         <run_address>0x13e6a</run_address>
         <size>0x39</size>
         <input_file_ref idref="fl-ce"/>
      </object_component>
      <object_component id="oc-3d0">
         <name>.debug_info</name>
         <load_address>0x13ea3</load_address>
         <run_address>0x13ea3</run_address>
         <size>0x2ca</size>
         <input_file_ref idref="fl-cf"/>
      </object_component>
      <object_component id="oc-37c">
         <name>.debug_info</name>
         <load_address>0x1416d</load_address>
         <run_address>0x1416d</run_address>
         <size>0x24e</size>
         <input_file_ref idref="fl-cf"/>
      </object_component>
      <object_component id="oc-3ac">
         <name>.debug_info</name>
         <load_address>0x143bb</load_address>
         <run_address>0x143bb</run_address>
         <size>0x2b0</size>
         <input_file_ref idref="fl-d0"/>
      </object_component>
      <object_component id="oc-324">
         <name>.debug_info</name>
         <load_address>0x1466b</load_address>
         <run_address>0x1466b</run_address>
         <size>0x219</size>
         <input_file_ref idref="fl-d0"/>
      </object_component>
      <object_component id="oc-3df">
         <name>.debug_info</name>
         <load_address>0x14884</load_address>
         <run_address>0x14884</run_address>
         <size>0x2fd</size>
         <input_file_ref idref="fl-d1"/>
      </object_component>
      <object_component id="oc-38c">
         <name>.debug_info</name>
         <load_address>0x14b81</load_address>
         <run_address>0x14b81</run_address>
         <size>0x225</size>
         <input_file_ref idref="fl-d1"/>
      </object_component>
      <object_component id="oc-410">
         <name>.debug_info</name>
         <load_address>0x14da6</load_address>
         <run_address>0x14da6</run_address>
         <size>0x39</size>
         <input_file_ref idref="fl-d1"/>
      </object_component>
      <object_component id="oc-3e0">
         <name>.debug_info</name>
         <load_address>0x14ddf</load_address>
         <run_address>0x14ddf</run_address>
         <size>0x2c</size>
         <input_file_ref idref="fl-d1"/>
      </object_component>
      <object_component id="oc-31e">
         <name>.debug_info</name>
         <load_address>0x14e0b</load_address>
         <run_address>0x14e0b</run_address>
         <size>0x178</size>
         <input_file_ref idref="fl-d2"/>
      </object_component>
      <object_component id="oc-1bb">
         <name>.debug_info</name>
         <load_address>0x14f83</load_address>
         <run_address>0x14f83</run_address>
         <size>0x147</size>
         <input_file_ref idref="fl-d3"/>
      </object_component>
      <object_component id="oc-206">
         <name>.debug_info</name>
         <load_address>0x150ca</load_address>
         <run_address>0x150ca</run_address>
         <size>0x14c</size>
         <input_file_ref idref="fl-d4"/>
      </object_component>
      <object_component id="oc-316">
         <name>.debug_info</name>
         <load_address>0x15216</load_address>
         <run_address>0x15216</run_address>
         <size>0x128</size>
         <input_file_ref idref="fl-d5"/>
      </object_component>
      <object_component id="oc-311">
         <name>.debug_info</name>
         <load_address>0x1533e</load_address>
         <run_address>0x1533e</run_address>
         <size>0x12a</size>
         <input_file_ref idref="fl-d5"/>
      </object_component>
      <object_component id="oc-21e">
         <name>.debug_info</name>
         <load_address>0x15468</load_address>
         <run_address>0x15468</run_address>
         <size>0x13a</size>
         <input_file_ref idref="fl-d6"/>
      </object_component>
      <object_component id="oc-20b">
         <name>.debug_info</name>
         <load_address>0x155a2</load_address>
         <run_address>0x155a2</run_address>
         <size>0x13a</size>
         <input_file_ref idref="fl-d7"/>
      </object_component>
      <object_component id="oc-327">
         <name>.debug_info</name>
         <load_address>0x156dc</load_address>
         <run_address>0x156dc</run_address>
         <size>0x12e</size>
         <input_file_ref idref="fl-d8"/>
      </object_component>
      <object_component id="oc-2ed">
         <name>.debug_info</name>
         <load_address>0x1580a</load_address>
         <run_address>0x1580a</run_address>
         <size>0x13e</size>
         <input_file_ref idref="fl-d9"/>
      </object_component>
      <object_component id="oc-219">
         <name>.debug_info</name>
         <load_address>0x15948</load_address>
         <run_address>0x15948</run_address>
         <size>0x12c</size>
         <input_file_ref idref="fl-da"/>
      </object_component>
      <object_component id="oc-201">
         <name>.debug_info</name>
         <load_address>0x15a74</load_address>
         <run_address>0x15a74</run_address>
         <size>0x12e</size>
         <input_file_ref idref="fl-db"/>
      </object_component>
      <object_component id="oc-1b8">
         <name>.debug_info</name>
         <load_address>0x15ba2</load_address>
         <run_address>0x15ba2</run_address>
         <size>0x2d4</size>
         <input_file_ref idref="fl-dc"/>
      </object_component>
      <object_component id="oc-5a">
         <name>.debug_info</name>
         <load_address>0x15e76</load_address>
         <run_address>0x15e76</run_address>
         <size>0x1d2</size>
         <input_file_ref idref="fl-dc"/>
      </object_component>
      <object_component id="oc-1b3">
         <name>.debug_info</name>
         <load_address>0x16048</load_address>
         <run_address>0x16048</run_address>
         <size>0x46</size>
         <input_file_ref idref="fl-dc"/>
      </object_component>
      <object_component id="oc-28f">
         <name>.debug_info</name>
         <load_address>0x1608e</load_address>
         <run_address>0x1608e</run_address>
         <size>0x2c</size>
         <input_file_ref idref="fl-dc"/>
      </object_component>
      <object_component id="oc-58">
         <name>.debug_info</name>
         <load_address>0x160ba</load_address>
         <run_address>0x160ba</run_address>
         <size>0x2a8</size>
         <input_file_ref idref="fl-dd"/>
      </object_component>
      <object_component id="oc-1c">
         <name>.debug_info</name>
         <load_address>0x16362</load_address>
         <run_address>0x16362</run_address>
         <size>0x1ea</size>
         <input_file_ref idref="fl-dd"/>
      </object_component>
      <object_component id="oc-53">
         <name>.debug_info</name>
         <load_address>0x1654c</load_address>
         <run_address>0x1654c</run_address>
         <size>0x46</size>
         <input_file_ref idref="fl-dd"/>
      </object_component>
      <object_component id="oc-1ab">
         <name>.debug_info</name>
         <load_address>0x16592</load_address>
         <run_address>0x16592</run_address>
         <size>0x2c</size>
         <input_file_ref idref="fl-dd"/>
      </object_component>
      <object_component id="oc-1a9">
         <name>.debug_info</name>
         <load_address>0x165be</load_address>
         <run_address>0x165be</run_address>
         <size>0x29e</size>
         <input_file_ref idref="fl-de"/>
      </object_component>
      <object_component id="oc-16">
         <name>.debug_info</name>
         <load_address>0x1685c</load_address>
         <run_address>0x1685c</run_address>
         <size>0x250</size>
         <input_file_ref idref="fl-de"/>
      </object_component>
      <object_component id="oc-43">
         <name>.debug_info</name>
         <load_address>0x16aac</load_address>
         <run_address>0x16aac</run_address>
         <size>0x60</size>
         <input_file_ref idref="fl-de"/>
      </object_component>
      <object_component id="oc-288">
         <name>.debug_info</name>
         <load_address>0x16b0c</load_address>
         <run_address>0x16b0c</run_address>
         <size>0x46</size>
         <input_file_ref idref="fl-de"/>
      </object_component>
      <object_component id="oc-1a4">
         <name>.debug_info</name>
         <load_address>0x16b52</load_address>
         <run_address>0x16b52</run_address>
         <size>0x39</size>
         <input_file_ref idref="fl-de"/>
      </object_component>
      <object_component id="oc-2e5">
         <name>.debug_info</name>
         <load_address>0x16b8b</load_address>
         <run_address>0x16b8b</run_address>
         <size>0x2d7</size>
         <input_file_ref idref="fl-df"/>
      </object_component>
      <object_component id="oc-1df">
         <name>.debug_info</name>
         <load_address>0x16e62</load_address>
         <run_address>0x16e62</run_address>
         <size>0x1d8</size>
         <input_file_ref idref="fl-df"/>
      </object_component>
      <object_component id="oc-3f3">
         <name>.debug_info</name>
         <load_address>0x1703a</load_address>
         <run_address>0x1703a</run_address>
         <size>0x2c7</size>
         <input_file_ref idref="fl-e0"/>
      </object_component>
      <object_component id="oc-416">
         <name>.debug_info</name>
         <load_address>0x17301</load_address>
         <run_address>0x17301</run_address>
         <size>0x105</size>
         <input_file_ref idref="fl-e0"/>
      </object_component>
      <object_component id="oc-3ed">
         <name>.debug_info</name>
         <load_address>0x17406</load_address>
         <run_address>0x17406</run_address>
         <size>0x1a4</size>
         <input_file_ref idref="fl-e0"/>
      </object_component>
      <object_component id="oc-39f">
         <name>.debug_info</name>
         <load_address>0x175aa</load_address>
         <run_address>0x175aa</run_address>
         <size>0x181</size>
         <input_file_ref idref="fl-e0"/>
      </object_component>
      <object_component id="oc-41b">
         <name>.debug_info</name>
         <load_address>0x1772b</load_address>
         <run_address>0x1772b</run_address>
         <size>0x2c</size>
         <input_file_ref idref="fl-e0"/>
      </object_component>
      <object_component id="oc-3d5">
         <name>.debug_info</name>
         <load_address>0x17757</load_address>
         <run_address>0x17757</run_address>
         <size>0x289</size>
         <input_file_ref idref="fl-e1"/>
      </object_component>
      <object_component id="oc-3d2">
         <name>.debug_info</name>
         <load_address>0x179e0</load_address>
         <run_address>0x179e0</run_address>
         <size>0x10e</size>
         <input_file_ref idref="fl-e1"/>
      </object_component>
      <object_component id="oc-381">
         <name>.debug_info</name>
         <load_address>0x17aee</load_address>
         <run_address>0x17aee</run_address>
         <size>0x14e</size>
         <input_file_ref idref="fl-e1"/>
      </object_component>
      <object_component id="oc-25">
         <name>.debug_info</name>
         <load_address>0x17c3c</load_address>
         <run_address>0x17c3c</run_address>
         <size>0x10b</size>
         <input_file_ref idref="fl-e2"/>
      </object_component>
      <object_component id="oc-6c">
         <name>.debug_info</name>
         <load_address>0x17d47</load_address>
         <run_address>0x17d47</run_address>
         <size>0x1a9</size>
         <input_file_ref idref="fl-e2"/>
      </object_component>
      <object_component id="oc-3d9">
         <name>.debug_info</name>
         <load_address>0x17ef0</load_address>
         <run_address>0x17ef0</run_address>
         <size>0x161</size>
         <input_file_ref idref="fl-e3"/>
      </object_component>
      <object_component id="oc-3f5">
         <name>.debug_info</name>
         <load_address>0x18051</load_address>
         <run_address>0x18051</run_address>
         <size>0x28f</size>
         <input_file_ref idref="fl-e4"/>
      </object_component>
      <object_component id="oc-3a7">
         <name>.debug_info</name>
         <load_address>0x182e0</load_address>
         <run_address>0x182e0</run_address>
         <size>0x22a</size>
         <input_file_ref idref="fl-e4"/>
      </object_component>
      <object_component id="oc-50">
         <name>.debug_info</name>
         <load_address>0x1850a</load_address>
         <run_address>0x1850a</run_address>
         <size>0x119</size>
         <input_file_ref idref="fl-e5"/>
      </object_component>
      <object_component id="oc-363">
         <name>.debug_info</name>
[...]
      </symbol>
      <symbol id="sm-339">
         <name>main</name>
         <value>0x3db9</value>
         <object_component_ref idref="oc-2d"/>
      </symbol>
      <symbol id="sm-33a">
         <name>preBuffer</name>
         <value>0x20000e04</value>
         <object_component_ref idref="oc-cf"/>
      </symbol>
      <symbol id="sm-33b">
         <name>prebuffer_filling</name>
         <value>0x2000111c</value>
         <object_component_ref idref="oc-b7"/>
      </symbol>
      <symbol id="sm-33c">
         <name>trigger_edge</name>
         <value>0x2000111a</value>
         <object_component_ref idref="oc-b7"/>
      </symbol>
      <symbol id="sm-33d">
         <name>samples_per_division</name>
         <value>0x20001124</value>
         <object_component_ref idref="oc-b7"/>
      </symbol>
      <symbol id="sm-33e">
         <name>available_frequencies</name>
         <value>0x200010ec</value>
         <object_component_ref idref="oc-18d"/>
      </symbol>
      <symbol id="sm-351">
         <name>timer_set_frequency</name>
         <value>0x4961</value>
         <object_component_ref idref="oc-a5"/>
      </symbol>
      <symbol id="sm-352">
         <name>timer_deactivate</name>
         <value>0x4a11</value>
         <object_component_ref idref="oc-a5"/>
      </symbol>
      <symbol id="sm-353">
         <name>timer_init</name>
         <value>0x4991</value>
         <object_component_ref idref="oc-a5"/>
      </symbol>
      <symbol id="sm-354">
         <name>timer_activate</name>
         <value>0x4a29</value>
         <object_component_ref idref="oc-a5"/>
      </symbol>
      <symbol id="sm-370">
         <name>ResetISR</name>
         <value>0x5579</value>
         <object_component_ref idref="oc-27"/>
      </symbol>
      <symbol id="sm-371">
         <name>g_pfnVectors</name>
         <value>0x0</value>
         <object_component_ref idref="oc-12"/>
      </symbol>
      <symbol id="sm-399">
         <name>uart_put_uint</name>
         <value>0x3b21</value>
         <object_component_ref idref="oc-99"/>
      </symbol>
      <symbol id="sm-39a">
         <name>uart_put_int</name>
         <value>0x3ba1</value>
         <object_component_ref idref="oc-99"/>
      </symbol>
      <symbol id="sm-39b">
         <name>uart_set_baud</name>
         <value>0x3a59</value>
         <object_component_ref idref="oc-99"/>
      </symbol>
      <symbol id="sm-39c">
         <name>UART0RXIntHandler</name>
         <value>0x3d89</value>
         <object_component_ref idref="oc-99"/>
      </symbol>
      <symbol id="sm-39d">
         <name>uart_init</name>
         <value>0x3cd9</value>
         <object_component_ref idref="oc-99"/>
      </symbol>
      <symbol id="sm-39e">
         <name>uart_put_s</name>
         <value>0x3ac1</value>
         <object_component_ref idref="oc-99"/>
      </symbol>
      <symbol id="sm-39f">
         <name>uart_put_c</name>
         <value>0x3a81</value>
         <object_component_ref idref="oc-99"/>
      </symbol>
      <symbol id="sm-3a0">
         <name>uart_put_float</name>
         <value>0x3c51</value>
         <object_component_ref idref="oc-99"/>
      </symbol>
      <symbol id="sm-3df">
         <name>menu_level</name>
         <value>0x200010c0</value>
         <object_component_ref idref="oc-187"/>
      </symbol>
      <symbol id="sm-3e0">
         <name>rotary_count</name>
         <value>0x20001140</value>
         <object_component_ref idref="oc-18a"/>
      </symbol>
      <symbol id="sm-3e1">
         <name>ui_init</name>
         <value>0x34f1</value>
         <object_component_ref idref="oc-39"/>
      </symbol>
      <symbol id="sm-3e2">
         <name>ui_update</name>
         <value>0x3219</value>
         <object_component_ref idref="oc-39"/>
      </symbol>
      <symbol id="sm-3e3">
         <name>menu_column</name>
         <value>0x200010c2</value>
         <object_component_ref idref="oc-187"/>
      </symbol>
      <symbol id="sm-3e4">
         <name>menu_row</name>
         <value>0x200010c1</value>
         <object_component_ref idref="oc-187"/>
      </symbol>
      <symbol id="sm-3e5">
         <name>trig_string</name>
         <value>0x200010d4</value>
         <object_component_ref idref="oc-187"/>
      </symbol>
      <symbol id="sm-3e6">
         <name>GPIODIntHandler</name>
         <value>0x35a1</value>
         <object_component_ref idref="oc-39"/>
      </symbol>
      <symbol id="sm-3e7">
         <name>menu_refresh</name>
         <value>0x200010c8</value>
         <object_component_ref idref="oc-187"/>
      </symbol>
      <symbol id="sm-3e8">
         <name>button_count</name>
         <value>0x20001141</value>
         <object_component_ref idref="oc-18a"/>
      </symbol>
      <symbol id="sm-446">
         <name>ADCIntEnableEx</name>
         <value>0x56d3</value>
         <object_component_ref idref="oc-133"/>
      </symbol>
      <symbol id="sm-447">
         <name>ADCSequenceDMAEnable</name>
         <value>0x561d</value>
         <object_component_ref idref="oc-127"/>
      </symbol>
      <symbol id="sm-448">
         <name>ADCSequenceEnable</name>
         <value>0x5679</value>
         <object_component_ref idref="oc-115"/>
      </symbol>
      <symbol id="sm-449">
         <name>ADCSequenceConfigure</name>
         <value>0x5177</value>
         <object_component_ref idref="oc-109"/>
      </symbol>
      <symbol id="sm-44a">
         <name>ADCSequenceStepConfigure</name>
         <value>0x4db1</value>
         <object_component_ref idref="oc-10f"/>
      </symbol>
      <symbol id="sm-44b">
         <name>ADCIntClear</name>
         <value>0x56c9</value>
         <object_component_ref idref="oc-17b"/>
      </symbol>
      <symbol id="sm-44c">
         <name>ADCHardwareOversampleConfigure</name>
         <value>0x565d</value>
         <object_component_ref idref="oc-fd"/>
      </symbol>
      <symbol id="sm-44d">
         <name>ADCSequenceDisable</name>
         <value>0x566b</value>
         <object_component_ref idref="oc-103"/>
      </symbol>
      <symbol id="sm-4c1">
         <name>GPIOPinConfigure</name>
         <value>0x51c5</value>
         <object_component_ref idref="oc-1ea"/>
      </symbol>
      <symbol id="sm-4c2">
         <name>GPIOIntEnable</name>
         <value>0x56af</value>
         <object_component_ref idref="oc-151"/>
      </symbol>
      <symbol id="sm-4c3">
         <name>GPIOIntTypeSet</name>
         <value>0x511f</value>
         <object_component_ref idref="oc-14b"/>
      </symbol>
      <symbol id="sm-4c4">
         <name>GPIOPinTypeGPIOInput</name>
         <value>0x55dd</value>
         <object_component_ref idref="oc-145"/>
      </symbol>
      <symbol id="sm-4c5">
         <name>GPIOIntClear</name>
         <value>0x56e5</value>
         <object_component_ref idref="oc-15d"/>
      </symbol>
      <symbol id="sm-4c6">
         <name>GPIOIntStatus</name>
         <value>0x5687</value>
         <object_component_ref idref="oc-157"/>
      </symbol>
      <symbol id="sm-4c7">
         <name>GPIOPinRead</name>
         <value>0x56eb</value>
         <object_component_ref idref="oc-c0"/>
      </symbol>
      <symbol id="sm-4c8">
         <name>GPIODirModeSet</name>
         <value>0x54ad</value>
         <object_component_ref idref="oc-265"/>
      </symbol>
      <symbol id="sm-4c9">
         <name>GPIOPinWrite</name>
         <value>0x56f1</value>
         <object_component_ref idref="oc-169"/>
      </symbol>
      <symbol id="sm-4ca">
         <name>GPIOPadConfigSet</name>
         <value>0x4149</value>
         <object_component_ref idref="oc-190"/>
      </symbol>
      <symbol id="sm-4cb">
         <name>GPIOUnlockPin</name>
         <value>0x5595</value>
         <object_component_ref idref="oc-196"/>
      </symbol>
      <symbol id="sm-51e">
         <name>IntPrioritySet</name>
         <value>0x54d9</value>
         <object_component_ref idref="oc-12d"/>
      </symbol>
      <symbol id="sm-51f">
         <name>IntEnable</name>
         <value>0x4fe9</value>
         <object_component_ref idref="oc-d5"/>
      </symbol>
      <symbol id="sm-520">
         <name>IntDisable</name>
         <value>0x4f81</value>
         <object_component_ref idref="oc-163"/>
      </symbol>
      <symbol id="sm-521">
         <name>IntMasterEnable</name>
         <value>0x562d</value>
         <object_component_ref idref="oc-b1"/>
      </symbol>
      <symbol id="sm-569">
         <name>SysCtlDelay</name>
         <value>0x56f7</value>
         <object_component_ref idref="oc-80"/>
      </symbol>
      <symbol id="sm-56a">
         <name>SysCtlPeripheralEnable</name>
         <value>0x53e9</value>
         <object_component_ref idref="oc-139"/>
      </symbol>
      <symbol id="sm-56b">
         <name>SysCtlClockGet</name>
         <value>0x4545</value>
         <object_component_ref idref="oc-81"/>
      </symbol>
      <symbol id="sm-56c">
         <name>SysCtlPeripheralReady</name>
         <value>0x53b1</value>
         <object_component_ref idref="oc-13f"/>
      </symbol>
      <symbol id="sm-58f">
         <name>SysTickEnable</name>
         <value>0x55f5</value>
         <object_component_ref idref="oc-93"/>
      </symbol>
      <symbol id="sm-590">
         <name>SysTickIntEnable</name>
         <value>0x5609</value>
         <object_component_ref idref="oc-8d"/>
      </symbol>
      <symbol id="sm-591">
         <name>SysTickPeriodSet</name>
         <value>0x563d</value>
         <object_component_ref idref="oc-87"/>
      </symbol>
      <symbol id="sm-5fa">
         <name>uDMAChannelControlSet</name>
         <value>0x54fd</value>
         <object_component_ref idref="oc-e7"/>
      </symbol>
      <symbol id="sm-5fb">
         <name>uDMAChannelDisable</name>
         <value>0x55ad</value>
         <object_component_ref idref="oc-175"/>
      </symbol>
      <symbol id="sm-5fc">
         <name>uDMAChannelAttributeEnable</name>
         <value>0x5331</value>
         <object_component_ref idref="oc-e1"/>
      </symbol>
      <symbol id="sm-5fd">
         <name>uDMAChannelTransferSet</name>
         <value>0x4d35</value>
         <object_component_ref idref="oc-ed"/>
      </symbol>
      <symbol id="sm-5fe">
         <name>uDMAEnable</name>
         <value>0x564d</value>
         <object_component_ref idref="oc-11b"/>
      </symbol>
      <symbol id="sm-5ff">
         <name>uDMAControlBaseSet</name>
         <value>0x56bd</value>
         <object_component_ref idref="oc-121"/>
      </symbol>
      <symbol id="sm-600">
         <name>uDMAChannelAttributeDisable</name>
         <value>0x52a5</value>
         <object_component_ref idref="oc-db"/>
      </symbol>
      <symbol id="sm-601">
         <name>uDMAChannelEnable</name>
         <value>0x55c5</value>
         <object_component_ref idref="oc-f3"/>
      </symbol>
      <symbol id="sm-60b">
         <name>CPUcpsie</name>
         <value>0x56a3</value>
         <object_component_ref idref="oc-225"/>
      </symbol>
      <symbol id="sm-61a">
         <name>lround</name>
         <value>0x5211</value>
         <object_component_ref idref="oc-20f"/>
      </symbol>
      <symbol id="sm-6b1">
         <name>pow</name>
         <value>0x1cad</value>
         <object_component_ref idref="oc-2e6"/>
      </symbol>
      <symbol id="sm-6b2">
         <name>powl</name>
         <value>0x1cad</value>
         <object_component_ref idref="oc-2e6"/>
      </symbol>
      <symbol id="sm-6d4">
         <name>sqrtl</name>
         <value>0x42b5</value>
         <object_component_ref idref="oc-37a"/>
      </symbol>
      <symbol id="sm-6d5">
         <name>sqrt</name>
         <value>0x42b5</value>
         <object_component_ref idref="oc-37a"/>
      </symbol>
      <symbol id="sm-6ed">
         <name>roundl</name>
         <value>0x4a51</value>
         <object_component_ref idref="oc-320"/>
      </symbol>
      <symbol id="sm-6ee">
         <name>round</name>
         <value>0x4a51</value>
         <object_component_ref idref="oc-320"/>
      </symbol>
      <symbol id="sm-715">
         <name>scalbn</name>
         <value>0x465d</value>
         <object_component_ref idref="oc-389"/>
      </symbol>
      <symbol id="sm-716">
         <name>scalbnl</name>
         <value>0x465d</value>
         <object_component_ref idref="oc-389"/>
      </symbol>
      <symbol id="sm-717">
         <name>ldexpl</name>
         <value>0x465d</value>
         <object_component_ref idref="oc-389"/>
      </symbol>
      <symbol id="sm-718">
         <name>ldexp</name>
         <value>0x465d</value>
         <object_component_ref idref="oc-389"/>
      </symbol>
      <symbol id="sm-722">
         <name>__softfloat_float_raise</name>
         <value>0x56fd</value>
         <object_component_ref idref="oc-31a"/>
      </symbol>
      <symbol id="sm-731">
         <name>__aeabi_memset</name>
         <value>0x4e2d</value>
         <object_component_ref idref="oc-1b9"/>
      </symbol>
      <symbol id="sm-732">
         <name>memset</name>
         <value>0x4e33</value>
         <object_component_ref idref="oc-1b9"/>
      </symbol>
      <symbol id="sm-733">
         <name>__aeabi_memset8</name>
         <value>0x4e2d</value>
         <object_component_ref idref="oc-1b9"/>
      </symbol>
      <symbol id="sm-734">
         <name>__aeabi_memset4</name>
         <value>0x4e2d</value>
         <object_component_ref idref="oc-1b9"/>
      </symbol>
      <symbol id="sm-735">
         <name>__aeabi_memclr8</name>
         <value>0x4e2b</value>
         <object_component_ref idref="oc-1b9"/>
      </symbol>
      <symbol id="sm-736">
         <name>__aeabi_memclr4</name>
         <value>0x4e2b</value>
         <object_component_ref idref="oc-1b9"/>
      </symbol>
      <symbol id="sm-737">
         <name>__aeabi_memclr</name>
         <value>0x4e2b</value>
         <object_component_ref idref="oc-1b9"/>
      </symbol>
      <symbol id="sm-74e">
         <name>__aeabi_dsub</name>
         <value>0x3f91</value>
         <object_component_ref idref="oc-205"/>
      </symbol>
      <symbol id="sm-74f">
         <name>__aeabi_dadd</name>
         <value>0x3f9b</value>
         <object_component_ref idref="oc-205"/>
      </symbol>
      <symbol id="sm-771">
         <name>__aeabi_cdcmpeq</name>
         <value>0x4bad</value>
         <object_component_ref idref="oc-315"/>
      </symbol>
      <symbol id="sm-772">
         <name>__aeabi_cdcmple</name>
         <value>0x4bad</value>
         <object_component_ref idref="oc-315"/>
      </symbol>
      <symbol id="sm-773">
         <name>__aeabi_cdrcmple</name>
         <value>0x4c33</value>
         <object_component_ref idref="oc-310"/>
      </symbol>
      <symbol id="sm-787">
         <name>__aeabi_ddiv</name>
         <value>0x440d</value>
         <object_component_ref idref="oc-21d"/>
      </symbol>
      <symbol id="sm-792">
         <name>__aeabi_dmul</name>
         <value>0x476d</value>
         <object_component_ref idref="oc-20a"/>
      </symbol>
      <symbol id="sm-79c">
         <name>__aeabi_d2iz</name>
         <value>0x525d</value>
         <object_component_ref idref="oc-326"/>
      </symbol>
      <symbol id="sm-7a8">
         <name>__aeabi_d2f</name>
         <value>0x4f13</value>
         <object_component_ref idref="oc-2ec"/>
      </symbol>
      <symbol id="sm-7b2">
         <name>__aeabi_i2d</name>
         <value>0x547f</value>
         <object_component_ref idref="oc-218"/>
      </symbol>
      <symbol id="sm-7bc">
         <name>__aeabi_ui2d</name>
         <value>0x5521</value>
         <object_component_ref idref="oc-200"/>
      </symbol>
      <symbol id="sm-7d5">
         <name>__TI_zero_init_nomemset</name>
         <value>0x5541</value>
         <object_component_ref idref="oc-59"/>
      </symbol>
      <symbol id="sm-7ec">
         <name>__TI_decompress_none</name>
         <value>0x5695</value>
         <object_component_ref idref="oc-1b"/>
      </symbol>
      <symbol id="sm-80f">
         <name>__TI_decompress_lzss</name>
         <value>0x5051</value>
         <object_component_ref idref="oc-15"/>
      </symbol>
      <symbol id="sm-820">
         <name>ltoa</name>
         <value>0x4ea5</value>
         <object_component_ref idref="oc-1de"/>
      </symbol>
      <symbol id="sm-848">
         <name>raise</name>
         <value>0x5451</value>
         <object_component_ref idref="oc-39e"/>
      </symbol>
      <symbol id="sm-849">
         <name>signal</name>
         <value>0x5375</value>
         <object_component_ref idref="oc-3ec"/>
      </symbol>
      <symbol id="sm-85f">
         <name>__aeabi_errno_addr</name>
         <value>0x56dd</value>
         <object_component_ref idref="oc-380"/>
      </symbol>
      <symbol id="sm-860">
         <name>errno</name>
         <value>0x2000113c</value>
         <object_component_ref idref="oc-3d1"/>
      </symbol>
      <symbol id="sm-873">
         <name>__stack</name>
         <value>0x20001148</value>
         <object_component_ref idref="oc-24"/>
      </symbol>
      <symbol id="sm-874">
         <name>_c_int00_noargs</name>
         <value>0x541d</value>
         <object_component_ref idref="oc-6b"/>
      </symbol>
      <symbol id="sm-87e">
         <name>copysign</name>
         <value>0x555d</value>
         <object_component_ref idref="oc-3d8"/>
      </symbol>
      <symbol id="sm-87f">
         <name>copysignl</name>
         <value>0x555d</value>
         <object_component_ref idref="oc-3d8"/>
      </symbol>
      <symbol id="sm-89c">
         <name>floorl</name>
         <value>0x4869</value>
         <object_component_ref idref="oc-3a5"/>
      </symbol>
      <symbol id="sm-89d">
         <name>floor</name>
         <value>0x4869</value>
         <object_component_ref idref="oc-3a5"/>
      </symbol>
      <symbol id="sm-8b8">
         <name>memcpy</name>
         <value>0x4b11</value>
         <object_component_ref idref="oc-4d"/>
      </symbol>
      <symbol id="sm-8b9">
         <name>__aeabi_memcpy</name>
         <value>0x4b11</value>
         <object_component_ref idref="oc-4d"/>
      </symbol>
      <symbol id="sm-8ba">
         <name>__aeabi_memcpy8</name>
         <value>0x4b11</value>
         <object_component_ref idref="oc-4d"/>
      </symbol>
      <symbol id="sm-8bb">
         <name>__aeabi_memcpy4</name>
         <value>0x4b11</value>
         <object_component_ref idref="oc-4d"/>
      </symbol>
      <symbol id="sm-8e3">
         <name>__TI_auto_init_nobinit_nopinit</name>
         <value>0x52ed</value>
         <object_component_ref idref="oc-2a4"/>
      </symbol>
      <symbol id="sm-8ed">
         <name>_system_pre_init</name>
         <value>0x266d</value>
         <object_component_ref idref="oc-1bf"/>
      </symbol>
      <symbol id="sm-8f9">
         <name>C$$EXIT</name>
         <value>0x2d15</value>
         <object_component_ref idref="oc-298"/>
      </symbol>
      <symbol id="sm-8fa">
         <name>abort</name>
         <value>0x2d15</value>
         <object_component_ref idref="oc-298"/>
      </symbol>
      <symbol id="sm-90f">
         <name>_nop</name>
         <value>0x3215</value>
         <object_component_ref idref="oc-3b0"/>
      </symbol>
      <symbol id="sm-910">
         <name>_lock</name>
         <value>0x20001130</value>
         <object_component_ref idref="oc-35c"/>
      </symbol>
      <symbol id="sm-911">
         <name>_unlock</name>
         <value>0x20001134</value>
         <object_component_ref idref="oc-35c"/>
      </symbol>
      <symbol id="sm-913">
         <name>__TI_static_base__</name>
         <value>0x0</value>
      </symbol>
      <symbol id="sm-916">
         <name>__mpu_init</name>
         <value>0x0</value>
      </symbol>
      <symbol id="sm-917">
         <name>_system_post_cinit</name>
         <value>0x0</value>
      </symbol>
   </symbol_table>
   <title>Link successful</title>
</link_info>
